Archive member included because of file (symbol)

C:\Users\mosta\AppData\Local\Temp\VMBuilds\TinyBeep_Demo\arduino_zero_native\Debug/core.a(cortex_handlers.c.o)
                              (Reset_Handler)
C:\Users\mosta\AppData\Local\Temp\VMBuilds\TinyBeep_Demo\arduino_zero_native\Debug/core.a(delay.c.o)
                              C:\Users\mosta\AppData\Local\Temp\VMBuilds\TinyBeep_Demo\arduino_zero_native\Debug\TinyBeep_Demo.cpp.o (delay)
C:\Users\mosta\AppData\Local\Temp\VMBuilds\TinyBeep_Demo\arduino_zero_native\Debug/core.a(hooks.c.o)
                              C:\Users\mosta\AppData\Local\Temp\VMBuilds\TinyBeep_Demo\arduino_zero_native\Debug/core.a(delay.c.o) (yield)
C:\Users\mosta\AppData\Local\Temp\VMBuilds\TinyBeep_Demo\arduino_zero_native\Debug/core.a(startup.c.o)
                              C:\Users\mosta\AppData\Local\Temp\VMBuilds\TinyBeep_Demo\arduino_zero_native\Debug/core.a(cortex_handlers.c.o) (SystemInit)
C:\Users\mosta\AppData\Local\Temp\VMBuilds\TinyBeep_Demo\arduino_zero_native\Debug/core.a(wiring.c.o)
                              C:\Users\mosta\AppData\Local\Temp\VMBuilds\TinyBeep_Demo\arduino_zero_native\Debug/core.a(startup.c.o) (SystemCoreClock)
C:\Users\mosta\AppData\Local\Temp\VMBuilds\TinyBeep_Demo\arduino_zero_native\Debug/core.a(wiring_analog.c.o)
                              C:\Users\mosta\AppData\Local\Temp\VMBuilds\TinyBeep_Demo\arduino_zero_native\Debug/core.a(wiring.c.o) (analogReference)
C:\Users\mosta\AppData\Local\Temp\VMBuilds\TinyBeep_Demo\arduino_zero_native\Debug/core.a(wiring_digital.c.o)
                              C:\Users\mosta\AppData\Local\Temp\VMBuilds\TinyBeep_Demo\arduino_zero_native\Debug\TinyBeep_Demo.cpp.o (pinMode)
C:\Users\mosta\AppData\Local\Temp\VMBuilds\TinyBeep_Demo\arduino_zero_native\Debug/core.a(wiring_private.c.o)
                              C:\Users\mosta\AppData\Local\Temp\VMBuilds\TinyBeep_Demo\arduino_zero_native\Debug\Wire\Wire.cpp.o (pinPeripheral)
C:\Users\mosta\AppData\Local\Temp\VMBuilds\TinyBeep_Demo\arduino_zero_native\Debug/core.a(abi.cpp.o)
                              C:\Users\mosta\AppData\Local\Temp\VMBuilds\TinyBeep_Demo\arduino_zero_native\Debug\Wire\Wire.cpp.o (__cxa_pure_virtual)
C:\Users\mosta\AppData\Local\Temp\VMBuilds\TinyBeep_Demo\arduino_zero_native\Debug/core.a(main.cpp.o)
                              c:/users/mosta/appdata/local/arduino15/packages/arduino/tools/arm-none-eabi-gcc/4.8.3-2014q1/bin/../lib/gcc/arm-none-eabi/4.8.3/../../../../arm-none-eabi/lib/armv6-m/crt0.o (main)
C:\Users\mosta\AppData\Local\Temp\VMBuilds\TinyBeep_Demo\arduino_zero_native\Debug/core.a(Print.cpp.o)
                              C:\Users\mosta\AppData\Local\Temp\VMBuilds\TinyBeep_Demo\arduino_zero_native\Debug\Wire\Wire.cpp.o (Print::write(unsigned char const*, unsigned int))
C:\Users\mosta\AppData\Local\Temp\VMBuilds\TinyBeep_Demo\arduino_zero_native\Debug/core.a(Reset.cpp.o)
                              C:\Users\mosta\AppData\Local\Temp\VMBuilds\TinyBeep_Demo\arduino_zero_native\Debug/core.a(delay.c.o) (tickReset)
C:\Users\mosta\AppData\Local\Temp\VMBuilds\TinyBeep_Demo\arduino_zero_native\Debug/core.a(SERCOM.cpp.o)
                              C:\Users\mosta\AppData\Local\Temp\VMBCore\arduino16x\57a4e9eac5a5a70d390ea49d157fec94\variant\variant.cpp.o (SERCOM::SERCOM(Sercom*))
C:\Users\mosta\AppData\Local\Temp\VMBuilds\TinyBeep_Demo\arduino_zero_native\Debug/core.a(Uart.cpp.o)
                              C:\Users\mosta\AppData\Local\Temp\VMBCore\arduino16x\57a4e9eac5a5a70d390ea49d157fec94\variant\variant.cpp.o (Uart::Uart(SERCOM*, unsigned char, unsigned char, SercomRXPad, SercomUartTXPad))
C:\Users\mosta\AppData\Local\Temp\VMBuilds\TinyBeep_Demo\arduino_zero_native\Debug/core.a(CDC.cpp.o)
                              C:\Users\mosta\AppData\Local\Temp\VMBuilds\TinyBeep_Demo\arduino_zero_native\Debug\TinyBeep_Demo.cpp.o (Serial_::begin(unsigned long))
C:\Users\mosta\AppData\Local\Temp\VMBuilds\TinyBeep_Demo\arduino_zero_native\Debug/core.a(USBCore.cpp.o)
                              C:\Users\mosta\AppData\Local\Temp\VMBuilds\TinyBeep_Demo\arduino_zero_native\Debug/core.a(main.cpp.o) (USBDeviceClass::init())
C:\Users\mosta\AppData\Local\Temp\VMBuilds\TinyBeep_Demo\arduino_zero_native\Debug/core.a(new.cpp.o)
                              C:\Users\mosta\AppData\Local\Temp\VMBuilds\TinyBeep_Demo\arduino_zero_native\Debug/core.a(USBCore.cpp.o) (operator new(unsigned int))
C:\Users\mosta\AppData\Local\Temp\VMBuilds\TinyBeep_Demo\arduino_zero_native\Debug/core.a(PluggableUSB.cpp.o)
                              C:\Users\mosta\AppData\Local\Temp\VMBuilds\TinyBeep_Demo\arduino_zero_native\Debug/core.a(USBCore.cpp.o) (PluggableUSB_::getInterface(unsigned char*))
c:/users/mosta/appdata/local/arduino15/packages/arduino/tools/arm-none-eabi-gcc/4.8.3-2014q1/bin/../lib/gcc/arm-none-eabi/4.8.3/../../../../arm-none-eabi/lib/armv6-m\libstdc++_s.a(atexit_arm.o)
[...]
Memory Configuration

Name             Origin             Length             Attributes
FLASH            0x00000000         0x00040000         xr
RAM              0x20000000         0x00008000         xrw
*default*        0x00000000         0xffffffff

Linker script and memory map

LOAD c:/users/mosta/appdata/local/arduino15/packages/arduino/tools/arm-none-eabi-gcc/4.8.3-2014q1/bin/../lib/gcc/arm-none-eabi/4.8.3/armv6-m/crti.o
LOAD c:/users/mosta/appdata/local/arduino15/packages/arduino/tools/arm-none-eabi-gcc/4.8.3-2014q1/bin/../lib/gcc/arm-none-eabi/4.8.3/armv6-m/crtbegin.o
LOAD c:/users/mosta/appdata/local/arduino15/packages/arduino/tools/arm-none-eabi-gcc/4.8.3-2014q1/bin/../lib/gcc/arm-none-eabi/4.8.3/../../../../arm-none-eabi/lib/armv6-m/crt0.o
LOAD C:\Users\mosta\AppData\Local\Temp\VMBuilds\TinyBeep_Demo\arduino_zero_native\Debug\TinyBeep_Demo.cpp.o
LOAD C:\Users\mosta\AppData\Local\Temp\VMBuilds\TinyBeep_Demo\arduino_zero_native\Debug\LPF.cpp.o
LOAD C:\Users\mosta\AppData\Local\Temp\VMBuilds\TinyBeep_Demo\arduino_zero_native\Debug\SAMD21Timers.cpp.o
LOAD C:\Users\mosta\AppData\Local\Temp\VMBuilds\TinyBeep_Demo\arduino_zero_native\Debug\SparkFun_BME280_I2C\SparkFunBME280_I2C.cpp.o
LOAD C:\Users\mosta\AppData\Local\Temp\VMBuilds\TinyBeep_Demo\arduino_zero_native\Debug\Wire\Wire.cpp.o
LOAD C:\Users\mosta\AppData\Local\Temp\VMBCore\arduino16x\57a4e9eac5a5a70d390ea49d157fec94\variant\variant.cpp.o
START GROUP
LOAD C:\Users\mosta\AppData\Local\arduino15\packages\arduino\tools\CMSIS\4.5.0/CMSIS/Lib/GCC/\libarm_cortexM0l_math.a
LOAD C:\Users\mosta\AppData\Local\Temp\VMBuilds\TinyBeep_Demo\arduino_zero_native\Debug/core.a
END GROUP
LOAD c:/users/mosta/appdata/local/arduino15/packages/arduino/tools/arm-none-eabi-gcc/4.8.3-2014q1/bin/../lib/gcc/arm-none-eabi/4.8.3/../../../../arm-none-eabi/lib/armv6-m\libstdc++_s.a
LOAD c:/users/mosta/appdata/local/arduino15/packages/arduino/tools/arm-none-eabi-gcc/4.8.3-2014q1/bin/../lib/gcc/arm-none-eabi/4.8.3/../../../../arm-none-eabi/lib/armv6-m\libm.a
START GROUP
LOAD c:/users/mosta/appdata/local/arduino15/packages/arduino/tools/arm-none-eabi-gcc/4.8.3-2014q1/bin/../lib/gcc/arm-none-eabi/4.8.3/armv6-m\libgcc.a
LOAD c:/users/mosta/appdata/local/arduino15/packages/arduino/tools/arm-none-eabi-gcc/4.8.3-2014q1/bin/../lib/gcc/arm-none-eabi/4.8.3/../../../../arm-none-eabi/lib/armv6-m\libc_s.a
END GROUP
START GROUP
LOAD c:/users/mosta/appdata/local/arduino15/packages/arduino/tools/arm-none-eabi-gcc/4.8.3-2014q1/bin/../lib/gcc/arm-none-eabi/4.8.3/armv6-m\libgcc.a
LOAD c:/users/mosta/appdata/local/arduino15/packages/arduino/tools/arm-none-eabi-gcc/4.8.3-2014q1/bin/../lib/gcc/arm-none-eabi/4.8.3/../../../../arm-none-eabi/lib/armv6-m\libc_s.a
LOAD c:/users/mosta/appdata/local/arduino15/packages/arduino/tools/arm-none-eabi-gcc/4.8.3-2014q1/bin/../lib/gcc/arm-none-eabi/4.8.3/../../../../arm-none-eabi/lib/armv6-m\libnosys.a
END GROUP
START GROUP
LOAD c:/users/mosta/appdata/local/arduino15/packages/arduino/tools/arm-none-eabi-gcc/4.8.3-2014q1/bin/../lib/gcc/arm-none-eabi/4.8.3/armv6-m\libgcc.a
LOAD c:/users/mosta/appdata/local/arduino15/packages/arduino/tools/arm-none-eabi-gcc/4.8.3-2014q1/bin/../lib/gcc/arm-none-eabi/4.8.3/../../../../arm-none-eabi/lib/armv6-m\libc_s.a
LOAD c:/users/mosta/appdata/local/arduino15/packages/arduino/tools/arm-none-eabi-gcc/4.8.3-2014q1/bin/../lib/gcc/arm-none-eabi/4.8.3/../../../../arm-none-eabi/lib/armv6-m\libnosys.a
END GROUP
LOAD c:/users/mosta/appdata/local/arduino15/packages/arduino/tools/arm-none-eabi-gcc/4.8.3-2014q1/bin/../lib/gcc/arm-none-eabi/4.8.3/armv6-m/crtend.o
LOAD c:/users/mosta/appdata/local/arduino15/packages/arduino/tools/arm-none-eabi-gcc/4.8.3-2014q1/bin/../lib/gcc/arm-none-eabi/4.8.3/armv6-m/crtn.o

.text           0x00000000     0x86d0
                0x00000000                __text_start__ = .
 *(.isr_vector)
 .isr_vector    0x00000000       0xb4 C:\Users\mosta\AppData\Local\Temp\VMBuilds\TinyBeep_Demo\arduino_zero_native\Debug/core.a(cortex_handlers.c.o)
                0x00000000                exception_table
 *(.text*)
 .text          0x000000b4       0x60 c:/users/mosta/appdata/local/arduino15/packages/arduino/tools/arm-none-eabi-gcc/4.8.3-2014q1/bin/../lib/gcc/arm-none-eabi/4.8.3/armv6-m/crtbegin.o
 .text.TC5_Handler
                0x00000114       0x34 C:\Users\mosta\AppData\Local\Temp\VMBuilds\TinyBeep_Demo\arduino_zero_native\Debug\TinyBeep_Demo.cpp.o
                0x00000114                TC5_Handler
 .text.TC4_Handler
                0x00000148       0x1c C:\Users\mosta\AppData\Local\Temp\VMBuilds\TinyBeep_Demo\arduino_zero_native\Debug\TinyBeep_Demo.cpp.o
                0x00000148                TC4_Handler
 .text._Z12setup_BME280v
                0x00000164       0x20 C:\Users\mosta\AppData\Local\Temp\VMBuilds\TinyBeep_Demo\arduino_zero_native\Debug\TinyBeep_Demo.cpp.o
                0x00000164                setup_BME280()
 .text._Z9BME_Forcev
                0x00000184       0x48 C:\Users\mosta\AppData\Local\Temp\VMBuilds\TinyBeep_Demo\arduino_zero_native\Debug\TinyBeep_Demo.cpp.o
                0x00000184                BME_Force()
 .text.setup    0x000001cc       0xd8 C:\Users\mosta\AppData\Local\Temp\VMBuilds\TinyBeep_Demo\arduino_zero_native\Debug\TinyBeep_Demo.cpp.o
                0x000001cc                setup
 *fill*         0x000002a4        0x4 
 .text.loop     0x000002a8      0x190 C:\Users\mosta\AppData\Local\Temp\VMBuilds\TinyBeep_Demo\arduino_zero_native\Debug\TinyBeep_Demo.cpp.o
                0x000002a8                loop
 .text.startup._GLOBAL__sub_I__Z10floatLimitPffiff
                0x00000438       0x98 C:\Users\mosta\AppData\Local\Temp\VMBuilds\TinyBeep_Demo\arduino_zero_native\Debug\TinyBeep_Demo.cpp.o
 .text._ZN3LPFC2Ev
                0x000004d0        0x8 C:\Users\mosta\AppData\Local\Temp\VMBuilds\TinyBeep_Demo\arduino_zero_native\Debug\LPF.cpp.o
                0x000004d0                LPF::LPF()
                0x000004d0                LPF::LPF()
 .text._ZN3LPFD2Ev
                0x000004d8        0x2 C:\Users\mosta\AppData\Local\Temp\VMBuilds\TinyBeep_Demo\arduino_zero_native\Debug\LPF.cpp.o
                0x000004d8                LPF::~LPF()
                0x000004d8                LPF::~LPF()
 .text._ZN3LPF4initEf
                0x000004da        0x4 C:\Users\mosta\AppData\Local\Temp\VMBuilds\TinyBeep_Demo\arduino_zero_native\Debug\LPF.cpp.o
                0x000004da                LPF::init(float)
 .text._ZN3LPF7initValEf
                0x000004de        0x2 C:\Users\mosta\AppData\Local\Temp\VMBuilds\TinyBeep_Demo\arduino_zero_native\Debug\LPF.cpp.o
                0x000004de                LPF::initVal(float)
 .text._ZN3LPF6updateEf
                0x000004e0       0x20 C:\Users\mosta\AppData\Local\Temp\VMBuilds\TinyBeep_Demo\arduino_zero_native\Debug\LPF.cpp.o
                0x000004e0                LPF::update(float)
 .text._ZN3LPF3outEv
                0x00000500        0x4 C:\Users\mosta\AppData\Local\Temp\VMBuilds\TinyBeep_Demo\arduino_zero_native\Debug\LPF.cpp.o
                0x00000500                LPF::out()
 .text.NVIC_SetPriority.constprop.1
                0x00000504       0x50 C:\Users\mosta\AppData\Local\Temp\VMBuilds\TinyBeep_Demo\arduino_zero_native\Debug\SAMD21Timers.cpp.o
 .text._ZN12SAMD21TimersC2Ehh
                0x00000554        0x8 C:\Users\mosta\AppData\Local\Temp\VMBuilds\TinyBeep_Demo\arduino_zero_native\Debug\SAMD21Timers.cpp.o
                0x00000554                SAMD21Timers::SAMD21Timers(unsigned char, unsigned char)
                0x00000554                SAMD21Timers::SAMD21Timers(unsigned char, unsigned char)
 .text._ZN12SAMD21TimersD2Ev
                0x0000055c        0x2 C:\Users\mosta\AppData\Local\Temp\VMBuilds\TinyBeep_Demo\arduino_zero_native\Debug\SAMD21Timers.cpp.o
                0x0000055c                SAMD21Timers::~SAMD21Timers()
                0x0000055c                SAMD21Timers::~SAMD21Timers()
 .text._ZN12SAMD21Timers14tcStartCounterEv
                0x0000055e       0x16 C:\Users\mosta\AppData\Local\Temp\VMBuilds\TinyBeep_Demo\arduino_zero_native\Debug\SAMD21Timers.cpp.o
                0x0000055e                SAMD21Timers::tcStartCounter()
 .text._ZN12SAMD21Timers7tcResetEv
                0x00000574       0x18 C:\Users\mosta\AppData\Local\Temp\VMBuilds\TinyBeep_Demo\arduino_zero_native\Debug\SAMD21Timers.cpp.o
                0x00000574                SAMD21Timers::tcReset()
 .text._ZN12SAMD21Timers11tcConfigureEi
                0x0000058c      0x17c C:\Users\mosta\AppData\Local\Temp\VMBuilds\TinyBeep_Demo\arduino_zero_native\Debug\SAMD21Timers.cpp.o
                0x0000058c                SAMD21Timers::tcConfigure(int)
 .text._ZN12SAMD21Timers13updateTcCountEi
                0x00000708       0x24 C:\Users\mosta\AppData\Local\Temp\VMBuilds\TinyBeep_Demo\arduino_zero_native\Debug\SAMD21Timers.cpp.o
                0x00000708                SAMD21Timers::updateTcCount(int)
 .text._ZN6BME280C2Ev
                0x0000072c       0x10 C:\Users\mosta\AppData\Local\Temp\VMBuilds\TinyBeep_Demo\arduino_zero_native\Debug\SparkFun_BME280_I2C\SparkFunBME280_I2C.cpp.o
                0x0000072c                BME280::BME280()
                0x0000072c                BME280::BME280()
 .text._ZN6BME28013writeRegisterEhh
                0x0000073c       0x2c C:\Users\mosta\AppData\Local\Temp\VMBuilds\TinyBeep_Demo\arduino_zero_native\Debug\SparkFun_BME280_I2C\SparkFunBME280_I2C.cpp.o
                0x0000073c                BME280::writeRegister(unsigned char, unsigned char)
 .text._ZN6BME28012readRegisterEh
                0x00000768       0x44 C:\Users\mosta\AppData\Local\Temp\VMBuilds\TinyBeep_Demo\arduino_zero_native\Debug\SparkFun_BME280_I2C\SparkFunBME280_I2C.cpp.o
                0x00000768                BME280::readRegister(unsigned char)
 .text._ZN6BME2805beginEv
                0x000007ac      0x1fc C:\Users\mosta\AppData\Local\Temp\VMBuilds\TinyBeep_Demo\arduino_zero_native\Debug\SparkFun_BME280_I2C\SparkFunBME280_I2C.cpp.o
                0x000007ac                BME280::begin()
 .text._ZN6BME28017readFloatPressureEv
                0x000009a8      0x1c0 C:\Users\mosta\AppData\Local\Temp\VMBuilds\TinyBeep_Demo\arduino_zero_native\Debug\SparkFun_BME280_I2C\SparkFunBME280_I2C.cpp.o
                0x000009a8                BME280::readFloatPressure()
 .text._ZN6BME28023readFloatAltitudeMetersEv
                0x00000b68       0x50 C:\Users\mosta\AppData\Local\Temp\VMBuilds\TinyBeep_Demo\arduino_zero_native\Debug\SparkFun_BME280_I2C\SparkFunBME280_I2C.cpp.o
                0x00000b68                BME280::readFloatAltitudeMeters()
 .text._ZN6BME28021readFloatAltitudeFeetEv
                0x00000bb8       0x20 C:\Users\mosta\AppData\Local\Temp\VMBuilds\TinyBeep_Demo\arduino_zero_native\Debug\SparkFun_BME280_I2C\SparkFunBME280_I2C.cpp.o
                0x00000bb8                BME280::readFloatAltitudeFeet()
 .text._ZN6BME2809readTempCEv
                0x00000bd8       0x64 C:\Users\mosta\AppData\Local\Temp\VMBuilds\TinyBeep_Demo\arduino_zero_native\Debug\SparkFun_BME280_I2C\SparkFunBME280_I2C.cpp.o
                0x00000bd8                BME280::readTempC()
 .text._ZN5Print17availableForWriteEv
                0x00000c3c        0x4 C:\Users\mosta\AppData\Local\Temp\VMBuilds\TinyBeep_Demo\arduino_zero_native\Debug\Wire\Wire.cpp.o
                0x00000c3c                Print::availableForWrite()
 .text._ZN7TwoWire5writeEPKhj
                0x00000c40       0x24 C:\Users\mosta\AppData\Local\Temp\VMBuilds\TinyBeep_Demo\arduino_zero_native\Debug\Wire\Wire.cpp.o
                0x00000c40                TwoWire::write(unsigned char const*, unsigned int)
 .text._ZN7TwoWire5flushEv
                0x00000c64        0x2 C:\Users\mosta\AppData\Local\Temp\VMBuilds\TinyBeep_Demo\arduino_zero_native\Debug\Wire\Wire.cpp.o
                0x00000c64                TwoWire::flush()
 .text._ZN7TwoWire4peekEv
                0x00000c66       0x1a C:\Users\mosta\AppData\Local\Temp\VMBuilds\TinyBeep_Demo\arduino_zero_native\Debug\Wire\Wire.cpp.o
                0x00000c66                TwoWire::peek()
 .text._ZN7TwoWire9availableEv
                0x00000c80       0x12 C:\Users\mosta\AppData\Local\Temp\VMBuilds\TinyBeep_Demo\arduino_zero_native\Debug\Wire\Wire.cpp.o
                0x00000c80                TwoWire::available()
 *fill*         0x00000c92        0x2 
 .text._ZN7TwoWireC2EP6SERCOMhh
                0x00000c94       0x5c C:\Users\mosta\AppData\Local\Temp\VMBuilds\TinyBeep_Demo\arduino_zero_native\Debug\Wire\Wire.cpp.o
                0x00000c94                TwoWire::TwoWire(SERCOM*, unsigned char, unsigned char)
                0x00000c94                TwoWire::TwoWire(SERCOM*, unsigned char, unsigned char)
 .text._ZN7TwoWire5beginEv
                0x00000cf0       0x40 C:\Users\mosta\AppData\Local\Temp\VMBuilds\TinyBeep_Demo\arduino_zero_native\Debug\Wire\Wire.cpp.o
                0x00000cf0                TwoWire::begin()
 .text._ZN7TwoWire17beginTransmissionEh
                0x00000d30       0x18 C:\Users\mosta\AppData\Local\Temp\VMBuilds\TinyBeep_Demo\arduino_zero_native\Debug\Wire\Wire.cpp.o
                0x00000d30                TwoWire::beginTransmission(unsigned char)
 .text._ZN11RingBufferNILi256EE10store_charEh
                0x00000d48       0x1a C:\Users\mosta\AppData\Local\Temp\VMBuilds\TinyBeep_Demo\arduino_zero_native\Debug\Wire\Wire.cpp.o
                0x00000d48                RingBufferN<256>::store_char(unsigned char)
 .text._ZN7TwoWire11requestFromEhjb
                0x00000d62       0x76 C:\Users\mosta\AppData\Local\Temp\VMBuilds\TinyBeep_Demo\arduino_zero_native\Debug\Wire\Wire.cpp.o
                0x00000d62                TwoWire::requestFrom(unsigned char, unsigned int, bool)
 .text._ZN7TwoWire11requestFromEhj
                0x00000dd8        0xa C:\Users\mosta\AppData\Local\Temp\VMBuilds\TinyBeep_Demo\arduino_zero_native\Debug\Wire\Wire.cpp.o
                0x00000dd8                TwoWire::requestFrom(unsigned char, unsigned int)
 .text._ZN7TwoWire5writeEh
                0x00000de2       0x2a C:\Users\mosta\AppData\Local\Temp\VMBuilds\TinyBeep_Demo\arduino_zero_native\Debug\Wire\Wire.cpp.o
                0x00000de2                TwoWire::write(unsigned char)
 .text._ZN11RingBufferNILi256EE9read_charEv
                0x00000e0c       0x20 C:\Users\mosta\AppData\Local\Temp\VMBuilds\TinyBeep_Demo\arduino_zero_native\Debug\Wire\Wire.cpp.o
                0x00000e0c                RingBufferN<256>::read_char()
 .text._ZN7TwoWire15endTransmissionEb
                0x00000e2c       0x72 C:\Users\mosta\AppData\Local\Temp\VMBuilds\TinyBeep_Demo\arduino_zero_native\Debug\Wire\Wire.cpp.o
                0x00000e2c                TwoWire::endTransmission(bool)
 .text._ZN7TwoWire15endTransmissionEv
                0x00000e9e        0xa C:\Users\mosta\AppData\Local\Temp\VMBuilds\TinyBeep_Demo\arduino_zero_native\Debug\Wire\Wire.cpp.o
                0x00000e9e                TwoWire::endTransmission()
 .text._ZN7TwoWire4readEv
                0x00000ea8        0xa C:\Users\mosta\AppData\Local\Temp\VMBuilds\TinyBeep_Demo\arduino_zero_native\Debug\Wire\Wire.cpp.o
                0x00000ea8                TwoWire::read()
 .text._ZN7TwoWire9onServiceEv
                0x00000eb2      0x11c C:\Users\mosta\AppData\Local\Temp\VMBuilds\TinyBeep_Demo\arduino_zero_native\Debug\Wire\Wire.cpp.o
                0x00000eb2                TwoWire::onService()
 *fill*         0x00000fce        0x2 
 .text.SERCOM3_Handler
                0x00000fd0       0x10 C:\Users\mosta\AppData\Local\Temp\VMBuilds\TinyBeep_Demo\arduino_zero_native\Debug\Wire\Wire.cpp.o
                0x00000fd0                SERCOM3_Handler
 .text.startup._GLOBAL__sub_I__ZN7TwoWireC2EP6SERCOMhh
                0x00000fe0       0x18 C:\Users\mosta\AppData\Local\Temp\VMBuilds\TinyBeep_Demo\arduino_zero_native\Debug\Wire\Wire.cpp.o
 .text.SERCOM0_Handler
                0x00000ff8       0x10 C:\Users\mosta\AppData\Local\Temp\VMBCore\arduino16x\57a4e9eac5a5a70d390ea49d157fec94\variant\variant.cpp.o
                0x00000ff8                SERCOM0_Handler
 .text.SERCOM5_Handler
                0x00001008       0x10 C:\Users\mosta\AppData\Local\Temp\VMBCore\arduino16x\57a4e9eac5a5a70d390ea49d157fec94\variant\variant.cpp.o
                0x00001008                SERCOM5_Handler
 .text.startup._GLOBAL__sub_I_g_APinDescription
                0x00001018       0x94 C:\Users\mosta\AppData\Local\Temp\VMBCore\arduino16x\57a4e9eac5a5a70d390ea49d157fec94\variant\variant.cpp.o
 .text.Dummy_Handler
                0x000010ac       0x60 C:\Users\mosta\AppData\Local\Temp\VMBuilds\TinyBeep_Demo\arduino_zero_native\Debug/core.a(cortex_handlers.c.o)
                0x000010ac                DMAC_Handler
                0x000010ac                HardFault_Handler
                0x000010ac                AC_Handler
                0x000010ac                PendSV_Handler
                0x000010ac                NMI_Handler
                0x000010ac                TC7_Handler
                0x000010ac                SERCOM1_Handler
                0x000010ac                ADC_Handler
                0x000010ac                TCC1_Handler
                0x000010ac                SERCOM2_Handler
                0x000010ac                TCC0_Handler
                0x000010ac                RTC_Handler
                0x000010ac                EIC_Handler
                0x000010ac                TC6_Handler
                0x000010ac                WDT_Handler
                0x000010ac                TC3_Handler
                0x000010ac                Dummy_Handler
                0x000010ac                PM_Handler
                0x000010ac                SVC_Handler
                0x000010ac                TCC2_Handler
                0x000010ac                EVSYS_Handler
                0x000010ac                SERCOM4_Handler
                0x000010ac                I2S_Handler
                0x000010ac                NVMCTRL_Handler
                0x000010ac                DAC_Handler
                0x000010ac                PTC_Handler
                0x000010ac                SYSCTRL_Handler
 .text.USB_Handler
                0x0000110c       0x14 C:\Users\mosta\AppData\Local\Temp\VMBuilds\TinyBeep_Demo\arduino_zero_native\Debug/core.a(cortex_handlers.c.o)
                0x0000110c                USB_Handler
 .text.Reset_Handler
                0x00001120       0x54 C:\Users\mosta\AppData\Local\Temp\VMBuilds\TinyBeep_Demo\arduino_zero_native\Debug/core.a(cortex_handlers.c.o)
                0x00001120                Reset_Handler
 .text.SysTick_Handler
                0x00001174       0x10 C:\Users\mosta\AppData\Local\Temp\VMBuilds\TinyBeep_Demo\arduino_zero_native\Debug/core.a(cortex_handlers.c.o)
                0x00001174                SysTick_Handler
 .text.USB_SetHandler
                0x00001184        0xc C:\Users\mosta\AppData\Local\Temp\VMBuilds\TinyBeep_Demo\arduino_zero_native\Debug/core.a(cortex_handlers.c.o)
                0x00001184                USB_SetHandler
 .text.millis   0x00001190        0xc C:\Users\mosta\AppData\Local\Temp\VMBuilds\TinyBeep_Demo\arduino_zero_native\Debug/core.a(delay.c.o)
                0x00001190                millis
 .text.delay    0x0000119c       0x20 C:\Users\mosta\AppData\Local\Temp\VMBuilds\TinyBeep_Demo\arduino_zero_native\Debug/core.a(delay.c.o)
                0x0000119c                delay
 .text.SysTick_DefaultHandler
                0x000011bc       0x14 C:\Users\mosta\AppData\Local\Temp\VMBuilds\TinyBeep_Demo\arduino_zero_native\Debug/core.a(delay.c.o)
                0x000011bc                SysTick_DefaultHandler
 .text.__empty  0x000011d0        0x2 C:\Users\mosta\AppData\Local\Temp\VMBuilds\TinyBeep_Demo\arduino_zero_native\Debug/core.a(hooks.c.o)
                0x000011d0                yield
 .text.__false  0x000011d2        0x4 C:\Users\mosta\AppData\Local\Temp\VMBuilds\TinyBeep_Demo\arduino_zero_native\Debug/core.a(hooks.c.o)
                0x000011d2                sysTickHook
 *fill*         0x000011d6        0x2 
 .text.SystemInit
                0x000011d8      0x168 C:\Users\mosta\AppData\Local\Temp\VMBuilds\TinyBeep_Demo\arduino_zero_native\Debug/core.a(startup.c.o)
                0x000011d8                SystemInit
 .text.init     0x00001340       0xf0 C:\Users\mosta\AppData\Local\Temp\VMBuilds\TinyBeep_Demo\arduino_zero_native\Debug/core.a(wiring.c.o)
                0x00001340                init
 .text.analogReference
                0x00001430       0x5c C:\Users\mosta\AppData\Local\Temp\VMBuilds\TinyBeep_Demo\arduino_zero_native\Debug/core.a(wiring_analog.c.o)
                0x00001430                analogReference
 .text.pinMode  0x0000148c       0xb4 C:\Users\mosta\AppData\Local\Temp\VMBuilds\TinyBeep_Demo\arduino_zero_native\Debug/core.a(wiring_digital.c.o)
                0x0000148c                pinMode
 .text.digitalWrite
                0x00001540       0x60 C:\Users\mosta\AppData\Local\Temp\VMBuilds\TinyBeep_Demo\arduino_zero_native\Debug/core.a(wiring_digital.c.o)
                0x00001540                digitalWrite
 .text.pinPeripheral
                0x000015a0       0xc4 C:\Users\mosta\AppData\Local\Temp\VMBuilds\TinyBeep_Demo\arduino_zero_native\Debug/core.a(wiring_private.c.o)
                0x000015a0                pinPeripheral
 .text._Z11initVariantv
                0x00001664        0x2 C:\Users\mosta\AppData\Local\Temp\VMBuilds\TinyBeep_Demo\arduino_zero_native\Debug/core.a(main.cpp.o)
                0x00001664                initVariant()
 *fill*         0x00001666        0x2 
 .text.startup.main
                0x00001668       0x40 C:\Users\mosta\AppData\Local\Temp\VMBuilds\TinyBeep_Demo\arduino_zero_native\Debug/core.a(main.cpp.o)
                0x00001668                main
 .text._ZN5Print5writeEPKhj
                0x000016a8       0x28 C:\Users\mosta\AppData\Local\Temp\VMBuilds\TinyBeep_Demo\arduino_zero_native\Debug/core.a(Print.cpp.o)
                0x000016a8                Print::write(unsigned char const*, unsigned int)
 .text._ZN5Print5writeEPKc
                0x000016d0       0x1c C:\Users\mosta\AppData\Local\Temp\VMBuilds\TinyBeep_Demo\arduino_zero_native\Debug/core.a(Print.cpp.o)
                0x000016d0                Print::write(char const*)
 .text._ZN5Print5printEPKc
                0x000016ec        0x8 C:\Users\mosta\AppData\Local\Temp\VMBuilds\TinyBeep_Demo\arduino_zero_native\Debug/core.a(Print.cpp.o)
                0x000016ec                Print::print(char const*)
 .text._ZN5Print5printEc
                0x000016f4        0xa C:\Users\mosta\AppData\Local\Temp\VMBuilds\TinyBeep_Demo\arduino_zero_native\Debug/core.a(Print.cpp.o)
                0x000016f4                Print::print(char)
 *fill*         0x000016fe        0x2 
 .text._ZN5Print7printlnEv
                0x00001700       0x10 C:\Users\mosta\AppData\Local\Temp\VMBuilds\TinyBeep_Demo\arduino_zero_native\Debug/core.a(Print.cpp.o)
                0x00001700                Print::println()
 .text._ZN5Print11printNumberEmh
                0x00001710       0x4e C:\Users\mosta\AppData\Local\Temp\VMBuilds\TinyBeep_Demo\arduino_zero_native\Debug/core.a(Print.cpp.o)
                0x00001710                Print::printNumber(unsigned long, unsigned char)
 *fill*         0x0000175e        0x2 
 .text._ZN5Print10printFloatEdh
                0x00001760      0x170 C:\Users\mosta\AppData\Local\Temp\VMBuilds\TinyBeep_Demo\arduino_zero_native\Debug/core.a(Print.cpp.o)
                0x00001760                Print::printFloat(double, unsigned char)
 .text._ZN5Print5printEdi
                0x000018d0        0xe C:\Users\mosta\AppData\Local\Temp\VMBuilds\TinyBeep_Demo\arduino_zero_native\Debug/core.a(Print.cpp.o)
                0x000018d0                Print::print(double, int)
 .text._ZN5Print7printlnEdi
                0x000018de       0x1c C:\Users\mosta\AppData\Local\Temp\VMBuilds\TinyBeep_Demo\arduino_zero_native\Debug/core.a(Print.cpp.o)
                0x000018de                Print::println(double, int)
 *fill*         0x000018fa        0x2 
 .text.initiateReset
                0x000018fc        0xc C:\Users\mosta\AppData\Local\Temp\VMBuilds\TinyBeep_Demo\arduino_zero_native\Debug/core.a(Reset.cpp.o)
                0x000018fc                initiateReset
 .text.cancelReset
                0x00001908       0x10 C:\Users\mosta\AppData\Local\Temp\VMBuilds\TinyBeep_Demo\arduino_zero_native\Debug/core.a(Reset.cpp.o)
                0x00001908                cancelReset
 .text.tickReset
                0x00001918       0x74 C:\Users\mosta\AppData\Local\Temp\VMBuilds\TinyBeep_Demo\arduino_zero_native\Debug/core.a(Reset.cpp.o)
                0x00001918                tickReset
 .text._ZN6SERCOMC2EP6Sercom
                0x0000198c        0x4 C:\Users\mosta\AppData\Local\Temp\VMBuilds\TinyBeep_Demo\arduino_zero_native\Debug/core.a(SERCOM.cpp.o)
                0x0000198c                SERCOM::SERCOM(Sercom*)
                0x0000198c                SERCOM::SERCOM(Sercom*)
 .text._ZN6SERCOM9initFrameE18SercomUartCharSize15SercomDataOrder16SercomParityMode19SercomNumberStopBit
                0x00001990       0x38 C:\Users\mosta\AppData\Local\Temp\VMBuilds\TinyBeep_Demo\arduino_zero_native\Debug/core.a(SERCOM.cpp.o)
                0x00001990                SERCOM::initFrame(SercomUartCharSize, SercomDataOrder, SercomParityMode, SercomNumberStopBit)
 .text._ZN6SERCOM8initPadsE15SercomUartTXPad11SercomRXPad
                0x000019c8       0x26 C:\Users\mosta\AppData\Local\Temp\VMBuilds\TinyBeep_Demo\arduino_zero_native\Debug/core.a(SERCOM.cpp.o)
                0x000019c8                SERCOM::initPads(SercomUartTXPad, SercomRXPad)
 .text._ZN6SERCOM9resetUARTEv
                0x000019ee       0x1c C:\Users\mosta\AppData\Local\Temp\VMBuilds\TinyBeep_Demo\arduino_zero_native\Debug/core.a(SERCOM.cpp.o)
                0x000019ee                SERCOM::resetUART()
 .text._ZN6SERCOM10enableUARTEv
                0x00001a0a       0x14 C:\Users\mosta\AppData\Local\Temp\VMBuilds\TinyBeep_Demo\arduino_zero_native\Debug/core.a(SERCOM.cpp.o)
                0x00001a0a                SERCOM::enableUART()
 *fill*         0x00001a1e        0x2 
 .text._ZN6SERCOM9flushUARTEv
                0x00001a20       0x2c C:\Users\mosta\AppData\Local\Temp\VMBuilds\TinyBeep_Demo\arduino_zero_native\Debug/core.a(SERCOM.cpp.o)
                0x00001a20                SERCOM::flushUART()
 .text._ZN6SERCOM15clearStatusUARTEv
                0x00001a4c        0x8 C:\Users\mosta\AppData\Local\Temp\VMBuilds\TinyBeep_Demo\arduino_zero_native\Debug/core.a(SERCOM.cpp.o)
                0x00001a4c                SERCOM::clearStatusUART()
 .text._ZN6SERCOM17availableDataUARTEv
                0x00001a54        0xa C:\Users\mosta\AppData\Local\Temp\VMBuilds\TinyBeep_Demo\arduino_zero_native\Debug/core.a(SERCOM.cpp.o)
                0x00001a54                SERCOM::availableDataUART()
 .text._ZN6SERCOM11isUARTErrorEv
                0x00001a5e        0x8 C:\Users\mosta\AppData\Local\Temp\VMBuilds\TinyBeep_Demo\arduino_zero_native\Debug/core.a(SERCOM.cpp.o)
                0x00001a5e                SERCOM::isUARTError()
 .text._ZN6SERCOM20acknowledgeUARTErrorEv
                0x00001a66        0xe C:\Users\mosta\AppData\Local\Temp\VMBuilds\TinyBeep_Demo\arduino_zero_native\Debug/core.a(SERCOM.cpp.o)
                0x00001a66                SERCOM::acknowledgeUARTError()
 .text._ZN6SERCOM16isFrameErrorUARTEv
                0x00001a74        0xa C:\Users\mosta\AppData\Local\Temp\VMBuilds\TinyBeep_Demo\arduino_zero_native\Debug/core.a(SERCOM.cpp.o)
                0x00001a74                SERCOM::isFrameErrorUART()
 .text._ZN6SERCOM19clearFrameErrorUARTEv
                0x00001a7e        0xc C:\Users\mosta\AppData\Local\Temp\VMBuilds\TinyBeep_Demo\arduino_zero_native\Debug/core.a(SERCOM.cpp.o)
                0x00001a7e                SERCOM::clearFrameErrorUART()
 .text._ZN6SERCOM23isDataRegisterEmptyUARTEv
                0x00001a8a        0xa C:\Users\mosta\AppData\Local\Temp\VMBuilds\TinyBeep_Demo\arduino_zero_native\Debug/core.a(SERCOM.cpp.o)
                0x00001a8a                SERCOM::isDataRegisterEmptyUART()
 .text._ZN6SERCOM12readDataUARTEv
                0x00001a94        0x8 C:\Users\mosta\AppData\Local\Temp\VMBuilds\TinyBeep_Demo\arduino_zero_native\Debug/core.a(SERCOM.cpp.o)
                0x00001a94                SERCOM::readDataUART()
 .text._ZN6SERCOM13writeDataUARTEh
                0x00001a9c        0xe C:\Users\mosta\AppData\Local\Temp\VMBuilds\TinyBeep_Demo\arduino_zero_native\Debug/core.a(SERCOM.cpp.o)
                0x00001a9c                SERCOM::writeDataUART(unsigned char)
 .text._ZN6SERCOM36enableDataRegisterEmptyInterruptUARTEv
                0x00001aaa        0x8 C:\Users\mosta\AppData\Local\Temp\VMBuilds\TinyBeep_Demo\arduino_zero_native\Debug/core.a(SERCOM.cpp.o)
                0x00001aaa                SERCOM::enableDataRegisterEmptyInterruptUART()
 .text._ZN6SERCOM37disableDataRegisterEmptyInterruptUARTEv
                0x00001ab2        0x8 C:\Users\mosta\AppData\Local\Temp\VMBuilds\TinyBeep_Demo\arduino_zero_native\Debug/core.a(SERCOM.cpp.o)
                0x00001ab2                SERCOM::disableDataRegisterEmptyInterruptUART()
 .text._ZN6SERCOM9resetWIREEv
                0x00001aba       0x1c C:\Users\mosta\AppData\Local\Temp\VMBuilds\TinyBeep_Demo\arduino_zero_native\Debug/core.a(SERCOM.cpp.o)
                0x00001aba                SERCOM::resetWIRE()
 .text._ZN6SERCOM10enableWIREEv
                0x00001ad6       0x28 C:\Users\mosta\AppData\Local\Temp\VMBuilds\TinyBeep_Demo\arduino_zero_native\Debug/core.a(SERCOM.cpp.o)
                0x00001ad6                SERCOM::enableWIRE()
 .text._ZN6SERCOM18prepareNackBitWIREEv
                0x00001afe       0x10 C:\Users\mosta\AppData\Local\Temp\VMBuilds\TinyBeep_Demo\arduino_zero_native\Debug/core.a(SERCOM.cpp.o)
                0x00001afe                SERCOM::prepareNackBitWIRE()
 *fill*         0x00001b0e        0x2 
 .text._ZN6SERCOM17prepareAckBitWIREEv
                0x00001b10       0x14 C:\Users\mosta\AppData\Local\Temp\VMBuilds\TinyBeep_Demo\arduino_zero_native\Debug/core.a(SERCOM.cpp.o)
                0x00001b10                SERCOM::prepareAckBitWIRE()
 .text._ZN6SERCOM22prepareCommandBitsWireEh
                0x00001b24       0x2c C:\Users\mosta\AppData\Local\Temp\VMBuilds\TinyBeep_Demo\arduino_zero_native\Debug/core.a(SERCOM.cpp.o)
                0x00001b24                SERCOM::prepareCommandBitsWire(unsigned char)
 .text._ZN6SERCOM21startTransmissionWIREEh23SercomWireReadWriteFlag
                0x00001b50       0x5e C:\Users\mosta\AppData\Local\Temp\VMBuilds\TinyBeep_Demo\arduino_zero_native\Debug/core.a(SERCOM.cpp.o)
                0x00001b50                SERCOM::startTransmissionWIRE(unsigned char, SercomWireReadWriteFlag)
 .text._ZN6SERCOM18sendDataMasterWIREEh
                0x00001bae       0x22 C:\Users\mosta\AppData\Local\Temp\VMBuilds\TinyBeep_Demo\arduino_zero_native\Debug/core.a(SERCOM.cpp.o)
                0x00001bae                SERCOM::sendDataMasterWIRE(unsigned char)
 .text._ZN6SERCOM17sendDataSlaveWIREEh
                0x00001bd0       0x1a C:\Users\mosta\AppData\Local\Temp\VMBuilds\TinyBeep_Demo\arduino_zero_native\Debug/core.a(SERCOM.cpp.o)
                0x00001bd0                SERCOM::sendDataSlaveWIRE(unsigned char)
 .text._ZN6SERCOM11isSlaveWIREEv
                0x00001bea       0x12 C:\Users\mosta\AppData\Local\Temp\VMBuilds\TinyBeep_Demo\arduino_zero_native\Debug/core.a(SERCOM.cpp.o)
                0x00001bea                SERCOM::isSlaveWIRE()
 .text._ZN6SERCOM15isDataReadyWIREEv
                0x00001bfc        0xa C:\Users\mosta\AppData\Local\Temp\VMBuilds\TinyBeep_Demo\arduino_zero_native\Debug/core.a(SERCOM.cpp.o)
                0x00001bfc                SERCOM::isDataReadyWIRE()
 .text._ZN6SERCOM18isStopDetectedWIREEv
                0x00001c06        0xa C:\Users\mosta\AppData\Local\Temp\VMBuilds\TinyBeep_Demo\arduino_zero_native\Debug/core.a(SERCOM.cpp.o)
                0x00001c06                SERCOM::isStopDetectedWIRE()
 .text._ZN6SERCOM21isRestartDetectedWIREEv
                0x00001c10        0xa C:\Users\mosta\AppData\Local\Temp\VMBuilds\TinyBeep_Demo\arduino_zero_native\Debug/core.a(SERCOM.cpp.o)
                0x00001c10                SERCOM::isRestartDetectedWIRE()
 .text._ZN6SERCOM14isAddressMatchEv
                0x00001c1a        0xa C:\Users\mosta\AppData\Local\Temp\VMBuilds\TinyBeep_Demo\arduino_zero_native\Debug/core.a(SERCOM.cpp.o)
                0x00001c1a                SERCOM::isAddressMatch()
 .text._ZN6SERCOM25isMasterReadOperationWIREEv
                0x00001c24        0xa C:\Users\mosta\AppData\Local\Temp\VMBuilds\TinyBeep_Demo\arduino_zero_native\Debug/core.a(SERCOM.cpp.o)
                0x00001c24                SERCOM::isMasterReadOperationWIRE()
 .text._ZN6SERCOM12readDataWIREEv
                0x00001c2e       0x1a C:\Users\mosta\AppData\Local\Temp\VMBuilds\TinyBeep_Demo\arduino_zero_native\Debug/core.a(SERCOM.cpp.o)
                0x00001c2e                SERCOM::readDataWIRE()
 .text._ZN6SERCOM13initClockNVICEv
                0x00001c48       0xac C:\Users\mosta\AppData\Local\Temp\VMBuilds\TinyBeep_Demo\arduino_zero_native\Debug/core.a(SERCOM.cpp.o)
                0x00001c48                SERCOM::initClockNVIC()
 .text._ZN6SERCOM8initUARTE14SercomUartMode20SercomUartSampleRatem
                0x00001cf4       0x6c C:\Users\mosta\AppData\Local\Temp\VMBuilds\TinyBeep_Demo\arduino_zero_native\Debug/core.a(SERCOM.cpp.o)
                0x00001cf4                SERCOM::initUART(SercomUartMode, SercomUartSampleRate, unsigned long)
 .text._ZN6SERCOM14initMasterWIREEm
                0x00001d60       0x54 C:\Users\mosta\AppData\Local\Temp\VMBuilds\TinyBeep_Demo\arduino_zero_native\Debug/core.a(SERCOM.cpp.o)
                0x00001d60                SERCOM::initMasterWIRE(unsigned long)
 .text._ZN4UartcvbEv
                0x00001db4        0x4 C:\Users\mosta\AppData\Local\Temp\VMBuilds\TinyBeep_Demo\arduino_zero_native\Debug/core.a(Uart.cpp.o)
                0x00001db4                Uart::operator bool()
 .text._ZN4Uart5beginEm
                0x00001db8       0x10 C:\Users\mosta\AppData\Local\Temp\VMBuilds\TinyBeep_Demo\arduino_zero_native\Debug/core.a(Uart.cpp.o)
                0x00001db8                Uart::begin(unsigned long)
 .text._ZN4Uart4peekEv
                0x00001dc8       0x1a C:\Users\mosta\AppData\Local\Temp\VMBuilds\TinyBeep_Demo\arduino_zero_native\Debug/core.a(Uart.cpp.o)
                0x00001dc8                Uart::peek()
 .text._ZN4Uart3endEv
                0x00001de2       0x20 C:\Users\mosta\AppData\Local\Temp\VMBuilds\TinyBeep_Demo\arduino_zero_native\Debug/core.a(Uart.cpp.o)
                0x00001de2                Uart::end()
 *fill*         0x00001e02        0x2 
 .text._ZN4UartC2EP6SERCOMhh11SercomRXPad15SercomUartTXPadhh
                0x00001e04       0xa4 C:\Users\mosta\AppData\Local\Temp\VMBuilds\TinyBeep_Demo\arduino_zero_native\Debug/core.a(Uart.cpp.o)
                0x00001e04                Uart::Uart(SERCOM*, unsigned char, unsigned char, SercomRXPad, SercomUartTXPad, unsigned char, unsigned char)
                0x00001e04                Uart::Uart(SERCOM*, unsigned char, unsigned char, SercomRXPad, SercomUartTXPad, unsigned char, unsigned char)
 .text._ZN4UartC2EP6SERCOMhh11SercomRXPad15SercomUartTXPad
                0x00001ea8       0x24 C:\Users\mosta\AppData\Local\Temp\VMBuilds\TinyBeep_Demo\arduino_zero_native\Debug/core.a(Uart.cpp.o)
                0x00001ea8                Uart::Uart(SERCOM*, unsigned char, unsigned char, SercomRXPad, SercomUartTXPad)
                0x00001ea8                Uart::Uart(SERCOM*, unsigned char, unsigned char, SercomRXPad, SercomUartTXPad)
 .text._ZN4Uart16extractNbStopBitEt
                0x00001ecc        0xe C:\Users\mosta\AppData\Local\Temp\VMBuilds\TinyBeep_Demo\arduino_zero_native\Debug/core.a(Uart.cpp.o)
                0x00001ecc                Uart::extractNbStopBit(unsigned short)
 .text._ZN4Uart15extractCharSizeEt
                0x00001eda       0x2c C:\Users\mosta\AppData\Local\Temp\VMBuilds\TinyBeep_Demo\arduino_zero_native\Debug/core.a(Uart.cpp.o)
                0x00001eda                Uart::extractCharSize(unsigned short)
 .text._ZN4Uart13extractParityEt
                0x00001f06       0x18 C:\Users\mosta\AppData\Local\Temp\VMBuilds\TinyBeep_Demo\arduino_zero_native\Debug/core.a(Uart.cpp.o)
                0x00001f06                Uart::extractParity(unsigned short)
 *fill*         0x00001f1e        0x2 
 .text._ZN4Uart5beginEmt
                0x00001f20       0xf8 C:\Users\mosta\AppData\Local\Temp\VMBuilds\TinyBeep_Demo\arduino_zero_native\Debug/core.a(Uart.cpp.o)
                0x00001f20                Uart::begin(unsigned long, unsigned short)
 .text._ZN11RingBufferNILi256EE9availableEv
                0x00002018       0x12 C:\Users\mosta\AppData\Local\Temp\VMBuilds\TinyBeep_Demo\arduino_zero_native\Debug/core.a(Uart.cpp.o)
                0x00002018                RingBufferN<256>::available()
 *fill*         0x0000202a        0x2 
 .text._ZN4Uart5flushEv
                0x0000202c       0x30 C:\Users\mosta\AppData\Local\Temp\VMBuilds\TinyBeep_Demo\arduino_zero_native\Debug/core.a(Uart.cpp.o)
                0x0000202c                Uart::flush()
 .text._ZN4Uart9availableEv
                0x0000205c        0xa C:\Users\mosta\AppData\Local\Temp\VMBuilds\TinyBeep_Demo\arduino_zero_native\Debug/core.a(Uart.cpp.o)
                0x0000205c                Uart::available()
 .text._ZN11RingBufferNILi256EE17availableForStoreEv
                0x00002066       0x1e C:\Users\mosta\AppData\Local\Temp\VMBuilds\TinyBeep_Demo\arduino_zero_native\Debug/core.a(Uart.cpp.o)
                0x00002066                RingBufferN<256>::availableForStore()
 .text._ZN4Uart17availableForWriteEv
                0x00002084        0xc C:\Users\mosta\AppData\Local\Temp\VMBuilds\TinyBeep_Demo\arduino_zero_native\Debug/core.a(Uart.cpp.o)
                0x00002084                Uart::availableForWrite()
 .text._ZN4Uart10IrqHandlerEv
                0x00002090       0xc8 C:\Users\mosta\AppData\Local\Temp\VMBuilds\TinyBeep_Demo\arduino_zero_native\Debug/core.a(Uart.cpp.o)
                0x00002090                Uart::IrqHandler()
 .text._ZN4Uart5writeEh
                0x00002158       0xb4 C:\Users\mosta\AppData\Local\Temp\VMBuilds\TinyBeep_Demo\arduino_zero_native\Debug/core.a(Uart.cpp.o)
                0x00002158                Uart::write(unsigned char)
 .text._ZN4Uart4readEv
                0x0000220c       0x4c C:\Users\mosta\AppData\Local\Temp\VMBuilds\TinyBeep_Demo\arduino_zero_native\Debug/core.a(Uart.cpp.o)
                0x0000220c                Uart::read()
 .text._ZN7Serial_17availableForWriteEv
                0x00002258        0x4 C:\Users\mosta\AppData\Local\Temp\VMBuilds\TinyBeep_Demo\arduino_zero_native\Debug/core.a(CDC.cpp.o)
                0x00002258                Serial_::availableForWrite()
 .text._ZN7Serial_5writeEh
                0x0000225c       0x14 C:\Users\mosta\AppData\Local\Temp\VMBuilds\TinyBeep_Demo\arduino_zero_native\Debug/core.a(CDC.cpp.o)
                0x0000225c                Serial_::write(unsigned char)
 .text._ZN7Serial_9availableEv
                0x00002270        0xc C:\Users\mosta\AppData\Local\Temp\VMBuilds\TinyBeep_Demo\arduino_zero_native\Debug/core.a(CDC.cpp.o)
                0x00002270                Serial_::available()
 .text._ZN7Serial_5flushEv
                0x0000227c        0xc C:\Users\mosta\AppData\Local\Temp\VMBuilds\TinyBeep_Demo\arduino_zero_native\Debug/core.a(CDC.cpp.o)
                0x0000227c                Serial_::flush()
 .text._ZN7Serial_5writeEPKhj
                0x00002288       0x1c C:\Users\mosta\AppData\Local\Temp\VMBuilds\TinyBeep_Demo\arduino_zero_native\Debug/core.a(CDC.cpp.o)
                0x00002288                Serial_::write(unsigned char const*, unsigned int)
 .text._ZN7Serial_4peekEv
                0x000022a4       0x1c C:\Users\mosta\AppData\Local\Temp\VMBuilds\TinyBeep_Demo\arduino_zero_native\Debug/core.a(CDC.cpp.o)
                0x000022a4                Serial_::peek()
 .text._ZN7Serial_4readEv
                0x000022c0       0x24 C:\Users\mosta\AppData\Local\Temp\VMBuilds\TinyBeep_Demo\arduino_zero_native\Debug/core.a(CDC.cpp.o)
                0x000022c0                Serial_::read()
 .text._Z16CDC_GetInterfacePh
                0x000022e4       0x1c C:\Users\mosta\AppData\Local\Temp\VMBuilds\TinyBeep_Demo\arduino_zero_native\Debug/core.a(CDC.cpp.o)
                0x000022e4                CDC_GetInterface(unsigned char*)
 .text._Z9CDC_SetupR8USBSetup
                0x00002300       0x80 C:\Users\mosta\AppData\Local\Temp\VMBuilds\TinyBeep_Demo\arduino_zero_native\Debug/core.a(CDC.cpp.o)
                0x00002300                CDC_Setup(USBSetup&)
 .text._ZN7Serial_5beginEm
                0x00002380        0x2 C:\Users\mosta\AppData\Local\Temp\VMBuilds\TinyBeep_Demo\arduino_zero_native\Debug/core.a(CDC.cpp.o)
                0x00002380                Serial_::begin(unsigned long)
 *fill*         0x00002382        0x2 
 .text.startup._GLOBAL__sub_I__Z17_CDC_GetInterfacev
                0x00002384       0x28 C:\Users\mosta\AppData\Local\Temp\VMBuilds\TinyBeep_Demo\arduino_zero_native\Debug/core.a(CDC.cpp.o)
 .text._ZL5utox8mPc
                0x000023ac       0x1c C:\Users\mosta\AppData\Local\Temp\VMBuilds\TinyBeep_Demo\arduino_zero_native\Debug/core.a(USBCore.cpp.o)
 .text._ZN26DoubleBufferedEPOutHandlerD2Ev
                0x000023c8       0x1c C:\Users\mosta\AppData\Local\Temp\VMBuilds\TinyBeep_Demo\arduino_zero_native\Debug/core.a(USBCore.cpp.o)
                0x000023c8                DoubleBufferedEPOutHandler::~DoubleBufferedEPOutHandler()
                0x000023c8                DoubleBufferedEPOutHandler::~DoubleBufferedEPOutHandler()
 .text._ZN26DoubleBufferedEPOutHandlerD0Ev
                0x000023e4       0x12 C:\Users\mosta\AppData\Local\Temp\VMBuilds\TinyBeep_Demo\arduino_zero_native\Debug/core.a(USBCore.cpp.o)
                0x000023e4                DoubleBufferedEPOutHandler::~DoubleBufferedEPOutHandler()
 *fill*         0x000023f6        0x2 
 .text._ZN14USBDeviceClass6initEPEmm.part.4
                0x000023f8       0xc8 C:\Users\mosta\AppData\Local\Temp\VMBuilds\TinyBeep_Demo\arduino_zero_native\Debug/core.a(USBCore.cpp.o)
 .text._ZN20USBDevice_SAMD21G18x5resetEv
                0x000024c0       0x28 C:\Users\mosta\AppData\Local\Temp\VMBuilds\TinyBeep_Demo\arduino_zero_native\Debug/core.a(USBCore.cpp.o)
                0x000024c0                USBDevice_SAMD21G18x::reset()
 .text._ZN20USBDevice_SAMD21G18x9calibrateEv
                0x000024e8       0x5c C:\Users\mosta\AppData\Local\Temp\VMBuilds\TinyBeep_Demo\arduino_zero_native\Debug/core.a(USBCore.cpp.o)
                0x000024e8                USBDevice_SAMD21G18x::calibrate()
 .text._ZN7__GuardC2Ev
                0x00002544        0xe C:\Users\mosta\AppData\Local\Temp\VMBuilds\TinyBeep_Demo\arduino_zero_native\Debug/core.a(USBCore.cpp.o)
                0x00002544                __Guard::__Guard()
                0x00002544                __Guard::__Guard()
 .text._ZN7__GuardD2Ev
                0x00002552        0xe C:\Users\mosta\AppData\Local\Temp\VMBuilds\TinyBeep_Demo\arduino_zero_native\Debug/core.a(USBCore.cpp.o)
                0x00002552                __Guard::~__Guard()
                0x00002552                __Guard::~__Guard()
 .text._ZNK26DoubleBufferedEPOutHandler9availableEv
                0x00002560       0x5e C:\Users\mosta\AppData\Local\Temp\VMBuilds\TinyBeep_Demo\arduino_zero_native\Debug/core.a(USBCore.cpp.o)
                0x00002560                DoubleBufferedEPOutHandler::available() const
 *fill*         0x000025be        0x2 
 .text._ZN26DoubleBufferedEPOutHandler7releaseEv
                0x000025c0       0x58 C:\Users\mosta\AppData\Local\Temp\VMBuilds\TinyBeep_Demo\arduino_zero_native\Debug/core.a(USBCore.cpp.o)
                0x000025c0                DoubleBufferedEPOutHandler::release()
 .text._ZN26DoubleBufferedEPOutHandler4recvEPvm
                0x00002618      0x11c C:\Users\mosta\AppData\Local\Temp\VMBuilds\TinyBeep_Demo\arduino_zero_native\Debug/core.a(USBCore.cpp.o)
                0x00002618                DoubleBufferedEPOutHandler::recv(void*, unsigned long)
 .text._ZN26DoubleBufferedEPOutHandler14handleEndpointEv
                0x00002734       0xc8 C:\Users\mosta\AppData\Local\Temp\VMBuilds\TinyBeep_Demo\arduino_zero_native\Debug/core.a(USBCore.cpp.o)
                0x00002734                DoubleBufferedEPOutHandler::handleEndpoint()
 .text._ZN14USBDeviceClass14SendInterfacesEPm
                0x000027fc       0x2c C:\Users\mosta\AppData\Local\Temp\VMBuilds\TinyBeep_Demo\arduino_zero_native\Debug/core.a(USBCore.cpp.o)
                0x000027fc                USBDeviceClass::SendInterfaces(unsigned long*)
 .text._ZN14USBDeviceClass14handleEndpointEh
                0x00002828       0x40 C:\Users\mosta\AppData\Local\Temp\VMBuilds\TinyBeep_Demo\arduino_zero_native\Debug/core.a(USBCore.cpp.o)
                0x00002828                USBDeviceClass::handleEndpoint(unsigned char)
 .text._ZN14USBDeviceClass4initEv
                0x00002868       0xf0 C:\Users\mosta\AppData\Local\Temp\VMBuilds\TinyBeep_Demo\arduino_zero_native\Debug/core.a(USBCore.cpp.o)
                0x00002868                USBDeviceClass::init()
 .text._ZN14USBDeviceClass6attachEv
                0x00002958       0x34 C:\Users\mosta\AppData\Local\Temp\VMBuilds\TinyBeep_Demo\arduino_zero_native\Debug/core.a(USBCore.cpp.o)
                0x00002958                USBDeviceClass::attach()
 .text._ZN14USBDeviceClass10setAddressEm
                0x0000298c       0x48 C:\Users\mosta\AppData\Local\Temp\VMBuilds\TinyBeep_Demo\arduino_zero_native\Debug/core.a(USBCore.cpp.o)
                0x0000298c                USBDeviceClass::setAddress(unsigned long)
 .text._ZN14USBDeviceClass25handleClassInterfaceSetupER8USBSetup
                0x000029d4       0x40 C:\Users\mosta\AppData\Local\Temp\VMBuilds\TinyBeep_Demo\arduino_zero_native\Debug/core.a(USBCore.cpp.o)
                0x000029d4                USBDeviceClass::handleClassInterfaceSetup(USBSetup&)
 .text._ZN14USBDeviceClass6initEPEmm
                0x00002a14       0xf8 C:\Users\mosta\AppData\Local\Temp\VMBuilds\TinyBeep_Demo\arduino_zero_native\Debug/core.a(USBCore.cpp.o)
                0x00002a14                USBDeviceClass::initEP(unsigned long, unsigned long)
 .text._ZN14USBDeviceClass13initEndpointsEv
                0x00002b0c       0x24 C:\Users\mosta\AppData\Local\Temp\VMBuilds\TinyBeep_Demo\arduino_zero_native\Debug/core.a(USBCore.cpp.o)
                0x00002b0c                USBDeviceClass::initEndpoints()
 .text._ZN14USBDeviceClass9availableEm
                0x00002b30       0x2c C:\Users\mosta\AppData\Local\Temp\VMBuilds\TinyBeep_Demo\arduino_zero_native\Debug/core.a(USBCore.cpp.o)
                0x00002b30                USBDeviceClass::available(unsigned long)
 .text._ZN14USBDeviceClass5flushEm
                0x00002b5c       0x2c C:\Users\mosta\AppData\Local\Temp\VMBuilds\TinyBeep_Demo\arduino_zero_native\Debug/core.a(USBCore.cpp.o)
                0x00002b5c                USBDeviceClass::flush(unsigned long)
 .text._ZN14USBDeviceClass14armRecvCtrlOUTEm
                0x00002b88       0x60 C:\Users\mosta\AppData\Local\Temp\VMBuilds\TinyBeep_Demo\arduino_zero_native\Debug/core.a(USBCore.cpp.o)
                0x00002b88                USBDeviceClass::armRecvCtrlOUT(unsigned long)
 .text._ZN14USBDeviceClass11recvControlEPvm
                0x00002be8       0x3c C:\Users\mosta\AppData\Local\Temp\VMBuilds\TinyBeep_Demo\arduino_zero_native\Debug/core.a(USBCore.cpp.o)
                0x00002be8                USBDeviceClass::recvControl(void*, unsigned long)
 .text._ZN14USBDeviceClass7armRecvEm
                0x00002c24       0x3c C:\Users\mosta\AppData\Local\Temp\VMBuilds\TinyBeep_Demo\arduino_zero_native\Debug/core.a(USBCore.cpp.o)
                0x00002c24                USBDeviceClass::armRecv(unsigned long)
 .text._ZN14USBDeviceClass4recvEmPvm
                0x00002c60       0xd8 C:\Users\mosta\AppData\Local\Temp\VMBuilds\TinyBeep_Demo\arduino_zero_native\Debug/core.a(USBCore.cpp.o)
                0x00002c60                USBDeviceClass::recv(unsigned long, void*, unsigned long)
 .text._ZN14USBDeviceClass4recvEm
                0x00002d38       0x1c C:\Users\mosta\AppData\Local\Temp\VMBuilds\TinyBeep_Demo\arduino_zero_native\Debug/core.a(USBCore.cpp.o)
                0x00002d38                USBDeviceClass::recv(unsigned long)
 .text._ZN14USBDeviceClass4sendEmPKvm
                0x00002d54      0x124 C:\Users\mosta\AppData\Local\Temp\VMBuilds\TinyBeep_Demo\arduino_zero_native\Debug/core.a(USBCore.cpp.o)
                0x00002d54                USBDeviceClass::send(unsigned long, void const*, unsigned long)
 .text._ZN14USBDeviceClass7armSendEmPKvm
                0x00002e78       0x48 C:\Users\mosta\AppData\Local\Temp\VMBuilds\TinyBeep_Demo\arduino_zero_native\Debug/core.a(USBCore.cpp.o)
                0x00002e78                USBDeviceClass::armSend(unsigned long, void const*, unsigned long)
 .text._ZN14USBDeviceClass11sendControlEPKvm
                0x00002ec0       0x58 C:\Users\mosta\AppData\Local\Temp\VMBuilds\TinyBeep_Demo\arduino_zero_native\Debug/core.a(USBCore.cpp.o)
                0x00002ec0                USBDeviceClass::sendControl(void const*, unsigned long)
 .text._ZN14USBDeviceClass20sendStringDescriptorEPKhh
                0x00002f18       0x68 C:\Users\mosta\AppData\Local\Temp\VMBuilds\TinyBeep_Demo\arduino_zero_native\Debug/core.a(USBCore.cpp.o)
                0x00002f18                USBDeviceClass::sendStringDescriptor(unsigned char const*, unsigned char)
 .text._ZN14USBDeviceClass12packMessagesEb.part.6
                0x00002f80       0x20 C:\Users\mosta\AppData\Local\Temp\VMBuilds\TinyBeep_Demo\arduino_zero_native\Debug/core.a(USBCore.cpp.o)
 .text._ZN14USBDeviceClass17sendConfigurationEm
                0x00002fa0       0x90 C:\Users\mosta\AppData\Local\Temp\VMBuilds\TinyBeep_Demo\arduino_zero_native\Debug/core.a(USBCore.cpp.o)
                0x00002fa0                USBDeviceClass::sendConfiguration(unsigned long)
 .text._ZN14USBDeviceClass14sendDescriptorER8USBSetup
                0x00003030       0xec C:\Users\mosta\AppData\Local\Temp\VMBuilds\TinyBeep_Demo\arduino_zero_native\Debug/core.a(USBCore.cpp.o)
                0x00003030                USBDeviceClass::sendDescriptor(USBSetup&)
 .text._ZN14USBDeviceClass19handleStandardSetupER8USBSetup
                0x0000311c      0x118 C:\Users\mosta\AppData\Local\Temp\VMBuilds\TinyBeep_Demo\arduino_zero_native\Debug/core.a(USBCore.cpp.o)
                0x0000311c                USBDeviceClass::handleStandardSetup(USBSetup&)
 .text._ZN14USBDeviceClass10ISRHandlerEv
                0x00003234      0x150 C:\Users\mosta\AppData\Local\Temp\VMBuilds\TinyBeep_Demo\arduino_zero_native\Debug/core.a(USBCore.cpp.o)
                0x00003234                USBDeviceClass::ISRHandler()
 .text.UDD_Handler
                0x00003384       0x10 C:\Users\mosta\AppData\Local\Temp\VMBuilds\TinyBeep_Demo\arduino_zero_native\Debug/core.a(USBCore.cpp.o)
                0x00003384                UDD_Handler
 .text.startup._GLOBAL__sub_I__ZN20USBDevice_SAMD21G18x5resetEv
                0x00003394       0x10 C:\Users\mosta\AppData\Local\Temp\VMBuilds\TinyBeep_Demo\arduino_zero_native\Debug/core.a(USBCore.cpp.o)
 .text._Znwj    0x000033a4        0x8 C:\Users\mosta\AppData\Local\Temp\VMBuilds\TinyBeep_Demo\arduino_zero_native\Debug/core.a(new.cpp.o)
                0x000033a4                operator new(unsigned int)
 .text._ZdlPv   0x000033ac        0x8 C:\Users\mosta\AppData\Local\Temp\VMBuilds\TinyBeep_Demo\arduino_zero_native\Debug/core.a(new.cpp.o)
                0x000033ac                operator delete(void*)
 .text._ZN13PluggableUSB_12getInterfaceEPh
                0x000033b4       0x2a C:\Users\mosta\AppData\Local\Temp\VMBuilds\TinyBeep_Demo\arduino_zero_native\Debug/core.a(PluggableUSB.cpp.o)
                0x000033b4                PluggableUSB_::getInterface(unsigned char*)
 .text._ZN13PluggableUSB_13getDescriptorER8USBSetup
                0x000033de       0x20 C:\Users\mosta\AppData\Local\Temp\VMBuilds\TinyBeep_Demo\arduino_zero_native\Debug/core.a(PluggableUSB.cpp.o)
                0x000033de                PluggableUSB_::getDescriptor(USBSetup&)
 .text._ZN13PluggableUSB_12getShortNameEPc
                0x000033fe       0x1e C:\Users\mosta\AppData\Local\Temp\VMBuilds\TinyBeep_Demo\arduino_zero_native\Debug/core.a(PluggableUSB.cpp.o)
                0x000033fe                PluggableUSB_::getShortName(char*)
 .text._ZN13PluggableUSB_5setupER8USBSetup
                0x0000341c       0x24 C:\Users\mosta\AppData\Local\Temp\VMBuilds\TinyBeep_Demo\arduino_zero_native\Debug/core.a(PluggableUSB.cpp.o)
                0x0000341c                PluggableUSB_::setup(USBSetup&)
 .text._Z12PluggableUSBv
                0x00003440       0x24 C:\Users\mosta\AppData\Local\Temp\VMBuilds\TinyBeep_Demo\arduino_zero_native\Debug/core.a(PluggableUSB.cpp.o)
                0x00003440                PluggableUSB()
 .text.__aeabi_atexit
                0x00003464        0xe c:/users/mosta/appdata/local/arduino15/packages/arduino/tools/arm-none-eabi-gcc/4.8.3-2014q1/bin/../lib/gcc/arm-none-eabi/4.8.3/../../../../arm-none-eabi/lib/armv6-m\libstdc++_s.a(atexit_arm.o)
                0x00003464                __aeabi_atexit
 *fill*         0x00003472        0x2 
 .text.__fpclassifyd
                0x00003474       0x60 c:/users/mosta/appdata/local/arduino15/packages/arduino/tools/arm-none-eabi-gcc/4.8.3-2014q1/bin/../lib/gcc/arm-none-eabi/4.8.3/../../../../arm-none-eabi/lib/armv6-m\libm.a(lib_a-s_fpclassify.o)
                0x00003474                __fpclassifyd
 *fill*         0x000034d4        0x4 
 .text.pow      0x000034d8      0x370 c:/users/mosta/appdata/local/arduino15/packages/arduino/tools/arm-none-eabi-gcc/4.8.3-2014q1/bin/../lib/gcc/arm-none-eabi/4.8.3/../../../../arm-none-eabi/lib/armv6-m\libm.a(lib_a-w_pow.o)
                0x000034d8                pow
 .text.__ieee754_pow
                0x00003848      0xb20 c:/users/mosta/appdata/local/arduino15/packages/arduino/tools/arm-none-eabi-gcc/4.8.3-2014q1/bin/../lib/gcc/arm-none-eabi/4.8.3/../../../../arm-none-eabi/lib/armv6-m\libm.a(lib_a-e_pow.o)
                0x00003848                __ieee754_pow
 .text.__ieee754_sqrt
                0x00004368      0x1cc c:/users/mosta/appdata/local/arduino15/packages/arduino/tools/arm-none-eabi-gcc/4.8.3-2014q1/bin/../lib/gcc/arm-none-eabi/4.8.3/../../../../arm-none-eabi/lib/armv6-m\libm.a(lib_a-e_sqrt.o)
                0x00004368                __ieee754_sqrt
 .text.fabs     0x00004534        0x8 c:/users/mosta/appdata/local/arduino15/packages/arduino/tools/arm-none-eabi-gcc/4.8.3-2014q1/bin/../lib/gcc/arm-none-eabi/4.8.3/../../../../arm-none-eabi/lib/armv6-m\libm.a(lib_a-s_fabs.o)
                0x00004534                fabs
 .text.finite   0x0000453c       0x10 c:/users/mosta/appdata/local/arduino15/packages/arduino/tools/arm-none-eabi-gcc/4.8.3-2014q1/bin/../lib/gcc/arm-none-eabi/4.8.3/../../../../arm-none-eabi/lib/armv6-m\libm.a(lib_a-s_finite.o)
                0x0000453c                finite
 .text.matherr  0x0000454c        0x4 c:/users/mosta/appdata/local/arduino15/packages/arduino/tools/arm-none-eabi-gcc/4.8.3-2014q1/bin/../lib/gcc/arm-none-eabi/4.8.3/../../../../arm-none-eabi/lib/armv6-m\libm.a(lib_a-s_matherr.o)
                0x0000454c                matherr
 .text.nan      0x00004550       0x10 c:/users/mosta/appdata/local/arduino15/packages/arduino/tools/arm-none-eabi-gcc/4.8.3-2014q1/bin/../lib/gcc/arm-none-eabi/4.8.3/../../../../arm-none-eabi/lib/armv6-m\libm.a(lib_a-s_nan.o)
                0x00004550                nan
 .text.rint     0x00004560      0x154 c:/users/mosta/appdata/local/arduino15/packages/arduino/tools/arm-none-eabi-gcc/4.8.3-2014q1/bin/../lib/gcc/arm-none-eabi/4.8.3/../../../../arm-none-eabi/lib/armv6-m\libm.a(lib_a-s_rint.o)
                0x00004560                rint
 *fill*         0x000046b4        0x4 
 .text.scalbn   0x000046b8      0x110 c:/users/mosta/appdata/local/arduino15/packages/arduino/tools/arm-none-eabi-gcc/4.8.3-2014q1/bin/../lib/gcc/arm-none-eabi/4.8.3/../../../../arm-none-eabi/lib/armv6-m\libm.a(lib_a-s_scalbn.o)
                0x000046b8                scalbn
 .text.copysign
                0x000047c8       0x10 c:/users/mosta/appdata/local/arduino15/packages/arduino/tools/arm-none-eabi-gcc/4.8.3-2014q1/bin/../lib/gcc/arm-none-eabi/4.8.3/../../../../arm-none-eabi/lib/armv6-m\libm.a(lib_a-s_copysign.o)
                0x000047c8                copysign
 .text          0x000047d8       0x14 c:/users/mosta/appdata/local/arduino15/packages/arduino/tools/arm-none-eabi-gcc/4.8.3-2014q1/bin/../lib/gcc/arm-none-eabi/4.8.3/armv6-m\libgcc.a(_thumb1_case_uqi.o)
                0x000047d8                __gnu_thumb1_case_uqi
 .text          0x000047ec       0x9c c:/users/mosta/appdata/local/arduino15/packages/arduino/tools/arm-none-eabi-gcc/4.8.3-2014q1/bin/../lib/gcc/arm-none-eabi/4.8.3/armv6-m\libgcc.a(_udivsi3.o)
                0x000047ec                __aeabi_uidiv
                0x000047ec                __udivsi3
                0x00004874                __aeabi_uidivmod
 .text          0x00004888       0xc0 c:/users/mosta/appdata/local/arduino15/packages/arduino/tools/arm-none-eabi-gcc/4.8.3-2014q1/bin/../lib/gcc/arm-none-eabi/4.8.3/armv6-m\libgcc.a(_divsi3.o)
                0x00004888                __divsi3
                0x00004888                __aeabi_idiv
                0x00004934                __aeabi_idivmod
 .text          0x00004948        0x4 c:/users/mosta/appdata/local/arduino15/packages/arduino/tools/arm-none-eabi-gcc/4.8.3-2014q1/bin/../lib/gcc/arm-none-eabi/4.8.3/armv6-m\libgcc.a(_dvmd_tls.o)
                0x00004948                __aeabi_idiv0
                0x00004948                __aeabi_ldiv0
 .text          0x0000494c       0x7c c:/users/mosta/appdata/local/arduino15/packages/arduino/tools/arm-none-eabi-gcc/4.8.3-2014q1/bin/../lib/gcc/arm-none-eabi/4.8.3/armv6-m\libgcc.a(_arm_cmpdf2.o)
                0x0000494c                __aeabi_cdrcmple
                0x0000495c                __aeabi_cdcmple
                0x0000495c                __aeabi_cdcmpeq
                0x0000496c                __aeabi_dcmpeq
                0x00004978                __aeabi_dcmplt
                0x0000498c                __aeabi_dcmple
                0x000049a0                __aeabi_dcmpgt
                0x000049b4                __aeabi_dcmpge
 .text          0x000049c8       0x74 c:/users/mosta/appdata/local/arduino15/packages/arduino/tools/arm-none-eabi-gcc/4.8.3-2014q1/bin/../lib/gcc/arm-none-eabi/4.8.3/armv6-m\libgcc.a(_arm_cmpsf2.o)
                0x000049c8                __aeabi_cfrcmple
                0x000049d0                __aeabi_cfcmpeq
                0x000049d0                __aeabi_cfcmple
                0x000049e0                __aeabi_fcmpeq
                0x000049ec                __aeabi_fcmplt
                0x00004a00                __aeabi_fcmple
                0x00004a14                __aeabi_fcmpgt
                0x00004a28                __aeabi_fcmpge
 .text          0x00004a3c       0x48 c:/users/mosta/appdata/local/arduino15/packages/arduino/tools/arm-none-eabi-gcc/4.8.3-2014q1/bin/../lib/gcc/arm-none-eabi/4.8.3/armv6-m\libgcc.a(_aeabi_ldivmod.o)
                0x00004a3c                __aeabi_ldivmod
 .text          0x00004a84       0x44 c:/users/mosta/appdata/local/arduino15/packages/arduino/tools/arm-none-eabi-gcc/4.8.3-2014q1/bin/../lib/gcc/arm-none-eabi/4.8.3/armv6-m\libgcc.a(_muldi3.o)
                0x00004a84                __muldi3
                0x00004a84                __aeabi_lmul
 .text          0x00004ac8       0x40 c:/users/mosta/appdata/local/arduino15/packages/arduino/tools/arm-none-eabi-gcc/4.8.3-2014q1/bin/../lib/gcc/arm-none-eabi/4.8.3/armv6-m\libgcc.a(_fixunsdfsi.o)
                0x00004ac8                __aeabi_d2uiz
                0x00004ac8                __fixunsdfsi
 .text          0x00004b08       0x70 c:/users/mosta/appdata/local/arduino15/packages/arduino/tools/arm-none-eabi-gcc/4.8.3-2014q1/bin/../lib/gcc/arm-none-eabi/4.8.3/armv6-m\libgcc.a(_floatdisf.o)
                0x00004b08                __aeabi_l2f
                0x00004b08                __floatdisf
 .text          0x00004b78       0x6c c:/users/mosta/appdata/local/arduino15/packages/arduino/tools/arm-none-eabi-gcc/4.8.3-2014q1/bin/../lib/gcc/arm-none-eabi/4.8.3/armv6-m\libgcc.a(bpabi.o)
                0x00004b78                __gnu_ldivmod_helper
                0x00004bb0                __gnu_uldivmod_helper
 .text          0x00004be4      0x2c8 c:/users/mosta/appdata/local/arduino15/packages/arduino/tools/arm-none-eabi-gcc/4.8.3-2014q1/bin/../lib/gcc/arm-none-eabi/4.8.3/armv6-m\libgcc.a(addsf3.o)
                0x00004be4                __aeabi_fadd
 .text          0x00004eac      0x24c c:/users/mosta/appdata/local/arduino15/packages/arduino/tools/arm-none-eabi-gcc/4.8.3-2014q1/bin/../lib/gcc/arm-none-eabi/4.8.3/armv6-m\libgcc.a(divsf3.o)
                0x00004eac                __aeabi_fdiv
 .text          0x000050f8       0x54 c:/users/mosta/appdata/local/arduino15/packages/arduino/tools/arm-none-eabi-gcc/4.8.3-2014q1/bin/../lib/gcc/arm-none-eabi/4.8.3/armv6-m\libgcc.a(eqsf2.o)
                0x000050f8                __eqsf2
                0x000050f8                __nesf2
 .text          0x0000514c       0x90 c:/users/mosta/appdata/local/arduino15/packages/arduino/tools/arm-none-eabi-gcc/4.8.3-2014q1/bin/../lib/gcc/arm-none-eabi/4.8.3/armv6-m\libgcc.a(gesf2.o)
                0x0000514c                __gesf2
                0x0000514c                __gtsf2
 .text          0x000051dc       0x98 c:/users/mosta/appdata/local/arduino15/packages/arduino/tools/arm-none-eabi-gcc/4.8.3-2014q1/bin/../lib/gcc/arm-none-eabi/4.8.3/armv6-m\libgcc.a(lesf2.o)
                0x000051dc                __ltsf2
                0x000051dc                __lesf2
 .text          0x00005274      0x254 c:/users/mosta/appdata/local/arduino15/packages/arduino/tools/arm-none-eabi-gcc/4.8.3-2014q1/bin/../lib/gcc/arm-none-eabi/4.8.3/armv6-m\libgcc.a(mulsf3.o)
                0x00005274                __aeabi_fmul
 .text          0x000054c8      0x2e0 c:/users/mosta/appdata/local/arduino15/packages/arduino/tools/arm-none-eabi-gcc/4.8.3-2014q1/bin/../lib/gcc/arm-none-eabi/4.8.3/armv6-m\libgcc.a(subsf3.o)
                0x000054c8                __aeabi_fsub
 .text          0x000057a8       0x40 c:/users/mosta/appdata/local/arduino15/packages/arduino/tools/arm-none-eabi-gcc/4.8.3-2014q1/bin/../lib/gcc/arm-none-eabi/4.8.3/armv6-m\libgcc.a(fixsfsi.o)
                0x000057a8                __aeabi_f2iz
 .text          0x000057e8       0xb8 c:/users/mosta/appdata/local/arduino15/packages/arduino/tools/arm-none-eabi-gcc/4.8.3-2014q1/bin/../lib/gcc/arm-none-eabi/4.8.3/armv6-m\libgcc.a(floatsisf.o)
                0x000057e8                __aeabi_i2f
 .text          0x000058a0      0x638 c:/users/mosta/appdata/local/arduino15/packages/arduino/tools/arm-none-eabi-gcc/4.8.3-2014q1/bin/../lib/gcc/arm-none-eabi/4.8.3/armv6-m\libgcc.a(adddf3.o)
                0x000058a0                __aeabi_dadd
 .text          0x00005ed8      0x648 c:/users/mosta/appdata/local/arduino15/packages/arduino/tools/arm-none-eabi-gcc/4.8.3-2014q1/bin/../lib/gcc/arm-none-eabi/4.8.3/armv6-m\libgcc.a(divdf3.o)
                0x00005ed8                __aeabi_ddiv
 .text          0x00006520       0x94 c:/users/mosta/appdata/local/arduino15/packages/arduino/tools/arm-none-eabi-gcc/4.8.3-2014q1/bin/../lib/gcc/arm-none-eabi/4.8.3/armv6-m\libgcc.a(eqdf2.o)
                0x00006520                __nedf2
                0x00006520                __eqdf2
 .text          0x000065b4       0xfc c:/users/mosta/appdata/local/arduino15/packages/arduino/tools/arm-none-eabi-gcc/4.8.3-2014q1/bin/../lib/gcc/arm-none-eabi/4.8.3/armv6-m\libgcc.a(gedf2.o)
                0x000065b4                __gedf2
                0x000065b4                __gtdf2
 .text          0x000066b0       0xfc c:/users/mosta/appdata/local/arduino15/packages/arduino/tools/arm-none-eabi-gcc/4.8.3-2014q1/bin/../lib/gcc/arm-none-eabi/4.8.3/armv6-m\libgcc.a(ledf2.o)
                0x000066b0                __ledf2
                0x000066b0                __ltdf2
 .text          0x000067ac      0x520 c:/users/mosta/appdata/local/arduino15/packages/arduino/tools/arm-none-eabi-gcc/4.8.3-2014q1/bin/../lib/gcc/arm-none-eabi/4.8.3/armv6-m\libgcc.a(muldf3.o)
                0x000067ac                __aeabi_dmul
 .text          0x00006ccc      0x654 c:/users/mosta/appdata/local/arduino15/packages/arduino/tools/arm-none-eabi-gcc/4.8.3-2014q1/bin/../lib/gcc/arm-none-eabi/4.8.3/armv6-m\libgcc.a(subdf3.o)
                0x00006ccc                __aeabi_dsub
 .text          0x00007320       0x68 c:/users/mosta/appdata/local/arduino15/packages/arduino/tools/arm-none-eabi-gcc/4.8.3-2014q1/bin/../lib/gcc/arm-none-eabi/4.8.3/armv6-m\libgcc.a(fixdfsi.o)
                0x00007320                __aeabi_d2iz
 .text          0x00007388       0x7c c:/users/mosta/appdata/local/arduino15/packages/arduino/tools/arm-none-eabi-gcc/4.8.3-2014q1/bin/../lib/gcc/arm-none-eabi/4.8.3/armv6-m\libgcc.a(floatsidf.o)
                0x00007388                __aeabi_i2d
 .text          0x00007404       0x68 c:/users/mosta/appdata/local/arduino15/packages/arduino/tools/arm-none-eabi-gcc/4.8.3-2014q1/bin/../lib/gcc/arm-none-eabi/4.8.3/armv6-m\libgcc.a(floatunsidf.o)
                0x00007404                __aeabi_ui2d
 .text          0x0000746c       0xa4 c:/users/mosta/appdata/local/arduino15/packages/arduino/tools/arm-none-eabi-gcc/4.8.3-2014q1/bin/../lib/gcc/arm-none-eabi/4.8.3/armv6-m\libgcc.a(extendsfdf2.o)
                0x0000746c                __aeabi_f2d
 .text          0x00007510      0x118 c:/users/mosta/appdata/local/arduino15/packages/arduino/tools/arm-none-eabi-gcc/4.8.3-2014q1/bin/../lib/gcc/arm-none-eabi/4.8.3/armv6-m\libgcc.a(truncdfsf2.o)
                0x00007510                __aeabi_d2f
 .text          0x00007628       0x3c c:/users/mosta/appdata/local/arduino15/packages/arduino/tools/arm-none-eabi-gcc/4.8.3-2014q1/bin/../lib/gcc/arm-none-eabi/4.8.3/armv6-m\libgcc.a(_clzsi2.o)
                0x00007628                __clzsi2
 .text          0x00007664      0x3b8 c:/users/mosta/appdata/local/arduino15/packages/arduino/tools/arm-none-eabi-gcc/4.8.3-2014q1/bin/../lib/gcc/arm-none-eabi/4.8.3/armv6-m\libgcc.a(_divdi3.o)
                0x00007664                __divdi3
 .text          0x00007a1c      0x384 c:/users/mosta/appdata/local/arduino15/packages/arduino/tools/arm-none-eabi-gcc/4.8.3-2014q1/bin/../lib/gcc/arm-none-eabi/4.8.3/armv6-m\libgcc.a(_udivdi3.o)
                0x00007a1c                __udivdi3
 .text.__cxa_atexit
                0x00007da0       0x20 c:/users/mosta/appdata/local/arduino15/packages/arduino/tools/arm-none-eabi-gcc/4.8.3-2014q1/bin/../lib/gcc/arm-none-eabi/4.8.3/../../../../arm-none-eabi/lib/armv6-m\libc_s.a(lib_a-cxa_atexit.o)
                0x00007da0                __cxa_atexit
 .text.__errno  0x00007dc0        0xc c:/users/mosta/appdata/local/arduino15/packages/arduino/tools/arm-none-eabi-gcc/4.8.3-2014q1/bin/../lib/gcc/arm-none-eabi/4.8.3/../../../../arm-none-eabi/lib/armv6-m\libc_s.a(lib_a-errno.o)
                0x00007dc0                __errno
 .text.__libc_init_array
                0x00007dcc       0x4c c:/users/mosta/appdata/local/arduino15/packages/arduino/tools/arm-none-eabi-gcc/4.8.3-2014q1/bin/../lib/gcc/arm-none-eabi/4.8.3/../../../../arm-none-eabi/lib/armv6-m\libc_s.a(lib_a-init.o)
                0x00007dcc                __libc_init_array
 .text.malloc   0x00007e18       0x14 c:/users/mosta/appdata/local/arduino15/packages/arduino/tools/arm-none-eabi-gcc/4.8.3-2014q1/bin/../lib/gcc/arm-none-eabi/4.8.3/../../../../arm-none-eabi/lib/armv6-m\libc_s.a(lib_a-malloc.o)
                0x00007e18                malloc
 .text.free     0x00007e2c       0x14 c:/users/mosta/appdata/local/arduino15/packages/arduino/tools/arm-none-eabi-gcc/4.8.3-2014q1/bin/../lib/gcc/arm-none-eabi/4.8.3/../../../../arm-none-eabi/lib/armv6-m\libc_s.a(lib_a-malloc.o)
                0x00007e2c                free
 .text.memcpy   0x00007e40       0x12 c:/users/mosta/appdata/local/arduino15/packages/arduino/tools/arm-none-eabi-gcc/4.8.3-2014q1/bin/../lib/gcc/arm-none-eabi/4.8.3/../../../../arm-none-eabi/lib/armv6-m\libc_s.a(lib_a-memcpy-stub.o)
                0x00007e40                memcpy
 .text.memset   0x00007e52       0x10 c:/users/mosta/appdata/local/arduino15/packages/arduino/tools/arm-none-eabi-gcc/4.8.3-2014q1/bin/../lib/gcc/arm-none-eabi/4.8.3/../../../../arm-none-eabi/lib/armv6-m\libc_s.a(lib_a-memset.o)
                0x00007e52                memset
 *fill*         0x00007e62        0x2 
 .text._free_r  0x00007e64       0x90 c:/users/mosta/appdata/local/arduino15/packages/arduino/tools/arm-none-eabi-gcc/4.8.3-2014q1/bin/../lib/gcc/arm-none-eabi/4.8.3/../../../../arm-none-eabi/lib/armv6-m\libc_s.a(lib_a-nano-freer.o)
                0x00007e64                _free_r
 .text._malloc_r
                0x00007ef4       0xa8 c:/users/mosta/appdata/local/arduino15/packages/arduino/tools/arm-none-eabi-gcc/4.8.3-2014q1/bin/../lib/gcc/arm-none-eabi/4.8.3/../../../../arm-none-eabi/lib/armv6-m\libc_s.a(lib_a-nano-mallocr.o)
                0x00007ef4                _malloc_r
 .text._sbrk_r  0x00007f9c       0x24 c:/users/mosta/appdata/local/arduino15/packages/arduino/tools/arm-none-eabi-gcc/4.8.3-2014q1/bin/../lib/gcc/arm-none-eabi/4.8.3/../../../../arm-none-eabi/lib/armv6-m\libc_s.a(lib_a-sbrkr.o)
                0x00007f9c                _sbrk_r
 .text.strlen   0x00007fc0        0xe c:/users/mosta/appdata/local/arduino15/packages/arduino/tools/arm-none-eabi-gcc/4.8.3-2014q1/bin/../lib/gcc/arm-none-eabi/4.8.3/../../../../arm-none-eabi/lib/armv6-m\libc_s.a(lib_a-strlen.o)
                0x00007fc0                strlen
 *fill*         0x00007fce        0x2 
 .text._sbrk    0x00007fd0       0x34 c:/users/mosta/appdata/local/arduino15/packages/arduino/tools/arm-none-eabi-gcc/4.8.3-2014q1/bin/../lib/gcc/arm-none-eabi/4.8.3/../../../../arm-none-eabi/lib/armv6-m\libnosys.a(sbrk.o)
                0x00007fd0                _sbrk
 *(.init)
 .init          0x00008004        0x4 c:/users/mosta/appdata/local/arduino15/packages/arduino/tools/arm-none-eabi-gcc/4.8.3-2014q1/bin/../lib/gcc/arm-none-eabi/4.8.3/armv6-m/crti.o
                0x00008004                _init
 .init          0x00008008        0x8 c:/users/mosta/appdata/local/arduino15/packages/arduino/tools/arm-none-eabi-gcc/4.8.3-2014q1/bin/../lib/gcc/arm-none-eabi/4.8.3/armv6-m/crtn.o
 *(.fini)
 .fini          0x00008010        0x4 c:/users/mosta/appdata/local/arduino15/packages/arduino/tools/arm-none-eabi-gcc/4.8.3-2014q1/bin/../lib/gcc/arm-none-eabi/4.8.3/armv6-m/crti.o
                0x00008010                _fini
 .fini          0x00008014        0x8 c:/users/mosta/appdata/local/arduino15/packages/arduino/tools/arm-none-eabi-gcc/4.8.3-2014q1/bin/../lib/gcc/arm-none-eabi/4.8.3/armv6-m/crtn.o
 *crtbegin.o(.ctors)
 *crtbegin?.o(.ctors)
 *(EXCLUDE_FILE(*crtend.o *crtend?.o) .ctors)
 *(SORT(.ctors.*))
 *(.ctors)
 *crtbegin.o(.dtors)
 *crtbegin?.o(.dtors)
 *(EXCLUDE_FILE(*crtend.o *crtend?.o) .dtors)
 *(SORT(.dtors.*))
 *(.dtors)
 *(.rodata*)
 .rodata.str1.1
                0x0000801c        0x2 C:\Users\mosta\AppData\Local\Temp\VMBuilds\TinyBeep_Demo\arduino_zero_native\Debug\TinyBeep_Demo.cpp.o
 *fill*         0x0000801e        0x2 
 .rodata        0x00008020       0x1c C:\Users\mosta\AppData\Local\Temp\VMBuilds\TinyBeep_Demo\arduino_zero_native\Debug\SAMD21Timers.cpp.o
 *fill*         0x0000803c        0x4 
 .rodata._ZTV7TwoWire
                0x00008040       0x28 C:\Users\mosta\AppData\Local\Temp\VMBuilds\TinyBeep_Demo\arduino_zero_native\Debug\Wire\Wire.cpp.o
                0x00008040                vtable for TwoWire
 .rodata.g_APinDescription
                0x00008068      0x450 C:\Users\mosta\AppData\Local\Temp\VMBCore\arduino16x\57a4e9eac5a5a70d390ea49d157fec94\variant\variant.cpp.o
                0x00008068                g_APinDescription
 .rodata.str1.1
                0x000084b8        0xf C:\Users\mosta\AppData\Local\Temp\VMBuilds\TinyBeep_Demo\arduino_zero_native\Debug/core.a(Print.cpp.o)
 *fill*         0x000084c7        0x1 
 .rodata._ZTV4Uart
                0x000084c8       0x38 C:\Users\mosta\AppData\Local\Temp\VMBuilds\TinyBeep_Demo\arduino_zero_native\Debug/core.a(Uart.cpp.o)
                0x000084c8                vtable for Uart
 .rodata._ZTV7Serial_
                0x00008500       0x28 C:\Users\mosta\AppData\Local\Temp\VMBuilds\TinyBeep_Demo\arduino_zero_native\Debug/core.a(CDC.cpp.o)
                0x00008500                vtable for Serial_
 .rodata._ZTV26DoubleBufferedEPOutHandler
                0x00008528       0x20 C:\Users\mosta\AppData\Local\Temp\VMBuilds\TinyBeep_Demo\arduino_zero_native\Debug/core.a(USBCore.cpp.o)
                0x00008528                vtable for DoubleBufferedEPOutHandler
 .rodata._ZL19STRING_MANUFACTURER
                0x00008548        0xc C:\Users\mosta\AppData\Local\Temp\VMBuilds\TinyBeep_Demo\arduino_zero_native\Debug/core.a(USBCore.cpp.o)
 .rodata._ZL15STRING_LANGUAGE
                0x00008554        0x4 C:\Users\mosta\AppData\Local\Temp\VMBuilds\TinyBeep_Demo\arduino_zero_native\Debug/core.a(USBCore.cpp.o)
 .rodata._ZL21USB_DeviceDescriptorB
                0x00008558       0x12 C:\Users\mosta\AppData\Local\Temp\VMBuilds\TinyBeep_Demo\arduino_zero_native\Debug/core.a(USBCore.cpp.o)
 .rodata._ZL14STRING_PRODUCT
                0x0000856a        0xd C:\Users\mosta\AppData\Local\Temp\VMBuilds\TinyBeep_Demo\arduino_zero_native\Debug/core.a(USBCore.cpp.o)
 *fill*         0x00008577        0x1 
 .rodata.str1.4
                0x00008578        0x4 c:/users/mosta/appdata/local/arduino15/packages/arduino/tools/arm-none-eabi-gcc/4.8.3-2014q1/bin/../lib/gcc/arm-none-eabi/4.8.3/../../../../arm-none-eabi/lib/armv6-m\libm.a(lib_a-w_pow.o)
 *fill*         0x0000857c        0x4 
 .rodata.dp_h   0x00008580       0x10 c:/users/mosta/appdata/local/arduino15/packages/arduino/tools/arm-none-eabi-gcc/4.8.3-2014q1/bin/../lib/gcc/arm-none-eabi/4.8.3/../../../../arm-none-eabi/lib/armv6-m\libm.a(lib_a-e_pow.o)
 .rodata.dp_l   0x00008590       0x10 c:/users/mosta/appdata/local/arduino15/packages/arduino/tools/arm-none-eabi-gcc/4.8.3-2014q1/bin/../lib/gcc/arm-none-eabi/4.8.3/../../../../arm-none-eabi/lib/armv6-m\libm.a(lib_a-e_pow.o)
 .rodata.bp     0x000085a0       0x10 c:/users/mosta/appdata/local/arduino15/packages/arduino/tools/arm-none-eabi-gcc/4.8.3-2014q1/bin/../lib/gcc/arm-none-eabi/4.8.3/../../../../arm-none-eabi/lib/armv6-m\libm.a(lib_a-e_pow.o)
 .rodata.str1.4
                0x000085b0        0x4 c:/users/mosta/appdata/local/arduino15/packages/arduino/tools/arm-none-eabi-gcc/4.8.3-2014q1/bin/../lib/gcc/arm-none-eabi/4.8.3/../../../../arm-none-eabi/lib/armv6-m\libm.a(lib_a-e_pow.o)
 *fill*         0x000085b4        0x4 
 .rodata.TWO52  0x000085b8       0x10 c:/users/mosta/appdata/local/arduino15/packages/arduino/tools/arm-none-eabi-gcc/4.8.3-2014q1/bin/../lib/gcc/arm-none-eabi/4.8.3/../../../../arm-none-eabi/lib/armv6-m\libm.a(lib_a-s_rint.o)
 .rodata        0x000085c8       0x40 c:/users/mosta/appdata/local/arduino15/packages/arduino/tools/arm-none-eabi-gcc/4.8.3-2014q1/bin/../lib/gcc/arm-none-eabi/4.8.3/armv6-m\libgcc.a(divsf3.o)
 .rodata        0x00008608       0x40 c:/users/mosta/appdata/local/arduino15/packages/arduino/tools/arm-none-eabi-gcc/4.8.3-2014q1/bin/../lib/gcc/arm-none-eabi/4.8.3/armv6-m\libgcc.a(mulsf3.o)
 .rodata        0x00008648       0x40 c:/users/mosta/appdata/local/arduino15/packages/arduino/tools/arm-none-eabi-gcc/4.8.3-2014q1/bin/../lib/gcc/arm-none-eabi/4.8.3/armv6-m\libgcc.a(divdf3.o)
 .rodata        0x00008688       0x40 c:/users/mosta/appdata/local/arduino15/packages/arduino/tools/arm-none-eabi-gcc/4.8.3-2014q1/bin/../lib/gcc/arm-none-eabi/4.8.3/armv6-m\libgcc.a(muldf3.o)
 .rodata.str1.1
                0x000086c8        0x2 c:/users/mosta/appdata/local/arduino15/packages/arduino/tools/arm-none-eabi-gcc/4.8.3-2014q1/bin/../lib/gcc/arm-none-eabi/4.8.3/../../../../arm-none-eabi/lib/armv6-m\libc_s.a(lib_a-impure.o)
 *(.eh_frame*)
 *fill*         0x000086ca        0x2 
 .eh_frame      0x000086cc        0x0 c:/users/mosta/appdata/local/arduino15/packages/arduino/tools/arm-none-eabi-gcc/4.8.3-2014q1/bin/../lib/gcc/arm-none-eabi/4.8.3/armv6-m/crtbegin.o
 .eh_frame      0x000086cc        0x4 c:/users/mosta/appdata/local/arduino15/packages/arduino/tools/arm-none-eabi-gcc/4.8.3-2014q1/bin/../lib/gcc/arm-none-eabi/4.8.3/armv6-m/crtend.o

.glue_7         0x000086d0        0x0
 .glue_7        0x00000000        0x0 linker stubs

.glue_7t        0x000086d0        0x0
 .glue_7t       0x00000000        0x0 linker stubs

.vfp11_veneer   0x000086d0        0x0
 .vfp11_veneer  0x00000000        0x0 linker stubs

.v4_bx          0x000086d0        0x0
 .v4_bx         0x00000000        0x0 linker stubs

.iplt           0x000086d0        0x0
 .iplt          0x00000000        0x0 c:/users/mosta/appdata/local/arduino15/packages/arduino/tools/arm-none-eabi-gcc/4.8.3-2014q1/bin/../lib/gcc/arm-none-eabi/4.8.3/armv6-m/crtbegin.o

.ARM.extab
 *(.ARM.extab* .gnu.linkonce.armextab.*)
                0x000086d0                __exidx_start = .

.ARM.exidx      0x000086d0        0x8
 *(.ARM.exidx* .gnu.linkonce.armexidx.*)
 .ARM.exidx     0x000086d0        0x8 c:/users/mosta/appdata/local/arduino15/packages/arduino/tools/arm-none-eabi-gcc/4.8.3-2014q1/bin/../lib/gcc/arm-none-eabi/4.8.3/armv6-m\libgcc.a(_divdi3.o)
 .ARM.exidx     0x000086d8        0x0 c:/users/mosta/appdata/local/arduino15/packages/arduino/tools/arm-none-eabi-gcc/4.8.3-2014q1/bin/../lib/gcc/arm-none-eabi/4.8.3/armv6-m\libgcc.a(_udivdi3.o)
                                  0x8 (size before relaxing)
                0x000086d8                __exidx_end = .
                0x000086d8                __etext = .

.rel.dyn        0x000086d8        0x0
 .rel.iplt      0x00000000        0x0 c:/users/mosta/appdata/local/arduino15/packages/arduino/tools/arm-none-eabi-gcc/4.8.3-2014q1/bin/../lib/gcc/arm-none-eabi/4.8.3/armv6-m/crtbegin.o

.data           0x20000000      0x120 load address 0x000086d8
                0x20000000                __data_start__ = .
 *(vtable)
 *(.data*)
 .data          0x20000000        0x4 c:/users/mosta/appdata/local/arduino15/packages/arduino/tools/arm-none-eabi-gcc/4.8.3-2014q1/bin/../lib/gcc/arm-none-eabi/4.8.3/armv6-m/crtbegin.o
                0x20000000                __dso_handle
 .data.sampleRate
                0x20000004        0x4 C:\Users\mosta\AppData\Local\Temp\VMBuilds\TinyBeep_Demo\arduino_zero_native\Debug\TinyBeep_Demo.cpp.o
                0x20000004                sampleRate
 .data.SystemCoreClock
                0x20000008        0x4 C:\Users\mosta\AppData\Local\Temp\VMBuilds\TinyBeep_Demo\arduino_zero_native\Debug/core.a(wiring.c.o)
                0x20000008                SystemCoreClock
 .data._ZL5ticks
                0x2000000c        0x4 C:\Users\mosta\AppData\Local\Temp\VMBuilds\TinyBeep_Demo\arduino_zero_native\Debug/core.a(Reset.cpp.o)
 .data._ZL12_usbLineInfo
                0x20000010        0x8 C:\Users\mosta\AppData\Local\Temp\VMBuilds\TinyBeep_Demo\arduino_zero_native\Debug/core.a(CDC.cpp.o)
 .data._ZL10breakValue
                0x20000018        0x4 C:\Users\mosta\AppData\Local\Temp\VMBuilds\TinyBeep_Demo\arduino_zero_native\Debug/core.a(CDC.cpp.o)
 .data._ZL13_cdcInterface
                0x2000001c       0x42 C:\Users\mosta\AppData\Local\Temp\VMBuilds\TinyBeep_Demo\arduino_zero_native\Debug/core.a(CDC.cpp.o)
 *fill*         0x2000005e        0x2 
 .data._serialPeek
                0x20000060        0x4 C:\Users\mosta\AppData\Local\Temp\VMBuilds\TinyBeep_Demo\arduino_zero_native\Debug/core.a(CDC.cpp.o)
                0x20000060                _serialPeek
 .data.EndPoints
                0x20000064       0x28 C:\Users\mosta\AppData\Local\Temp\VMBuilds\TinyBeep_Demo\arduino_zero_native\Debug/core.a(USBCore.cpp.o)
                0x20000064                EndPoints
 .data.__fdlib_version
                0x2000008c        0x1 c:/users/mosta/appdata/local/arduino15/packages/arduino/tools/arm-none-eabi-gcc/4.8.3-2014q1/bin/../lib/gcc/arm-none-eabi/4.8.3/../../../../arm-none-eabi/lib/armv6-m\libm.a(lib_a-s_lib_ver.o)
                0x2000008c                __fdlib_version
 *fill*         0x2000008d        0x3 
 .data.impure_data
                0x20000090       0x60 c:/users/mosta/appdata/local/arduino15/packages/arduino/tools/arm-none-eabi-gcc/4.8.3-2014q1/bin/../lib/gcc/arm-none-eabi/4.8.3/../../../../arm-none-eabi/lib/armv6-m\libc_s.a(lib_a-impure.o)
 .data._impure_ptr
                0x200000f0        0x4 c:/users/mosta/appdata/local/arduino15/packages/arduino/tools/arm-none-eabi-gcc/4.8.3-2014q1/bin/../lib/gcc/arm-none-eabi/4.8.3/../../../../arm-none-eabi/lib/armv6-m\libc_s.a(lib_a-impure.o)
                0x200000f0                _impure_ptr
                0x200000f4                . = ALIGN (0x4)
                0x200000f4                PROVIDE (__preinit_array_start, .)
 *(.preinit_array)
                0x200000f4                PROVIDE (__preinit_array_end, .)
                0x200000f4                . = ALIGN (0x4)
                0x200000f4                PROVIDE (__init_array_start, .)
 *(SORT(.init_array.*))
 *(.init_array)
 .init_array    0x200000f4        0x4 c:/users/mosta/appdata/local/arduino15/packages/arduino/tools/arm-none-eabi-gcc/4.8.3-2014q1/bin/../lib/gcc/arm-none-eabi/4.8.3/armv6-m/crtbegin.o
 .init_array    0x200000f8        0x4 C:\Users\mosta\AppData\Local\Temp\VMBuilds\TinyBeep_Demo\arduino_zero_native\Debug\TinyBeep_Demo.cpp.o
 .init_array    0x200000fc        0x4 C:\Users\mosta\AppData\Local\Temp\VMBuilds\TinyBeep_Demo\arduino_zero_native\Debug\Wire\Wire.cpp.o
 .init_array    0x20000100        0x4 C:\Users\mosta\AppData\Local\Temp\VMBCore\arduino16x\57a4e9eac5a5a70d390ea49d157fec94\variant\variant.cpp.o
 .init_array    0x20000104        0x4 C:\Users\mosta\AppData\Local\Temp\VMBuilds\TinyBeep_Demo\arduino_zero_native\Debug/core.a(CDC.cpp.o)
 .init_array    0x20000108        0x4 C:\Users\mosta\AppData\Local\Temp\VMBuilds\TinyBeep_Demo\arduino_zero_native\Debug/core.a(USBCore.cpp.o)
                0x2000010c                PROVIDE (__init_array_end, .)
                0x2000010c                . = ALIGN (0x4)
                0x2000010c                PROVIDE (__fini_array_start, .)
 *(SORT(.fini_array.*))
 *(.fini_array)
 .fini_array    0x2000010c        0x4 c:/users/mosta/appdata/local/arduino15/packages/arduino/tools/arm-none-eabi-gcc/4.8.3-2014q1/bin/../lib/gcc/arm-none-eabi/4.8.3/armv6-m/crtbegin.o
                0x20000110                PROVIDE (__fini_array_end, .)
 *(.jcr*)
 .jcr           0x20000110        0x0 c:/users/mosta/appdata/local/arduino15/packages/arduino/tools/arm-none-eabi-gcc/4.8.3-2014q1/bin/../lib/gcc/arm-none-eabi/4.8.3/armv6-m/crtbegin.o
 .jcr           0x20000110        0x4 c:/users/mosta/appdata/local/arduino15/packages/arduino/tools/arm-none-eabi-gcc/4.8.3-2014q1/bin/../lib/gcc/arm-none-eabi/4.8.3/armv6-m/crtend.o
                0x20000120                . = ALIGN (0x10)
 *fill*         0x20000114        0xc 
                0x20000120                __data_end__ = .

.igot.plt       0x20000120        0x0 load address 0x000087f8
 .igot.plt      0x00000000        0x0 c:/users/mosta/appdata/local/arduino15/packages/arduino/tools/arm-none-eabi-gcc/4.8.3-2014q1/bin/../lib/gcc/arm-none-eabi/4.8.3/armv6-m/crtbegin.o

.bss            0x20000120      0xd48 load address 0x000087f8
                0x20000120                . = ALIGN (0x4)
                0x20000120                __bss_start__ = .
 *(.bss*)
 .bss           0x20000120       0x1c c:/users/mosta/appdata/local/arduino15/packages/arduino/tools/arm-none-eabi-gcc/4.8.3-2014q1/bin/../lib/gcc/arm-none-eabi/4.8.3/armv6-m/crtbegin.o
 .bss.T4        0x2000013c        0x8 C:\Users\mosta\AppData\Local\Temp\VMBuilds\TinyBeep_Demo\arduino_zero_native\Debug\TinyBeep_Demo.cpp.o
                0x2000013c                T4
 .bss.speakerOff
                0x20000144        0x1 C:\Users\mosta\AppData\Local\Temp\VMBuilds\TinyBeep_Demo\arduino_zero_native\Debug\TinyBeep_Demo.cpp.o
                0x20000144                speakerOff
 .bss.taskFlag1
                0x20000145        0x1 C:\Users\mosta\AppData\Local\Temp\VMBuilds\TinyBeep_Demo\arduino_zero_native\Debug\TinyBeep_Demo.cpp.o
                0x20000145                taskFlag1
 *fill*         0x20000146        0x2 
 .bss.T5        0x20000148        0x8 C:\Users\mosta\AppData\Local\Temp\VMBuilds\TinyBeep_Demo\arduino_zero_native\Debug\TinyBeep_Demo.cpp.o
                0x20000148                T5
 .bss.BME       0x20000150       0x30 C:\Users\mosta\AppData\Local\Temp\VMBuilds\TinyBeep_Demo\arduino_zero_native\Debug\TinyBeep_Demo.cpp.o
                0x20000150                BME
 .bss.sampledTemp
                0x20000180        0x4 C:\Users\mosta\AppData\Local\Temp\VMBuilds\TinyBeep_Demo\arduino_zero_native\Debug\TinyBeep_Demo.cpp.o
                0x20000180                sampledTemp
 .bss.LPF_high  0x20000184        0x8 C:\Users\mosta\AppData\Local\Temp\VMBuilds\TinyBeep_Demo\arduino_zero_native\Debug\TinyBeep_Demo.cpp.o
                0x20000184                LPF_high
 .bss.sampledPress
                0x2000018c        0x4 C:\Users\mosta\AppData\Local\Temp\VMBuilds\TinyBeep_Demo\arduino_zero_native\Debug\TinyBeep_Demo.cpp.o
                0x2000018c                sampledPress
 .bss.speakerState
                0x20000190        0x1 C:\Users\mosta\AppData\Local\Temp\VMBuilds\TinyBeep_Demo\arduino_zero_native\Debug\TinyBeep_Demo.cpp.o
                0x20000190                speakerState
 *fill*         0x20000191        0x3 
 .bss.LPF_low   0x20000194        0x8 C:\Users\mosta\AppData\Local\Temp\VMBuilds\TinyBeep_Demo\arduino_zero_native\Debug\TinyBeep_Demo.cpp.o
                0x20000194                LPF_low
 .bss.LPF_tone  0x2000019c        0x8 C:\Users\mosta\AppData\Local\Temp\VMBuilds\TinyBeep_Demo\arduino_zero_native\Debug\TinyBeep_Demo.cpp.o
                0x2000019c                LPF_tone
 .bss.Wire      0x200001a4      0x234 C:\Users\mosta\AppData\Local\Temp\VMBuilds\TinyBeep_Demo\arduino_zero_native\Debug\Wire\Wire.cpp.o
                0x200001a4                Wire
 .bss.Serial    0x200003d8      0x23c C:\Users\mosta\AppData\Local\Temp\VMBCore\arduino16x\57a4e9eac5a5a70d390ea49d157fec94\variant\variant.cpp.o
                0x200003d8                Serial
 .bss.Serial1   0x20000614      0x23c C:\Users\mosta\AppData\Local\Temp\VMBCore\arduino16x\57a4e9eac5a5a70d390ea49d157fec94\variant\variant.cpp.o
                0x20000614                Serial1
 .bss.sercom3   0x20000850        0x4 C:\Users\mosta\AppData\Local\Temp\VMBCore\arduino16x\57a4e9eac5a5a70d390ea49d157fec94\variant\variant.cpp.o
                0x20000850                sercom3
 .bss.sercom0   0x20000854        0x4 C:\Users\mosta\AppData\Local\Temp\VMBCore\arduino16x\57a4e9eac5a5a70d390ea49d157fec94\variant\variant.cpp.o
                0x20000854                sercom0
 .bss.sercom1   0x20000858        0x4 C:\Users\mosta\AppData\Local\Temp\VMBCore\arduino16x\57a4e9eac5a5a70d390ea49d157fec94\variant\variant.cpp.o
                0x20000858                sercom1
 .bss.sercom2   0x2000085c        0x4 C:\Users\mosta\AppData\Local\Temp\VMBCore\arduino16x\57a4e9eac5a5a70d390ea49d157fec94\variant\variant.cpp.o
                0x2000085c                sercom2
 .bss.sercom4   0x20000860        0x4 C:\Users\mosta\AppData\Local\Temp\VMBCore\arduino16x\57a4e9eac5a5a70d390ea49d157fec94\variant\variant.cpp.o
                0x20000860                sercom4
 .bss.sercom5   0x20000864        0x4 C:\Users\mosta\AppData\Local\Temp\VMBCore\arduino16x\57a4e9eac5a5a70d390ea49d157fec94\variant\variant.cpp.o
                0x20000864                sercom5
 .bss.usb_isr   0x20000868        0x4 C:\Users\mosta\AppData\Local\Temp\VMBuilds\TinyBeep_Demo\arduino_zero_native\Debug/core.a(cortex_handlers.c.o)
 .bss._ulTickCount
                0x2000086c        0x4 C:\Users\mosta\AppData\Local\Temp\VMBuilds\TinyBeep_Demo\arduino_zero_native\Debug/core.a(delay.c.o)
 .bss.SerialUSB
                0x20000870       0x1c C:\Users\mosta\AppData\Local\Temp\VMBuilds\TinyBeep_Demo\arduino_zero_native\Debug/core.a(CDC.cpp.o)
                0x20000870                SerialUSB
 .bss._ZL14isEndpointHalt
                0x2000088c        0x1 C:\Users\mosta\AppData\Local\Temp\VMBuilds\TinyBeep_Demo\arduino_zero_native\Debug/core.a(USBCore.cpp.o)
 .bss._pack_buffer
                0x2000088d      0x100 C:\Users\mosta\AppData\Local\Temp\VMBuilds\TinyBeep_Demo\arduino_zero_native\Debug/core.a(USBCore.cpp.o)
                0x2000088d                _pack_buffer
 *fill*         0x2000098d        0x1 
 .bss._pack_size
                0x2000098e        0x2 C:\Users\mosta\AppData\Local\Temp\VMBuilds\TinyBeep_Demo\arduino_zero_native\Debug/core.a(USBCore.cpp.o)
                0x2000098e                _pack_size
 .bss._ZL20LastTransmitTimedOut
                0x20000990        0x7 C:\Users\mosta\AppData\Local\Temp\VMBuilds\TinyBeep_Demo\arduino_zero_native\Debug/core.a(USBCore.cpp.o)
 *fill*         0x20000997        0x1 
 .bss._ZL22udd_ep_in_cache_buffer
                0x20000998      0x1c0 C:\Users\mosta\AppData\Local\Temp\VMBuilds\TinyBeep_Demo\arduino_zero_native\Debug/core.a(USBCore.cpp.o)
 .bss._ZL10txLEDPulse
                0x20000b58        0x1 C:\Users\mosta\AppData\Local\Temp\VMBuilds\TinyBeep_Demo\arduino_zero_native\Debug/core.a(USBCore.cpp.o)
 *fill*         0x20000b59        0x3 
 .bss._ZL23udd_ep_out_cache_buffer
                0x20000b5c      0x1c0 C:\Users\mosta\AppData\Local\Temp\VMBuilds\TinyBeep_Demo\arduino_zero_native\Debug/core.a(USBCore.cpp.o)
 .bss._ZL10epHandlers
                0x20000d1c       0x1c C:\Users\mosta\AppData\Local\Temp\VMBuilds\TinyBeep_Demo\arduino_zero_native\Debug/core.a(USBCore.cpp.o)
 .bss._pack_message
                0x20000d38        0x1 C:\Users\mosta\AppData\Local\Temp\VMBuilds\TinyBeep_Demo\arduino_zero_native\Debug/core.a(USBCore.cpp.o)
                0x20000d38                _pack_message
 .bss._ZL21isRemoteWakeUpEnabled
                0x20000d39        0x1 C:\Users\mosta\AppData\Local\Temp\VMBuilds\TinyBeep_Demo\arduino_zero_native\Debug/core.a(USBCore.cpp.o)
 .bss._dry_run  0x20000d3a        0x1 C:\Users\mosta\AppData\Local\Temp\VMBuilds\TinyBeep_Demo\arduino_zero_native\Debug/core.a(USBCore.cpp.o)
                0x20000d3a                _dry_run
 .bss.USBDevice
                0x20000d3b        0x1 C:\Users\mosta\AppData\Local\Temp\VMBuilds\TinyBeep_Demo\arduino_zero_native\Debug/core.a(USBCore.cpp.o)
                0x20000d3b                USBDevice
 .bss._usbSetInterface
                0x20000d3c        0x4 C:\Users\mosta\AppData\Local\Temp\VMBuilds\TinyBeep_Demo\arduino_zero_native\Debug/core.a(USBCore.cpp.o)
                0x20000d3c                _usbSetInterface
 .bss._ZL10rxLEDPulse
                0x20000d40        0x1 C:\Users\mosta\AppData\Local\Temp\VMBuilds\TinyBeep_Demo\arduino_zero_native\Debug/core.a(USBCore.cpp.o)
 *fill*         0x20000d41        0x3 
 .bss.usbd      0x20000d44      0x104 C:\Users\mosta\AppData\Local\Temp\VMBuilds\TinyBeep_Demo\arduino_zero_native\Debug/core.a(USBCore.cpp.o)
                0x20000d44                usbd
 .bss._usbConfiguration
                0x20000e48        0x4 C:\Users\mosta\AppData\Local\Temp\VMBuilds\TinyBeep_Demo\arduino_zero_native\Debug/core.a(USBCore.cpp.o)
                0x20000e48                _usbConfiguration
 .bss._ZZ12PluggableUSBvE3obj
                0x20000e4c        0x8 C:\Users\mosta\AppData\Local\Temp\VMBuilds\TinyBeep_Demo\arduino_zero_native\Debug/core.a(PluggableUSB.cpp.o)
 .bss._ZGVZ12PluggableUSBvE3obj
                0x20000e54        0x4 C:\Users\mosta\AppData\Local\Temp\VMBuilds\TinyBeep_Demo\arduino_zero_native\Debug/core.a(PluggableUSB.cpp.o)
 .bss.__malloc_sbrk_start
                0x20000e58        0x4 c:/users/mosta/appdata/local/arduino15/packages/arduino/tools/arm-none-eabi-gcc/4.8.3-2014q1/bin/../lib/gcc/arm-none-eabi/4.8.3/../../../../arm-none-eabi/lib/armv6-m\libc_s.a(lib_a-nano-mallocr.o)
                0x20000e58                __malloc_sbrk_start
 .bss.__malloc_free_list
                0x20000e5c        0x4 c:/users/mosta/appdata/local/arduino15/packages/arduino/tools/arm-none-eabi-gcc/4.8.3-2014q1/bin/../lib/gcc/arm-none-eabi/4.8.3/../../../../arm-none-eabi/lib/armv6-m\libc_s.a(lib_a-nano-mallocr.o)
                0x20000e5c                __malloc_free_list
 .bss.heap_end.4243
                0x20000e60        0x4 c:/users/mosta/appdata/local/arduino15/packages/arduino/tools/arm-none-eabi-gcc/4.8.3-2014q1/bin/../lib/gcc/arm-none-eabi/4.8.3/../../../../arm-none-eabi/lib/armv6-m\libnosys.a(sbrk.o)
 *(COMMON)
 COMMON         0x20000e64        0x4 c:/users/mosta/appdata/local/arduino15/packages/arduino/tools/arm-none-eabi-gcc/4.8.3-2014q1/bin/../lib/gcc/arm-none-eabi/4.8.3/../../../../arm-none-eabi/lib/armv6-m\libc_s.a(lib_a-reent.o)
                0x20000e64                errno
                0x20000e68                . = ALIGN (0x4)
                0x20000e68                __bss_end__ = .

.heap           0x20000e68        0x0
                0x20000e68                __end__ = .
                0x20000e68                PROVIDE (end, .)
 *(.heap*)
                0x20000e68                __HeapLimit = .

.stack_dummy    0x20000e68        0x0
 *(.stack*)
                0x20008000                __StackTop = (ORIGIN (RAM) + 0x8000)
                0x20008000                __StackLimit = (__StackTop - SIZEOF (.stack_dummy))
                0x20008000                PROVIDE (__stack, __StackTop)
                0x20007fff                __ram_end__ = ((ORIGIN (RAM) + 0x8000) - 0x1)
                0x00000001                ASSERT ((__StackLimit >= __HeapLimit), region RAM overflowed with stack)