Archive member included because of file (symbol)

C:\Users\mosta\AppData\Local\Temp\VMBuilds\TinyBeep_Demo\samd21_custom\Debug/core.a(cortex_handlers.c.o)
                              (Reset_Handler)
C:\Users\mosta\AppData\Local\Temp\VMBuilds\TinyBeep_Demo\samd21_custom\Debug/core.a(delay.c.o)
                              C:\Users\mosta\AppData\Local\Temp\VMBuilds\TinyBeep_Demo\samd21_custom\Debug\TinyBeep_Demo.cpp.o (millis)
C:\Users\mosta\AppData\Local\Temp\VMBuilds\TinyBeep_Demo\samd21_custom\Debug/core.a(hooks.c.o)
                              C:\Users\mosta\AppData\Local\Temp\VMBuilds\TinyBeep_Demo\samd21_custom\Debug/core.a(delay.c.o) (yield)
C:\Users\mosta\AppData\Local\Temp\VMBuilds\TinyBeep_Demo\samd21_custom\Debug/core.a(startup.c.o)
                              C:\Users\mosta\AppData\Local\Temp\VMBuilds\TinyBeep_Demo\samd21_custom\Debug/core.a(cortex_handlers.c.o) (SystemInit)
C:\Users\mosta\AppData\Local\Temp\VMBuilds\TinyBeep_Demo\samd21_custom\Debug/core.a(WInterrupts.c.o)
                              C:\Users\mosta\AppData\Local\Temp\VMBuilds\TinyBeep_Demo\samd21_custom\Debug\TinyBeep_Demo.cpp.o (attachInterrupt)
C:\Users\mosta\AppData\Local\Temp\VMBuilds\TinyBeep_Demo\samd21_custom\Debug/core.a(wiring.c.o)
                              C:\Users\mosta\AppData\Local\Temp\VMBuilds\TinyBeep_Demo\samd21_custom\Debug/core.a(startup.c.o) (SystemCoreClock)
C:\Users\mosta\AppData\Local\Temp\VMBuilds\TinyBeep_Demo\samd21_custom\Debug/core.a(wiring_analog.c.o)
                              C:\Users\mosta\AppData\Local\Temp\VMBuilds\TinyBeep_Demo\samd21_custom\Debug/core.a(wiring.c.o) (analogReference)
C:\Users\mosta\AppData\Local\Temp\VMBuilds\TinyBeep_Demo\samd21_custom\Debug/core.a(wiring_digital.c.o)
                              C:\Users\mosta\AppData\Local\Temp\VMBuilds\TinyBeep_Demo\samd21_custom\Debug\TinyBeep_Demo.cpp.o (pinMode)
C:\Users\mosta\AppData\Local\Temp\VMBuilds\TinyBeep_Demo\samd21_custom\Debug/core.a(wiring_private.c.o)
                              C:\Users\mosta\AppData\Local\Temp\VMBuilds\TinyBeep_Demo\samd21_custom\Debug\TinyBeep_Demo.cpp.o (pinPeripheral)
C:\Users\mosta\AppData\Local\Temp\VMBuilds\TinyBeep_Demo\samd21_custom\Debug/core.a(abi.cpp.o)
                              C:\Users\mosta\AppData\Local\Temp\VMBuilds\TinyBeep_Demo\samd21_custom\Debug\Wire\Wire.cpp.o (__cxa_pure_virtual)
C:\Users\mosta\AppData\Local\Temp\VMBuilds\TinyBeep_Demo\samd21_custom\Debug/core.a(main.cpp.o)
                              c:/users/mosta/appdata/local/arduino15/packages/arduino/tools/arm-none-eabi-gcc/4.8.3-2014q1/bin/../lib/gcc/arm-none-eabi/4.8.3/../../../../arm-none-eabi/lib/armv6-m/crt0.o (main)
C:\Users\mosta\AppData\Local\Temp\VMBuilds\TinyBeep_Demo\samd21_custom\Debug/core.a(Print.cpp.o)
                              C:\Users\mosta\AppData\Local\Temp\VMBuilds\TinyBeep_Demo\samd21_custom\Debug\Wire\Wire.cpp.o (Print::write(unsigned char const*, unsigned int))
C:\Users\mosta\AppData\Local\Temp\VMBuilds\TinyBeep_Demo\samd21_custom\Debug/core.a(Reset.cpp.o)
                              C:\Users\mosta\AppData\Local\Temp\VMBuilds\TinyBeep_Demo\samd21_custom\Debug/core.a(delay.c.o) (tickReset)
C:\Users\mosta\AppData\Local\Temp\VMBuilds\TinyBeep_Demo\samd21_custom\Debug/core.a(SERCOM.cpp.o)
                              C:\Users\mosta\AppData\Local\Temp\VMBCore\arduino16x\2c9312bc90fd2fda3ff842de83d949cf\variant\variant.cpp.o (SERCOM::SERCOM(Sercom*))
C:\Users\mosta\AppData\Local\Temp\VMBuilds\TinyBeep_Demo\samd21_custom\Debug/core.a(Uart.cpp.o)
                              C:\Users\mosta\AppData\Local\Temp\VMBuilds\TinyBeep_Demo\samd21_custom\Debug\TinyBeep_Demo.cpp.o (Uart::begin(unsigned long))
C:\Users\mosta\AppData\Local\Temp\VMBuilds\TinyBeep_Demo\samd21_custom\Debug/core.a(USBCore.cpp.o)
                              C:\Users\mosta\AppData\Local\Temp\VMBuilds\TinyBeep_Demo\samd21_custom\Debug/core.a(main.cpp.o) (USBDeviceClass::init())
C:\Users\mosta\AppData\Local\Temp\VMBuilds\TinyBeep_Demo\samd21_custom\Debug/core.a(new.cpp.o)
                              C:\Users\mosta\AppData\Local\Temp\VMBuilds\TinyBeep_Demo\samd21_custom\Debug/core.a(USBCore.cpp.o) (operator new(unsigned int))
C:\Users\mosta\AppData\Local\Temp\VMBuilds\TinyBeep_Demo\samd21_custom\Debug/core.a(CDC.cpp.o)
                              C:\Users\mosta\AppData\Local\Temp\VMBuilds\TinyBeep_Demo\samd21_custom\Debug/core.a(USBCore.cpp.o) (CDC_GetInterface(unsigned char*))
C:\Users\mosta\AppData\Local\Temp\VMBuilds\TinyBeep_Demo\samd21_custom\Debug/core.a(PluggableUSB.cpp.o)
                              C:\Users\mosta\AppData\Local\Temp\VMBuilds\TinyBeep_Demo\samd21_custom\Debug/core.a(USBCore.cpp.o) (PluggableUSB_::getInterface(unsigned char*))
c:/users/mosta/appdata/local/arduino15/packages/arduino/tools/arm-none-eabi-gcc/4.8.3-2014q1/bin/../lib/gcc/arm-none-eabi/4.8.3/../../../../arm-none-eabi/lib/armv6-m\libstdc++_s.a(atexit_arm.o)
[...]
Memory Configuration

Name             Origin             Length             Attributes
FLASH            0x00000000         0x00040000         xr
RAM              0x20000000         0x00008000         xrw
*default*        0x00000000         0xffffffff

Linker script and memory map

LOAD c:/users/mosta/appdata/local/arduino15/packages/arduino/tools/arm-none-eabi-gcc/4.8.3-2014q1/bin/../lib/gcc/arm-none-eabi/4.8.3/armv6-m/crti.o
LOAD c:/users/mosta/appdata/local/arduino15/packages/arduino/tools/arm-none-eabi-gcc/4.8.3-2014q1/bin/../lib/gcc/arm-none-eabi/4.8.3/armv6-m/crtbegin.o
LOAD c:/users/mosta/appdata/local/arduino15/packages/arduino/tools/arm-none-eabi-gcc/4.8.3-2014q1/bin/../lib/gcc/arm-none-eabi/4.8.3/../../../../arm-none-eabi/lib/armv6-m/crt0.o
LOAD C:\Users\mosta\AppData\Local\Temp\VMBuilds\TinyBeep_Demo\samd21_custom\Debug\TinyBeep_Demo.cpp.o
LOAD C:\Users\mosta\AppData\Local\Temp\VMBuilds\TinyBeep_Demo\samd21_custom\Debug\LPF.cpp.o
LOAD C:\Users\mosta\AppData\Local\Temp\VMBuilds\TinyBeep_Demo\samd21_custom\Debug\SAMD21Timers.cpp.o
LOAD C:\Users\mosta\AppData\Local\Temp\VMBuilds\TinyBeep_Demo\samd21_custom\Debug\SparkFun_BME280_I2C\SparkFunBME280_I2C.cpp.o
LOAD C:\Users\mosta\AppData\Local\Temp\VMBuilds\TinyBeep_Demo\samd21_custom\Debug\SparkFun_LSM6DS3_Arduino_Library-master\SparkFunLSM6DS3.cpp.o
LOAD C:\Users\mosta\AppData\Local\Temp\VMBuilds\TinyBeep_Demo\samd21_custom\Debug\Wire\Wire.cpp.o
LOAD C:\Users\mosta\AppData\Local\Temp\VMBuilds\TinyBeep_Demo\samd21_custom\Debug\SPI\SPI.cpp.o
LOAD C:\Users\mosta\AppData\Local\Temp\VMBCore\arduino16x\2c9312bc90fd2fda3ff842de83d949cf\variant\variant.cpp.o
START GROUP
LOAD C:\Users\mosta\AppData\Local\arduino15\packages\arduino\tools\CMSIS\4.5.0/CMSIS/Lib/GCC/\libarm_cortexM0l_math.a
LOAD C:\Users\mosta\AppData\Local\Temp\VMBuilds\TinyBeep_Demo\samd21_custom\Debug/core.a
END GROUP
LOAD c:/users/mosta/appdata/local/arduino15/packages/arduino/tools/arm-none-eabi-gcc/4.8.3-2014q1/bin/../lib/gcc/arm-none-eabi/4.8.3/../../../../arm-none-eabi/lib/armv6-m\libstdc++_s.a
LOAD c:/users/mosta/appdata/local/arduino15/packages/arduino/tools/arm-none-eabi-gcc/4.8.3-2014q1/bin/../lib/gcc/arm-none-eabi/4.8.3/../../../../arm-none-eabi/lib/armv6-m\libm.a
START GROUP
LOAD c:/users/mosta/appdata/local/arduino15/packages/arduino/tools/arm-none-eabi-gcc/4.8.3-2014q1/bin/../lib/gcc/arm-none-eabi/4.8.3/armv6-m\libgcc.a
LOAD c:/users/mosta/appdata/local/arduino15/packages/arduino/tools/arm-none-eabi-gcc/4.8.3-2014q1/bin/../lib/gcc/arm-none-eabi/4.8.3/../../../../arm-none-eabi/lib/armv6-m\libc_s.a
END GROUP
START GROUP
LOAD c:/users/mosta/appdata/local/arduino15/packages/arduino/tools/arm-none-eabi-gcc/4.8.3-2014q1/bin/../lib/gcc/arm-none-eabi/4.8.3/armv6-m\libgcc.a
LOAD c:/users/mosta/appdata/local/arduino15/packages/arduino/tools/arm-none-eabi-gcc/4.8.3-2014q1/bin/../lib/gcc/arm-none-eabi/4.8.3/../../../../arm-none-eabi/lib/armv6-m\libc_s.a
LOAD c:/users/mosta/appdata/local/arduino15/packages/arduino/tools/arm-none-eabi-gcc/4.8.3-2014q1/bin/../lib/gcc/arm-none-eabi/4.8.3/../../../../arm-none-eabi/lib/armv6-m\libnosys.a
END GROUP
START GROUP
LOAD c:/users/mosta/appdata/local/arduino15/packages/arduino/tools/arm-none-eabi-gcc/4.8.3-2014q1/bin/../lib/gcc/arm-none-eabi/4.8.3/armv6-m\libgcc.a
LOAD c:/users/mosta/appdata/local/arduino15/packages/arduino/tools/arm-none-eabi-gcc/4.8.3-2014q1/bin/../lib/gcc/arm-none-eabi/4.8.3/../../../../arm-none-eabi/lib/armv6-m\libc_s.a
LOAD c:/users/mosta/appdata/local/arduino15/packages/arduino/tools/arm-none-eabi-gcc/4.8.3-2014q1/bin/../lib/gcc/arm-none-eabi/4.8.3/../../../../arm-none-eabi/lib/armv6-m\libnosys.a
END GROUP
LOAD c:/users/mosta/appdata/local/arduino15/packages/arduino/tools/arm-none-eabi-gcc/4.8.3-2014q1/bin/../lib/gcc/arm-none-eabi/4.8.3/armv6-m/crtend.o
LOAD c:/users/mosta/appdata/local/arduino15/packages/arduino/tools/arm-none-eabi-gcc/4.8.3-2014q1/bin/../lib/gcc/arm-none-eabi/4.8.3/armv6-m/crtn.o

.text           0x00000000     0x74a8
                0x00000000                __text_start__ = .
 *(.isr_vector)
 .isr_vector    0x00000000       0xb4 C:\Users\mosta\AppData\Local\Temp\VMBuilds\TinyBeep_Demo\samd21_custom\Debug/core.a(cortex_handlers.c.o)
                0x00000000                exception_table
 *(.text*)
 .text          0x000000b4       0x60 c:/users/mosta/appdata/local/arduino15/packages/arduino/tools/arm-none-eabi-gcc/4.8.3-2014q1/bin/../lib/gcc/arm-none-eabi/4.8.3/armv6-m/crtbegin.o
 .text._Z9buttonISRv
                0x00000114       0x64 C:\Users\mosta\AppData\Local\Temp\VMBuilds\TinyBeep_Demo\samd21_custom\Debug\TinyBeep_Demo.cpp.o
                0x00000114                buttonISR()
 .text.SERCOM1_Handler
                0x00000178       0x10 C:\Users\mosta\AppData\Local\Temp\VMBuilds\TinyBeep_Demo\samd21_custom\Debug\TinyBeep_Demo.cpp.o
                0x00000178                SERCOM1_Handler
 .text.TC5_Handler
                0x00000188       0x1c C:\Users\mosta\AppData\Local\Temp\VMBuilds\TinyBeep_Demo\samd21_custom\Debug\TinyBeep_Demo.cpp.o
                0x00000188                TC5_Handler
 .text.TC4_Handler
                0x000001a4       0x1c C:\Users\mosta\AppData\Local\Temp\VMBuilds\TinyBeep_Demo\samd21_custom\Debug\TinyBeep_Demo.cpp.o
                0x000001a4                TC4_Handler
 .text._Z12setup_BME280v
                0x000001c0       0x20 C:\Users\mosta\AppData\Local\Temp\VMBuilds\TinyBeep_Demo\samd21_custom\Debug\TinyBeep_Demo.cpp.o
                0x000001c0                setup_BME280()
 .text._Z9BME_Forcev
                0x000001e0       0x3c C:\Users\mosta\AppData\Local\Temp\VMBuilds\TinyBeep_Demo\samd21_custom\Debug\TinyBeep_Demo.cpp.o
                0x000001e0                BME_Force()
 .text._Z9getAccelsv
                0x0000021c       0x28 C:\Users\mosta\AppData\Local\Temp\VMBuilds\TinyBeep_Demo\samd21_custom\Debug\TinyBeep_Demo.cpp.o
                0x0000021c                getAccels()
 .text._Z8getGyrosv
                0x00000244       0x28 C:\Users\mosta\AppData\Local\Temp\VMBuilds\TinyBeep_Demo\samd21_custom\Debug\TinyBeep_Demo.cpp.o
                0x00000244                getGyros()
 .text._Z12startupBlinkv
                0x0000026c       0x5a C:\Users\mosta\AppData\Local\Temp\VMBuilds\TinyBeep_Demo\samd21_custom\Debug\TinyBeep_Demo.cpp.o
                0x0000026c                startupBlink()
 *fill*         0x000002c6        0x2 
 .text._Z9gpioSetupv
                0x000002c8       0x54 C:\Users\mosta\AppData\Local\Temp\VMBuilds\TinyBeep_Demo\samd21_custom\Debug\TinyBeep_Demo.cpp.o
                0x000002c8                gpioSetup()
 .text._Z11setTCC0Freqiii
                0x0000031c       0x70 C:\Users\mosta\AppData\Local\Temp\VMBuilds\TinyBeep_Demo\samd21_custom\Debug\TinyBeep_Demo.cpp.o
                0x0000031c                setTCC0Freq(int, int, int)
 .text.loop     0x0000038c      0x230 C:\Users\mosta\AppData\Local\Temp\VMBuilds\TinyBeep_Demo\samd21_custom\Debug\TinyBeep_Demo.cpp.o
                0x0000038c                loop
 .text.startup._GLOBAL__sub_I__Z10floatLimitPffiff
                0x000005bc       0xc0 C:\Users\mosta\AppData\Local\Temp\VMBuilds\TinyBeep_Demo\samd21_custom\Debug\TinyBeep_Demo.cpp.o
 .text.setup    0x0000067c      0x1d8 C:\Users\mosta\AppData\Local\Temp\VMBuilds\TinyBeep_Demo\samd21_custom\Debug\TinyBeep_Demo.cpp.o
                0x0000067c                setup
 .text._ZN3LPFC2Ev
                0x00000854        0x8 C:\Users\mosta\AppData\Local\Temp\VMBuilds\TinyBeep_Demo\samd21_custom\Debug\LPF.cpp.o
                0x00000854                LPF::LPF()
                0x00000854                LPF::LPF()
 .text._ZN3LPFD2Ev
                0x0000085c        0x2 C:\Users\mosta\AppData\Local\Temp\VMBuilds\TinyBeep_Demo\samd21_custom\Debug\LPF.cpp.o
                0x0000085c                LPF::~LPF()
                0x0000085c                LPF::~LPF()
 .text._ZN3LPF4initEf
                0x0000085e        0x4 C:\Users\mosta\AppData\Local\Temp\VMBuilds\TinyBeep_Demo\samd21_custom\Debug\LPF.cpp.o
                0x0000085e                LPF::init(float)
 .text._ZN3LPF7initValEf
                0x00000862        0x4 C:\Users\mosta\AppData\Local\Temp\VMBuilds\TinyBeep_Demo\samd21_custom\Debug\LPF.cpp.o
                0x00000862                LPF::initVal(float)
 .text._ZN3LPF6updateEf
                0x00000866       0x20 C:\Users\mosta\AppData\Local\Temp\VMBuilds\TinyBeep_Demo\samd21_custom\Debug\LPF.cpp.o
                0x00000866                LPF::update(float)
 .text._ZN3LPF3outEv
                0x00000886        0x4 C:\Users\mosta\AppData\Local\Temp\VMBuilds\TinyBeep_Demo\samd21_custom\Debug\LPF.cpp.o
                0x00000886                LPF::out()
 *fill*         0x0000088a        0x2 
 .text.NVIC_SetPriority.constprop.1
                0x0000088c       0x50 C:\Users\mosta\AppData\Local\Temp\VMBuilds\TinyBeep_Demo\samd21_custom\Debug\SAMD21Timers.cpp.o
 .text._ZN12SAMD21TimersC2Ehh
                0x000008dc        0x8 C:\Users\mosta\AppData\Local\Temp\VMBuilds\TinyBeep_Demo\samd21_custom\Debug\SAMD21Timers.cpp.o
                0x000008dc                SAMD21Timers::SAMD21Timers(unsigned char, unsigned char)
                0x000008dc                SAMD21Timers::SAMD21Timers(unsigned char, unsigned char)
 .text._ZN12SAMD21TimersD2Ev
                0x000008e4        0x2 C:\Users\mosta\AppData\Local\Temp\VMBuilds\TinyBeep_Demo\samd21_custom\Debug\SAMD21Timers.cpp.o
                0x000008e4                SAMD21Timers::~SAMD21Timers()
                0x000008e4                SAMD21Timers::~SAMD21Timers()
 .text._ZN12SAMD21Timers14tcStartCounterEv
                0x000008e6       0x16 C:\Users\mosta\AppData\Local\Temp\VMBuilds\TinyBeep_Demo\samd21_custom\Debug\SAMD21Timers.cpp.o
                0x000008e6                SAMD21Timers::tcStartCounter()
 .text._ZN12SAMD21Timers7tcResetEv
                0x000008fc       0x18 C:\Users\mosta\AppData\Local\Temp\VMBuilds\TinyBeep_Demo\samd21_custom\Debug\SAMD21Timers.cpp.o
                0x000008fc                SAMD21Timers::tcReset()
 .text._ZN12SAMD21Timers11tcConfigureEii
                0x00000914      0x18c C:\Users\mosta\AppData\Local\Temp\VMBuilds\TinyBeep_Demo\samd21_custom\Debug\SAMD21Timers.cpp.o
                0x00000914                SAMD21Timers::tcConfigure(int, int)
 .text._ZN12SAMD21Timers9tcDisableEv
                0x00000aa0       0x16 C:\Users\mosta\AppData\Local\Temp\VMBuilds\TinyBeep_Demo\samd21_custom\Debug\SAMD21Timers.cpp.o
                0x00000aa0                SAMD21Timers::tcDisable()
 .text._ZN6BME280C2Ev
                0x00000ab6       0x10 C:\Users\mosta\AppData\Local\Temp\VMBuilds\TinyBeep_Demo\samd21_custom\Debug\SparkFun_BME280_I2C\SparkFunBME280_I2C.cpp.o
                0x00000ab6                BME280::BME280()
                0x00000ab6                BME280::BME280()
 *fill*         0x00000ac6        0x2 
 .text._ZN6BME28013writeRegisterEhh
                0x00000ac8       0x2c C:\Users\mosta\AppData\Local\Temp\VMBuilds\TinyBeep_Demo\samd21_custom\Debug\SparkFun_BME280_I2C\SparkFunBME280_I2C.cpp.o
                0x00000ac8                BME280::writeRegister(unsigned char, unsigned char)
 .text._ZN6BME28012readRegisterEh
                0x00000af4       0x44 C:\Users\mosta\AppData\Local\Temp\VMBuilds\TinyBeep_Demo\samd21_custom\Debug\SparkFun_BME280_I2C\SparkFunBME280_I2C.cpp.o
                0x00000af4                BME280::readRegister(unsigned char)
 .text._ZN6BME2805beginEv
                0x00000b38      0x1fc C:\Users\mosta\AppData\Local\Temp\VMBuilds\TinyBeep_Demo\samd21_custom\Debug\SparkFun_BME280_I2C\SparkFunBME280_I2C.cpp.o
                0x00000b38                BME280::begin()
 *fill*         0x00000d34        0x4 
 .text._ZN6BME28017readFloatPressureEv
                0x00000d38      0x1c0 C:\Users\mosta\AppData\Local\Temp\VMBuilds\TinyBeep_Demo\samd21_custom\Debug\SparkFun_BME280_I2C\SparkFunBME280_I2C.cpp.o
                0x00000d38                BME280::readFloatPressure()
 .text._ZN6BME2809readTempCEv
                0x00000ef8       0x64 C:\Users\mosta\AppData\Local\Temp\VMBuilds\TinyBeep_Demo\samd21_custom\Debug\SparkFun_BME280_I2C\SparkFunBME280_I2C.cpp.o
                0x00000ef8                BME280::readTempC()
 .text._ZN11LSM6DS3CoreC2Ehh
                0x00000f5c       0x1a C:\Users\mosta\AppData\Local\Temp\VMBuilds\TinyBeep_Demo\samd21_custom\Debug\SparkFun_LSM6DS3_Arduino_Library-master\SparkFunLSM6DS3.cpp.o
                0x00000f5c                LSM6DS3Core::LSM6DS3Core(unsigned char, unsigned char)
                0x00000f5c                LSM6DS3Core::LSM6DS3Core(unsigned char, unsigned char)
 *fill*         0x00000f76        0x2 
 .text._ZN7LSM6DS3C2Ehh
                0x00000f78       0x50 C:\Users\mosta\AppData\Local\Temp\VMBuilds\TinyBeep_Demo\samd21_custom\Debug\SparkFun_LSM6DS3_Arduino_Library-master\SparkFunLSM6DS3.cpp.o
                0x00000f78                LSM6DS3::LSM6DS3(unsigned char, unsigned char)
                0x00000f78                LSM6DS3::LSM6DS3(unsigned char, unsigned char)
 .text._ZN7LSM6DS39calcAccelEs
                0x00000fc8       0x50 C:\Users\mosta\AppData\Local\Temp\VMBuilds\TinyBeep_Demo\samd21_custom\Debug\SparkFun_LSM6DS3_Arduino_Library-master\SparkFunLSM6DS3.cpp.o
                0x00000fc8                LSM6DS3::calcAccel(short)
 .text._ZN7LSM6DS38calcGyroEs
                0x00001018       0x60 C:\Users\mosta\AppData\Local\Temp\VMBuilds\TinyBeep_Demo\samd21_custom\Debug\SparkFun_LSM6DS3_Arduino_Library-master\SparkFunLSM6DS3.cpp.o
                0x00001018                LSM6DS3::calcGyro(short)
 .text._ZN11LSM6DS3Core13writeRegisterEhh
                0x00001078       0x68 C:\Users\mosta\AppData\Local\Temp\VMBuilds\TinyBeep_Demo\samd21_custom\Debug\SparkFun_LSM6DS3_Arduino_Library-master\SparkFunLSM6DS3.cpp.o
                0x00001078                LSM6DS3Core::writeRegister(unsigned char, unsigned char)
 .text._ZN11LSM6DS3Core18readRegisterRegionEPhhh
                0x000010e0       0xbc C:\Users\mosta\AppData\Local\Temp\VMBuilds\TinyBeep_Demo\samd21_custom\Debug\SparkFun_LSM6DS3_Arduino_Library-master\SparkFunLSM6DS3.cpp.o
                0x000010e0                LSM6DS3Core::readRegisterRegion(unsigned char*, unsigned char, unsigned char)
 .text._ZN11LSM6DS3Core17readRegisterInt16EPsh
                0x0000119c       0x1a C:\Users\mosta\AppData\Local\Temp\VMBuilds\TinyBeep_Demo\samd21_custom\Debug\SparkFun_LSM6DS3_Arduino_Library-master\SparkFunLSM6DS3.cpp.o
                0x0000119c                LSM6DS3Core::readRegisterInt16(short*, unsigned char)
 .text._ZN7LSM6DS313readRawAccelXEv
                0x000011b6       0x2c C:\Users\mosta\AppData\Local\Temp\VMBuilds\TinyBeep_Demo\samd21_custom\Debug\SparkFun_LSM6DS3_Arduino_Library-master\SparkFunLSM6DS3.cpp.o
                0x000011b6                LSM6DS3::readRawAccelX()
 .text._ZN7LSM6DS315readFloatAccelXEv
                0x000011e2       0x12 C:\Users\mosta\AppData\Local\Temp\VMBuilds\TinyBeep_Demo\samd21_custom\Debug\SparkFun_LSM6DS3_Arduino_Library-master\SparkFunLSM6DS3.cpp.o
                0x000011e2                LSM6DS3::readFloatAccelX()
 .text._ZN7LSM6DS313readRawAccelYEv
                0x000011f4       0x2c C:\Users\mosta\AppData\Local\Temp\VMBuilds\TinyBeep_Demo\samd21_custom\Debug\SparkFun_LSM6DS3_Arduino_Library-master\SparkFunLSM6DS3.cpp.o
                0x000011f4                LSM6DS3::readRawAccelY()
 .text._ZN7LSM6DS315readFloatAccelYEv
                0x00001220       0x12 C:\Users\mosta\AppData\Local\Temp\VMBuilds\TinyBeep_Demo\samd21_custom\Debug\SparkFun_LSM6DS3_Arduino_Library-master\SparkFunLSM6DS3.cpp.o
                0x00001220                LSM6DS3::readFloatAccelY()
 .text._ZN7LSM6DS313readRawAccelZEv
                0x00001232       0x2c C:\Users\mosta\AppData\Local\Temp\VMBuilds\TinyBeep_Demo\samd21_custom\Debug\SparkFun_LSM6DS3_Arduino_Library-master\SparkFunLSM6DS3.cpp.o
                0x00001232                LSM6DS3::readRawAccelZ()
 .text._ZN7LSM6DS315readFloatAccelZEv
                0x0000125e       0x12 C:\Users\mosta\AppData\Local\Temp\VMBuilds\TinyBeep_Demo\samd21_custom\Debug\SparkFun_LSM6DS3_Arduino_Library-master\SparkFunLSM6DS3.cpp.o
                0x0000125e                LSM6DS3::readFloatAccelZ()
 .text._ZN7LSM6DS312readRawGyroXEv
                0x00001270       0x2c C:\Users\mosta\AppData\Local\Temp\VMBuilds\TinyBeep_Demo\samd21_custom\Debug\SparkFun_LSM6DS3_Arduino_Library-master\SparkFunLSM6DS3.cpp.o
                0x00001270                LSM6DS3::readRawGyroX()
 .text._ZN7LSM6DS314readFloatGyroXEv
                0x0000129c       0x12 C:\Users\mosta\AppData\Local\Temp\VMBuilds\TinyBeep_Demo\samd21_custom\Debug\SparkFun_LSM6DS3_Arduino_Library-master\SparkFunLSM6DS3.cpp.o
                0x0000129c                LSM6DS3::readFloatGyroX()
 .text._ZN7LSM6DS312readRawGyroYEv
                0x000012ae       0x2c C:\Users\mosta\AppData\Local\Temp\VMBuilds\TinyBeep_Demo\samd21_custom\Debug\SparkFun_LSM6DS3_Arduino_Library-master\SparkFunLSM6DS3.cpp.o
                0x000012ae                LSM6DS3::readRawGyroY()
 .text._ZN7LSM6DS314readFloatGyroYEv
                0x000012da       0x12 C:\Users\mosta\AppData\Local\Temp\VMBuilds\TinyBeep_Demo\samd21_custom\Debug\SparkFun_LSM6DS3_Arduino_Library-master\SparkFunLSM6DS3.cpp.o
                0x000012da                LSM6DS3::readFloatGyroY()
 .text._ZN7LSM6DS312readRawGyroZEv
                0x000012ec       0x2c C:\Users\mosta\AppData\Local\Temp\VMBuilds\TinyBeep_Demo\samd21_custom\Debug\SparkFun_LSM6DS3_Arduino_Library-master\SparkFunLSM6DS3.cpp.o
                0x000012ec                LSM6DS3::readRawGyroZ()
 .text._ZN7LSM6DS314readFloatGyroZEv
                0x00001318       0x12 C:\Users\mosta\AppData\Local\Temp\VMBuilds\TinyBeep_Demo\samd21_custom\Debug\SparkFun_LSM6DS3_Arduino_Library-master\SparkFunLSM6DS3.cpp.o
                0x00001318                LSM6DS3::readFloatGyroZ()
 *fill*         0x0000132a        0x2 
 .text._ZN11LSM6DS3Core12readRegisterEPhh
                0x0000132c       0x94 C:\Users\mosta\AppData\Local\Temp\VMBuilds\TinyBeep_Demo\samd21_custom\Debug\SparkFun_LSM6DS3_Arduino_Library-master\SparkFunLSM6DS3.cpp.o
                0x0000132c                LSM6DS3Core::readRegister(unsigned char*, unsigned char)
 .text._ZN11LSM6DS3Core9beginCoreEv
                0x000013c0       0x80 C:\Users\mosta\AppData\Local\Temp\VMBuilds\TinyBeep_Demo\samd21_custom\Debug\SparkFun_LSM6DS3_Arduino_Library-master\SparkFunLSM6DS3.cpp.o
                0x000013c0                LSM6DS3Core::beginCore()
 .text._ZN7LSM6DS35beginEP17SensorSettingsIMU
                0x00001440      0x26c C:\Users\mosta\AppData\Local\Temp\VMBuilds\TinyBeep_Demo\samd21_custom\Debug\SparkFun_LSM6DS3_Arduino_Library-master\SparkFunLSM6DS3.cpp.o
                0x00001440                LSM6DS3::begin(SensorSettingsIMU*)
 .text._ZN5Print17availableForWriteEv
                0x000016ac        0x4 C:\Users\mosta\AppData\Local\Temp\VMBuilds\TinyBeep_Demo\samd21_custom\Debug\Wire\Wire.cpp.o
                0x000016ac                Print::availableForWrite()
 .text._ZN7TwoWire5writeEPKhj
                0x000016b0       0x24 C:\Users\mosta\AppData\Local\Temp\VMBuilds\TinyBeep_Demo\samd21_custom\Debug\Wire\Wire.cpp.o
                0x000016b0                TwoWire::write(unsigned char const*, unsigned int)
 .text._ZN7TwoWire5flushEv
                0x000016d4        0x2 C:\Users\mosta\AppData\Local\Temp\VMBuilds\TinyBeep_Demo\samd21_custom\Debug\Wire\Wire.cpp.o
                0x000016d4                TwoWire::flush()
 .text._ZN7TwoWire4peekEv
                0x000016d6       0x1a C:\Users\mosta\AppData\Local\Temp\VMBuilds\TinyBeep_Demo\samd21_custom\Debug\Wire\Wire.cpp.o
                0x000016d6                TwoWire::peek()
 .text._ZN7TwoWire9availableEv
                0x000016f0       0x12 C:\Users\mosta\AppData\Local\Temp\VMBuilds\TinyBeep_Demo\samd21_custom\Debug\Wire\Wire.cpp.o
                0x000016f0                TwoWire::available()
 *fill*         0x00001702        0x2 
 .text._ZN7TwoWireC2EP6SERCOMhh
                0x00001704       0x5c C:\Users\mosta\AppData\Local\Temp\VMBuilds\TinyBeep_Demo\samd21_custom\Debug\Wire\Wire.cpp.o
                0x00001704                TwoWire::TwoWire(SERCOM*, unsigned char, unsigned char)
                0x00001704                TwoWire::TwoWire(SERCOM*, unsigned char, unsigned char)
 .text._ZN7TwoWire5beginEv
                0x00001760       0x40 C:\Users\mosta\AppData\Local\Temp\VMBuilds\TinyBeep_Demo\samd21_custom\Debug\Wire\Wire.cpp.o
                0x00001760                TwoWire::begin()
 .text._ZN7TwoWire8setClockEm
                0x000017a0       0x1c C:\Users\mosta\AppData\Local\Temp\VMBuilds\TinyBeep_Demo\samd21_custom\Debug\Wire\Wire.cpp.o
                0x000017a0                TwoWire::setClock(unsigned long)
 .text._ZN7TwoWire17beginTransmissionEh
                0x000017bc       0x18 C:\Users\mosta\AppData\Local\Temp\VMBuilds\TinyBeep_Demo\samd21_custom\Debug\Wire\Wire.cpp.o
                0x000017bc                TwoWire::beginTransmission(unsigned char)
 .text._ZN11RingBufferNILi256EE10store_charEh
                0x000017d4       0x1a C:\Users\mosta\AppData\Local\Temp\VMBuilds\TinyBeep_Demo\samd21_custom\Debug\Wire\Wire.cpp.o
                0x000017d4                RingBufferN<256>::store_char(unsigned char)
 .text._ZN7TwoWire11requestFromEhjb
                0x000017ee       0x76 C:\Users\mosta\AppData\Local\Temp\VMBuilds\TinyBeep_Demo\samd21_custom\Debug\Wire\Wire.cpp.o
                0x000017ee                TwoWire::requestFrom(unsigned char, unsigned int, bool)
 .text._ZN7TwoWire11requestFromEhj
                0x00001864        0xa C:\Users\mosta\AppData\Local\Temp\VMBuilds\TinyBeep_Demo\samd21_custom\Debug\Wire\Wire.cpp.o
                0x00001864                TwoWire::requestFrom(unsigned char, unsigned int)
 .text._ZN7TwoWire5writeEh
                0x0000186e       0x2a C:\Users\mosta\AppData\Local\Temp\VMBuilds\TinyBeep_Demo\samd21_custom\Debug\Wire\Wire.cpp.o
                0x0000186e                TwoWire::write(unsigned char)
 .text._ZN11RingBufferNILi256EE9read_charEv
                0x00001898       0x20 C:\Users\mosta\AppData\Local\Temp\VMBuilds\TinyBeep_Demo\samd21_custom\Debug\Wire\Wire.cpp.o
                0x00001898                RingBufferN<256>::read_char()
 .text._ZN7TwoWire15endTransmissionEb
                0x000018b8       0x72 C:\Users\mosta\AppData\Local\Temp\VMBuilds\TinyBeep_Demo\samd21_custom\Debug\Wire\Wire.cpp.o
                0x000018b8                TwoWire::endTransmission(bool)
 .text._ZN7TwoWire15endTransmissionEv
                0x0000192a        0xa C:\Users\mosta\AppData\Local\Temp\VMBuilds\TinyBeep_Demo\samd21_custom\Debug\Wire\Wire.cpp.o
                0x0000192a                TwoWire::endTransmission()
 .text._ZN7TwoWire4readEv
                0x00001934        0xa C:\Users\mosta\AppData\Local\Temp\VMBuilds\TinyBeep_Demo\samd21_custom\Debug\Wire\Wire.cpp.o
                0x00001934                TwoWire::read()
 .text._ZN7TwoWire9onServiceEv
                0x0000193e      0x11c C:\Users\mosta\AppData\Local\Temp\VMBuilds\TinyBeep_Demo\samd21_custom\Debug\Wire\Wire.cpp.o
                0x0000193e                TwoWire::onService()
 *fill*         0x00001a5a        0x2 
 .text.SERCOM3_Handler
                0x00001a5c       0x10 C:\Users\mosta\AppData\Local\Temp\VMBuilds\TinyBeep_Demo\samd21_custom\Debug\Wire\Wire.cpp.o
                0x00001a5c                SERCOM3_Handler
 .text.startup._GLOBAL__sub_I__ZN7TwoWireC2EP6SERCOMhh
                0x00001a6c       0x18 C:\Users\mosta\AppData\Local\Temp\VMBuilds\TinyBeep_Demo\samd21_custom\Debug\Wire\Wire.cpp.o
 .text._ZN8SPIClass4initEv
                0x00001a84       0x12 C:\Users\mosta\AppData\Local\Temp\VMBuilds\TinyBeep_Demo\samd21_custom\Debug\SPI\SPI.cpp.o
                0x00001a84                SPIClass::init()
 .text._ZN8SPIClass6configE11SPISettings
                0x00001a96       0x36 C:\Users\mosta\AppData\Local\Temp\VMBuilds\TinyBeep_Demo\samd21_custom\Debug\SPI\SPI.cpp.o
                0x00001a96                SPIClass::config(SPISettings)
 .text._ZN8SPIClass5beginEv
                0x00001acc       0x50 C:\Users\mosta\AppData\Local\Temp\VMBuilds\TinyBeep_Demo\samd21_custom\Debug\SPI\SPI.cpp.o
                0x00001acc                SPIClass::begin()
 .text._ZN8SPIClass11setBitOrderE8BitOrder
                0x00001b1c       0x14 C:\Users\mosta\AppData\Local\Temp\VMBuilds\TinyBeep_Demo\samd21_custom\Debug\SPI\SPI.cpp.o
                0x00001b1c                SPIClass::setBitOrder(BitOrder)
 .text._ZN8SPIClass15setClockDividerEh
                0x00001b30       0x10 C:\Users\mosta\AppData\Local\Temp\VMBuilds\TinyBeep_Demo\samd21_custom\Debug\SPI\SPI.cpp.o
                0x00001b30                SPIClass::setClockDivider(unsigned char)
 .text._ZN8SPIClass8transferEh
                0x00001b40        0xa C:\Users\mosta\AppData\Local\Temp\VMBuilds\TinyBeep_Demo\samd21_custom\Debug\SPI\SPI.cpp.o
                0x00001b40                SPIClass::transfer(unsigned char)
 *fill*         0x00001b4a        0x2 
 .text.startup._GLOBAL__sub_I__ZN8SPIClassC2EP6SERCOMhhh14SercomSpiTXPad11SercomRXPad
                0x00001b4c       0x38 C:\Users\mosta\AppData\Local\Temp\VMBuilds\TinyBeep_Demo\samd21_custom\Debug\SPI\SPI.cpp.o
 .text.SERCOM0_Handler
                0x00001b84       0x10 C:\Users\mosta\AppData\Local\Temp\VMBCore\arduino16x\2c9312bc90fd2fda3ff842de83d949cf\variant\variant.cpp.o
                0x00001b84                SERCOM0_Handler
 .text.SERCOM5_Handler
                0x00001b94       0x10 C:\Users\mosta\AppData\Local\Temp\VMBCore\arduino16x\2c9312bc90fd2fda3ff842de83d949cf\variant\variant.cpp.o
                0x00001b94                SERCOM5_Handler
 .text.startup._GLOBAL__sub_I_g_APinDescription
                0x00001ba4       0x94 C:\Users\mosta\AppData\Local\Temp\VMBCore\arduino16x\2c9312bc90fd2fda3ff842de83d949cf\variant\variant.cpp.o
 .text.Dummy_Handler
                0x00001c38       0x60 C:\Users\mosta\AppData\Local\Temp\VMBuilds\TinyBeep_Demo\samd21_custom\Debug/core.a(cortex_handlers.c.o)
                0x00001c38                DMAC_Handler
                0x00001c38                HardFault_Handler
                0x00001c38                AC_Handler
                0x00001c38                PendSV_Handler
                0x00001c38                NMI_Handler
                0x00001c38                TC7_Handler
                0x00001c38                ADC_Handler
                0x00001c38                TCC1_Handler
                0x00001c38                SERCOM2_Handler
                0x00001c38                TCC0_Handler
                0x00001c38                RTC_Handler
                0x00001c38                TC6_Handler
                0x00001c38                WDT_Handler
                0x00001c38                TC3_Handler
                0x00001c38                Dummy_Handler
                0x00001c38                PM_Handler
                0x00001c38                SVC_Handler
                0x00001c38                TCC2_Handler
                0x00001c38                EVSYS_Handler
                0x00001c38                SERCOM4_Handler
                0x00001c38                I2S_Handler
                0x00001c38                NVMCTRL_Handler
                0x00001c38                DAC_Handler
                0x00001c38                PTC_Handler
                0x00001c38                SYSCTRL_Handler
 .text.USB_Handler
                0x00001c98       0x14 C:\Users\mosta\AppData\Local\Temp\VMBuilds\TinyBeep_Demo\samd21_custom\Debug/core.a(cortex_handlers.c.o)
                0x00001c98                USB_Handler
 .text.Reset_Handler
                0x00001cac       0x54 C:\Users\mosta\AppData\Local\Temp\VMBuilds\TinyBeep_Demo\samd21_custom\Debug/core.a(cortex_handlers.c.o)
                0x00001cac                Reset_Handler
 .text.SysTick_Handler
                0x00001d00       0x10 C:\Users\mosta\AppData\Local\Temp\VMBuilds\TinyBeep_Demo\samd21_custom\Debug/core.a(cortex_handlers.c.o)
                0x00001d00                SysTick_Handler
 .text.USB_SetHandler
                0x00001d10        0xc C:\Users\mosta\AppData\Local\Temp\VMBuilds\TinyBeep_Demo\samd21_custom\Debug/core.a(cortex_handlers.c.o)
                0x00001d10                USB_SetHandler
 .text.millis   0x00001d1c        0xc C:\Users\mosta\AppData\Local\Temp\VMBuilds\TinyBeep_Demo\samd21_custom\Debug/core.a(delay.c.o)
                0x00001d1c                millis
 .text.delay    0x00001d28       0x20 C:\Users\mosta\AppData\Local\Temp\VMBuilds\TinyBeep_Demo\samd21_custom\Debug/core.a(delay.c.o)
                0x00001d28                delay
 .text.SysTick_DefaultHandler
                0x00001d48       0x14 C:\Users\mosta\AppData\Local\Temp\VMBuilds\TinyBeep_Demo\samd21_custom\Debug/core.a(delay.c.o)
                0x00001d48                SysTick_DefaultHandler
 .text.__empty  0x00001d5c        0x2 C:\Users\mosta\AppData\Local\Temp\VMBuilds\TinyBeep_Demo\samd21_custom\Debug/core.a(hooks.c.o)
                0x00001d5c                yield
 .text.__false  0x00001d5e        0x4 C:\Users\mosta\AppData\Local\Temp\VMBuilds\TinyBeep_Demo\samd21_custom\Debug/core.a(hooks.c.o)
                0x00001d5e                sysTickHook
 *fill*         0x00001d62        0x2 
 .text.SystemInit
                0x00001d64      0x168 C:\Users\mosta\AppData\Local\Temp\VMBuilds\TinyBeep_Demo\samd21_custom\Debug/core.a(startup.c.o)
                0x00001d64                SystemInit
 .text.attachInterrupt
                0x00001ecc      0x130 C:\Users\mosta\AppData\Local\Temp\VMBuilds\TinyBeep_Demo\samd21_custom\Debug/core.a(WInterrupts.c.o)
                0x00001ecc                attachInterrupt
 .text.EIC_Handler
                0x00001ffc       0x3c C:\Users\mosta\AppData\Local\Temp\VMBuilds\TinyBeep_Demo\samd21_custom\Debug/core.a(WInterrupts.c.o)
                0x00001ffc                EIC_Handler
 .text.init     0x00002038       0xf0 C:\Users\mosta\AppData\Local\Temp\VMBuilds\TinyBeep_Demo\samd21_custom\Debug/core.a(wiring.c.o)
                0x00002038                init
 .text.analogReference
                0x00002128       0x5c C:\Users\mosta\AppData\Local\Temp\VMBuilds\TinyBeep_Demo\samd21_custom\Debug/core.a(wiring_analog.c.o)
                0x00002128                analogReference
 .text.pinMode  0x00002184       0xb4 C:\Users\mosta\AppData\Local\Temp\VMBuilds\TinyBeep_Demo\samd21_custom\Debug/core.a(wiring_digital.c.o)
                0x00002184                pinMode
 .text.digitalWrite
                0x00002238       0x60 C:\Users\mosta\AppData\Local\Temp\VMBuilds\TinyBeep_Demo\samd21_custom\Debug/core.a(wiring_digital.c.o)
                0x00002238                digitalWrite
 .text.pinPeripheral
                0x00002298       0xc4 C:\Users\mosta\AppData\Local\Temp\VMBuilds\TinyBeep_Demo\samd21_custom\Debug/core.a(wiring_private.c.o)
                0x00002298                pinPeripheral
 .text._Z11initVariantv
                0x0000235c        0x2 C:\Users\mosta\AppData\Local\Temp\VMBuilds\TinyBeep_Demo\samd21_custom\Debug/core.a(main.cpp.o)
                0x0000235c                initVariant()
 *fill*         0x0000235e        0x2 
 .text.startup.main
                0x00002360       0x40 C:\Users\mosta\AppData\Local\Temp\VMBuilds\TinyBeep_Demo\samd21_custom\Debug/core.a(main.cpp.o)
                0x00002360                main
 .text._ZN5Print5writeEPKhj
                0x000023a0       0x28 C:\Users\mosta\AppData\Local\Temp\VMBuilds\TinyBeep_Demo\samd21_custom\Debug/core.a(Print.cpp.o)
                0x000023a0                Print::write(unsigned char const*, unsigned int)
 .text._ZN5Print5writeEPKc
                0x000023c8       0x1c C:\Users\mosta\AppData\Local\Temp\VMBuilds\TinyBeep_Demo\samd21_custom\Debug/core.a(Print.cpp.o)
                0x000023c8                Print::write(char const*)
 .text._ZN5Print5printEPKc
                0x000023e4        0x8 C:\Users\mosta\AppData\Local\Temp\VMBuilds\TinyBeep_Demo\samd21_custom\Debug/core.a(Print.cpp.o)
                0x000023e4                Print::print(char const*)
 .text._ZN5Print5printEc
                0x000023ec        0xa C:\Users\mosta\AppData\Local\Temp\VMBuilds\TinyBeep_Demo\samd21_custom\Debug/core.a(Print.cpp.o)
                0x000023ec                Print::print(char)
 *fill*         0x000023f6        0x2 
 .text._ZN5Print7printlnEv
                0x000023f8       0x10 C:\Users\mosta\AppData\Local\Temp\VMBuilds\TinyBeep_Demo\samd21_custom\Debug/core.a(Print.cpp.o)
                0x000023f8                Print::println()
 .text._ZN5Print7printlnEPKc
                0x00002408       0x14 C:\Users\mosta\AppData\Local\Temp\VMBuilds\TinyBeep_Demo\samd21_custom\Debug/core.a(Print.cpp.o)
                0x00002408                Print::println(char const*)
 .text._ZN5Print11printNumberEmh
                0x0000241c       0x4e C:\Users\mosta\AppData\Local\Temp\VMBuilds\TinyBeep_Demo\samd21_custom\Debug/core.a(Print.cpp.o)
                0x0000241c                Print::printNumber(unsigned long, unsigned char)
 .text._ZN5Print5printEli
                0x0000246a       0x3c C:\Users\mosta\AppData\Local\Temp\VMBuilds\TinyBeep_Demo\samd21_custom\Debug/core.a(Print.cpp.o)
                0x0000246a                Print::print(long, int)
 .text._ZN5Print5printEii
                0x000024a6        0x8 C:\Users\mosta\AppData\Local\Temp\VMBuilds\TinyBeep_Demo\samd21_custom\Debug/core.a(Print.cpp.o)
                0x000024a6                Print::print(int, int)
 .text._ZN5Print7printlnEii
                0x000024ae       0x14 C:\Users\mosta\AppData\Local\Temp\VMBuilds\TinyBeep_Demo\samd21_custom\Debug/core.a(Print.cpp.o)
                0x000024ae                Print::println(int, int)
 *fill*         0x000024c2        0x2 
 .text.initiateReset
                0x000024c4        0xc C:\Users\mosta\AppData\Local\Temp\VMBuilds\TinyBeep_Demo\samd21_custom\Debug/core.a(Reset.cpp.o)
                0x000024c4                initiateReset
 .text.cancelReset
                0x000024d0       0x10 C:\Users\mosta\AppData\Local\Temp\VMBuilds\TinyBeep_Demo\samd21_custom\Debug/core.a(Reset.cpp.o)
                0x000024d0                cancelReset
 .text.tickReset
                0x000024e0       0x74 C:\Users\mosta\AppData\Local\Temp\VMBuilds\TinyBeep_Demo\samd21_custom\Debug/core.a(Reset.cpp.o)
                0x000024e0                tickReset
 .text._ZN6SERCOMC2EP6Sercom
                0x00002554        0x4 C:\Users\mosta\AppData\Local\Temp\VMBuilds\TinyBeep_Demo\samd21_custom\Debug/core.a(SERCOM.cpp.o)
                0x00002554                SERCOM::SERCOM(Sercom*)
                0x00002554                SERCOM::SERCOM(Sercom*)
 .text._ZN6SERCOM9initFrameE18SercomUartCharSize15SercomDataOrder16SercomParityMode19SercomNumberStopBit
                0x00002558       0x38 C:\Users\mosta\AppData\Local\Temp\VMBuilds\TinyBeep_Demo\samd21_custom\Debug/core.a(SERCOM.cpp.o)
                0x00002558                SERCOM::initFrame(SercomUartCharSize, SercomDataOrder, SercomParityMode, SercomNumberStopBit)
 .text._ZN6SERCOM8initPadsE15SercomUartTXPad11SercomRXPad
                0x00002590       0x26 C:\Users\mosta\AppData\Local\Temp\VMBuilds\TinyBeep_Demo\samd21_custom\Debug/core.a(SERCOM.cpp.o)
                0x00002590                SERCOM::initPads(SercomUartTXPad, SercomRXPad)
 .text._ZN6SERCOM9resetUARTEv
                0x000025b6       0x1c C:\Users\mosta\AppData\Local\Temp\VMBuilds\TinyBeep_Demo\samd21_custom\Debug/core.a(SERCOM.cpp.o)
                0x000025b6                SERCOM::resetUART()
 .text._ZN6SERCOM10enableUARTEv
                0x000025d2       0x14 C:\Users\mosta\AppData\Local\Temp\VMBuilds\TinyBeep_Demo\samd21_custom\Debug/core.a(SERCOM.cpp.o)
                0x000025d2                SERCOM::enableUART()
 *fill*         0x000025e6        0x2 
 .text._ZN6SERCOM9flushUARTEv
                0x000025e8       0x2c C:\Users\mosta\AppData\Local\Temp\VMBuilds\TinyBeep_Demo\samd21_custom\Debug/core.a(SERCOM.cpp.o)
                0x000025e8                SERCOM::flushUART()
 .text._ZN6SERCOM15clearStatusUARTEv
                0x00002614        0x8 C:\Users\mosta\AppData\Local\Temp\VMBuilds\TinyBeep_Demo\samd21_custom\Debug/core.a(SERCOM.cpp.o)
                0x00002614                SERCOM::clearStatusUART()
 .text._ZN6SERCOM17availableDataUARTEv
                0x0000261c        0xa C:\Users\mosta\AppData\Local\Temp\VMBuilds\TinyBeep_Demo\samd21_custom\Debug/core.a(SERCOM.cpp.o)
                0x0000261c                SERCOM::availableDataUART()
 .text._ZN6SERCOM11isUARTErrorEv
                0x00002626        0x8 C:\Users\mosta\AppData\Local\Temp\VMBuilds\TinyBeep_Demo\samd21_custom\Debug/core.a(SERCOM.cpp.o)
                0x00002626                SERCOM::isUARTError()
 .text._ZN6SERCOM20acknowledgeUARTErrorEv
                0x0000262e        0xe C:\Users\mosta\AppData\Local\Temp\VMBuilds\TinyBeep_Demo\samd21_custom\Debug/core.a(SERCOM.cpp.o)
                0x0000262e                SERCOM::acknowledgeUARTError()
 .text._ZN6SERCOM16isFrameErrorUARTEv
                0x0000263c        0xa C:\Users\mosta\AppData\Local\Temp\VMBuilds\TinyBeep_Demo\samd21_custom\Debug/core.a(SERCOM.cpp.o)
                0x0000263c                SERCOM::isFrameErrorUART()
 .text._ZN6SERCOM19clearFrameErrorUARTEv
                0x00002646        0xc C:\Users\mosta\AppData\Local\Temp\VMBuilds\TinyBeep_Demo\samd21_custom\Debug/core.a(SERCOM.cpp.o)
                0x00002646                SERCOM::clearFrameErrorUART()
 .text._ZN6SERCOM23isDataRegisterEmptyUARTEv
                0x00002652        0xa C:\Users\mosta\AppData\Local\Temp\VMBuilds\TinyBeep_Demo\samd21_custom\Debug/core.a(SERCOM.cpp.o)
                0x00002652                SERCOM::isDataRegisterEmptyUART()
 .text._ZN6SERCOM12readDataUARTEv
                0x0000265c        0x8 C:\Users\mosta\AppData\Local\Temp\VMBuilds\TinyBeep_Demo\samd21_custom\Debug/core.a(SERCOM.cpp.o)
                0x0000265c                SERCOM::readDataUART()
 .text._ZN6SERCOM13writeDataUARTEh
                0x00002664        0xe C:\Users\mosta\AppData\Local\Temp\VMBuilds\TinyBeep_Demo\samd21_custom\Debug/core.a(SERCOM.cpp.o)
                0x00002664                SERCOM::writeDataUART(unsigned char)
 .text._ZN6SERCOM36enableDataRegisterEmptyInterruptUARTEv
                0x00002672        0x8 C:\Users\mosta\AppData\Local\Temp\VMBuilds\TinyBeep_Demo\samd21_custom\Debug/core.a(SERCOM.cpp.o)
                0x00002672                SERCOM::enableDataRegisterEmptyInterruptUART()
 .text._ZN6SERCOM37disableDataRegisterEmptyInterruptUARTEv
                0x0000267a        0x8 C:\Users\mosta\AppData\Local\Temp\VMBuilds\TinyBeep_Demo\samd21_custom\Debug/core.a(SERCOM.cpp.o)
                0x0000267a                SERCOM::disableDataRegisterEmptyInterruptUART()
 *fill*         0x00002682        0x2 
 .text._ZN6SERCOM12initSPIClockE18SercomSpiClockModem
                0x00002684       0x30 C:\Users\mosta\AppData\Local\Temp\VMBuilds\TinyBeep_Demo\samd21_custom\Debug/core.a(SERCOM.cpp.o)
                0x00002684                SERCOM::initSPIClock(SercomSpiClockMode, unsigned long)
 .text._ZN6SERCOM8resetSPIEv
                0x000026b4       0x1c C:\Users\mosta\AppData\Local\Temp\VMBuilds\TinyBeep_Demo\samd21_custom\Debug/core.a(SERCOM.cpp.o)
                0x000026b4                SERCOM::resetSPI()
 .text._ZN6SERCOM9enableSPIEv
                0x000026d0       0x14 C:\Users\mosta\AppData\Local\Temp\VMBuilds\TinyBeep_Demo\samd21_custom\Debug/core.a(SERCOM.cpp.o)
                0x000026d0                SERCOM::enableSPI()
 .text._ZN6SERCOM10disableSPIEv
                0x000026e4       0x12 C:\Users\mosta\AppData\Local\Temp\VMBuilds\TinyBeep_Demo\samd21_custom\Debug/core.a(SERCOM.cpp.o)
                0x000026e4                SERCOM::disableSPI()
 *fill*         0x000026f6        0x2 
 .text._ZN6SERCOM15setDataOrderSPIE15SercomDataOrder
                0x000026f8       0x28 C:\Users\mosta\AppData\Local\Temp\VMBuilds\TinyBeep_Demo\samd21_custom\Debug/core.a(SERCOM.cpp.o)
                0x000026f8                SERCOM::setDataOrderSPI(SercomDataOrder)
 .text._ZN6SERCOM14setBaudrateSPIEh
                0x00002720       0x30 C:\Users\mosta\AppData\Local\Temp\VMBuilds\TinyBeep_Demo\samd21_custom\Debug/core.a(SERCOM.cpp.o)
                0x00002720                SERCOM::setBaudrateSPI(unsigned char)
 .text._ZN6SERCOM15transferDataSPIEh
                0x00002750       0x1a C:\Users\mosta\AppData\Local\Temp\VMBuilds\TinyBeep_Demo\samd21_custom\Debug/core.a(SERCOM.cpp.o)
                0x00002750                SERCOM::transferDataSPI(unsigned char)
 .text._ZN6SERCOM9resetWIREEv
                0x0000276a       0x1c C:\Users\mosta\AppData\Local\Temp\VMBuilds\TinyBeep_Demo\samd21_custom\Debug/core.a(SERCOM.cpp.o)
                0x0000276a                SERCOM::resetWIRE()
 .text._ZN6SERCOM10enableWIREEv
                0x00002786       0x28 C:\Users\mosta\AppData\Local\Temp\VMBuilds\TinyBeep_Demo\samd21_custom\Debug/core.a(SERCOM.cpp.o)
                0x00002786                SERCOM::enableWIRE()
 .text._ZN6SERCOM11disableWIREEv
                0x000027ae       0x14 C:\Users\mosta\AppData\Local\Temp\VMBuilds\TinyBeep_Demo\samd21_custom\Debug/core.a(SERCOM.cpp.o)
                0x000027ae                SERCOM::disableWIRE()
 .text._ZN6SERCOM18prepareNackBitWIREEv
                0x000027c2       0x10 C:\Users\mosta\AppData\Local\Temp\VMBuilds\TinyBeep_Demo\samd21_custom\Debug/core.a(SERCOM.cpp.o)
                0x000027c2                SERCOM::prepareNackBitWIRE()
 *fill*         0x000027d2        0x2 
 .text._ZN6SERCOM17prepareAckBitWIREEv
                0x000027d4       0x14 C:\Users\mosta\AppData\Local\Temp\VMBuilds\TinyBeep_Demo\samd21_custom\Debug/core.a(SERCOM.cpp.o)
                0x000027d4                SERCOM::prepareAckBitWIRE()
 .text._ZN6SERCOM22prepareCommandBitsWireEh
                0x000027e8       0x2c C:\Users\mosta\AppData\Local\Temp\VMBuilds\TinyBeep_Demo\samd21_custom\Debug/core.a(SERCOM.cpp.o)
                0x000027e8                SERCOM::prepareCommandBitsWire(unsigned char)
 .text._ZN6SERCOM21startTransmissionWIREEh23SercomWireReadWriteFlag
                0x00002814       0x5e C:\Users\mosta\AppData\Local\Temp\VMBuilds\TinyBeep_Demo\samd21_custom\Debug/core.a(SERCOM.cpp.o)
                0x00002814                SERCOM::startTransmissionWIRE(unsigned char, SercomWireReadWriteFlag)
 .text._ZN6SERCOM18sendDataMasterWIREEh
                0x00002872       0x22 C:\Users\mosta\AppData\Local\Temp\VMBuilds\TinyBeep_Demo\samd21_custom\Debug/core.a(SERCOM.cpp.o)
                0x00002872                SERCOM::sendDataMasterWIRE(unsigned char)
 .text._ZN6SERCOM17sendDataSlaveWIREEh
                0x00002894       0x1a C:\Users\mosta\AppData\Local\Temp\VMBuilds\TinyBeep_Demo\samd21_custom\Debug/core.a(SERCOM.cpp.o)
                0x00002894                SERCOM::sendDataSlaveWIRE(unsigned char)
 .text._ZN6SERCOM11isSlaveWIREEv
                0x000028ae       0x12 C:\Users\mosta\AppData\Local\Temp\VMBuilds\TinyBeep_Demo\samd21_custom\Debug/core.a(SERCOM.cpp.o)
                0x000028ae                SERCOM::isSlaveWIRE()
 .text._ZN6SERCOM15isDataReadyWIREEv
                0x000028c0        0xa C:\Users\mosta\AppData\Local\Temp\VMBuilds\TinyBeep_Demo\samd21_custom\Debug/core.a(SERCOM.cpp.o)
                0x000028c0                SERCOM::isDataReadyWIRE()
 .text._ZN6SERCOM18isStopDetectedWIREEv
                0x000028ca        0xa C:\Users\mosta\AppData\Local\Temp\VMBuilds\TinyBeep_Demo\samd21_custom\Debug/core.a(SERCOM.cpp.o)
                0x000028ca                SERCOM::isStopDetectedWIRE()
 .text._ZN6SERCOM21isRestartDetectedWIREEv
                0x000028d4        0xa C:\Users\mosta\AppData\Local\Temp\VMBuilds\TinyBeep_Demo\samd21_custom\Debug/core.a(SERCOM.cpp.o)
                0x000028d4                SERCOM::isRestartDetectedWIRE()
 .text._ZN6SERCOM14isAddressMatchEv
                0x000028de        0xa C:\Users\mosta\AppData\Local\Temp\VMBuilds\TinyBeep_Demo\samd21_custom\Debug/core.a(SERCOM.cpp.o)
                0x000028de                SERCOM::isAddressMatch()
 .text._ZN6SERCOM25isMasterReadOperationWIREEv
                0x000028e8        0xa C:\Users\mosta\AppData\Local\Temp\VMBuilds\TinyBeep_Demo\samd21_custom\Debug/core.a(SERCOM.cpp.o)
                0x000028e8                SERCOM::isMasterReadOperationWIRE()
 .text._ZN6SERCOM12readDataWIREEv
                0x000028f2       0x1a C:\Users\mosta\AppData\Local\Temp\VMBuilds\TinyBeep_Demo\samd21_custom\Debug/core.a(SERCOM.cpp.o)
                0x000028f2                SERCOM::readDataWIRE()
 .text._ZN6SERCOM13initClockNVICEv
                0x0000290c       0xac C:\Users\mosta\AppData\Local\Temp\VMBuilds\TinyBeep_Demo\samd21_custom\Debug/core.a(SERCOM.cpp.o)
                0x0000290c                SERCOM::initClockNVIC()
 .text._ZN6SERCOM8initUARTE14SercomUartMode20SercomUartSampleRatem
                0x000029b8       0x6c C:\Users\mosta\AppData\Local\Temp\VMBuilds\TinyBeep_Demo\samd21_custom\Debug/core.a(SERCOM.cpp.o)
                0x000029b8                SERCOM::initUART(SercomUartMode, SercomUartSampleRate, unsigned long)
 .text._ZN6SERCOM7initSPIE14SercomSpiTXPad11SercomRXPad17SercomSpiCharSize15SercomDataOrder
                0x00002a24       0x48 C:\Users\mosta\AppData\Local\Temp\VMBuilds\TinyBeep_Demo\samd21_custom\Debug/core.a(SERCOM.cpp.o)
                0x00002a24                SERCOM::initSPI(SercomSpiTXPad, SercomRXPad, SercomSpiCharSize, SercomDataOrder)
 .text._ZN6SERCOM14initMasterWIREEm
                0x00002a6c       0x54 C:\Users\mosta\AppData\Local\Temp\VMBuilds\TinyBeep_Demo\samd21_custom\Debug/core.a(SERCOM.cpp.o)
                0x00002a6c                SERCOM::initMasterWIRE(unsigned long)
 .text._ZN4UartcvbEv
                0x00002ac0        0x4 C:\Users\mosta\AppData\Local\Temp\VMBuilds\TinyBeep_Demo\samd21_custom\Debug/core.a(Uart.cpp.o)
                0x00002ac0                Uart::operator bool()
 .text._ZN4Uart5beginEm
                0x00002ac4       0x10 C:\Users\mosta\AppData\Local\Temp\VMBuilds\TinyBeep_Demo\samd21_custom\Debug/core.a(Uart.cpp.o)
                0x00002ac4                Uart::begin(unsigned long)
 .text._ZN4Uart4peekEv
                0x00002ad4       0x1a C:\Users\mosta\AppData\Local\Temp\VMBuilds\TinyBeep_Demo\samd21_custom\Debug/core.a(Uart.cpp.o)
                0x00002ad4                Uart::peek()
 .text._ZN4Uart3endEv
                0x00002aee       0x20 C:\Users\mosta\AppData\Local\Temp\VMBuilds\TinyBeep_Demo\samd21_custom\Debug/core.a(Uart.cpp.o)
                0x00002aee                Uart::end()
 *fill*         0x00002b0e        0x2 
 .text._ZN4UartC2EP6SERCOMhh11SercomRXPad15SercomUartTXPadhh
                0x00002b10       0xa4 C:\Users\mosta\AppData\Local\Temp\VMBuilds\TinyBeep_Demo\samd21_custom\Debug/core.a(Uart.cpp.o)
                0x00002b10                Uart::Uart(SERCOM*, unsigned char, unsigned char, SercomRXPad, SercomUartTXPad, unsigned char, unsigned char)
                0x00002b10                Uart::Uart(SERCOM*, unsigned char, unsigned char, SercomRXPad, SercomUartTXPad, unsigned char, unsigned char)
 .text._ZN4UartC2EP6SERCOMhh11SercomRXPad15SercomUartTXPad
                0x00002bb4       0x24 C:\Users\mosta\AppData\Local\Temp\VMBuilds\TinyBeep_Demo\samd21_custom\Debug/core.a(Uart.cpp.o)
                0x00002bb4                Uart::Uart(SERCOM*, unsigned char, unsigned char, SercomRXPad, SercomUartTXPad)
                0x00002bb4                Uart::Uart(SERCOM*, unsigned char, unsigned char, SercomRXPad, SercomUartTXPad)
 .text._ZN4Uart16extractNbStopBitEt
                0x00002bd8        0xe C:\Users\mosta\AppData\Local\Temp\VMBuilds\TinyBeep_Demo\samd21_custom\Debug/core.a(Uart.cpp.o)
                0x00002bd8                Uart::extractNbStopBit(unsigned short)
 .text._ZN4Uart15extractCharSizeEt
                0x00002be6       0x2c C:\Users\mosta\AppData\Local\Temp\VMBuilds\TinyBeep_Demo\samd21_custom\Debug/core.a(Uart.cpp.o)
                0x00002be6                Uart::extractCharSize(unsigned short)
 .text._ZN4Uart13extractParityEt
                0x00002c12       0x18 C:\Users\mosta\AppData\Local\Temp\VMBuilds\TinyBeep_Demo\samd21_custom\Debug/core.a(Uart.cpp.o)
                0x00002c12                Uart::extractParity(unsigned short)
 *fill*         0x00002c2a        0x2 
 .text._ZN4Uart5beginEmt
                0x00002c2c       0xf8 C:\Users\mosta\AppData\Local\Temp\VMBuilds\TinyBeep_Demo\samd21_custom\Debug/core.a(Uart.cpp.o)
                0x00002c2c                Uart::begin(unsigned long, unsigned short)
 .text._ZN11RingBufferNILi256EE9availableEv
                0x00002d24       0x12 C:\Users\mosta\AppData\Local\Temp\VMBuilds\TinyBeep_Demo\samd21_custom\Debug/core.a(Uart.cpp.o)
                0x00002d24                RingBufferN<256>::available()
 *fill*         0x00002d36        0x2 
 .text._ZN4Uart5flushEv
                0x00002d38       0x30 C:\Users\mosta\AppData\Local\Temp\VMBuilds\TinyBeep_Demo\samd21_custom\Debug/core.a(Uart.cpp.o)
                0x00002d38                Uart::flush()
 .text._ZN4Uart9availableEv
                0x00002d68        0xa C:\Users\mosta\AppData\Local\Temp\VMBuilds\TinyBeep_Demo\samd21_custom\Debug/core.a(Uart.cpp.o)
                0x00002d68                Uart::available()
 .text._ZN11RingBufferNILi256EE17availableForStoreEv
                0x00002d72       0x1e C:\Users\mosta\AppData\Local\Temp\VMBuilds\TinyBeep_Demo\samd21_custom\Debug/core.a(Uart.cpp.o)
                0x00002d72                RingBufferN<256>::availableForStore()
 .text._ZN4Uart17availableForWriteEv
                0x00002d90        0xc C:\Users\mosta\AppData\Local\Temp\VMBuilds\TinyBeep_Demo\samd21_custom\Debug/core.a(Uart.cpp.o)
                0x00002d90                Uart::availableForWrite()
 .text._ZN4Uart10IrqHandlerEv
                0x00002d9c       0xc8 C:\Users\mosta\AppData\Local\Temp\VMBuilds\TinyBeep_Demo\samd21_custom\Debug/core.a(Uart.cpp.o)
                0x00002d9c                Uart::IrqHandler()
 .text._ZN4Uart5writeEh
                0x00002e64       0xb4 C:\Users\mosta\AppData\Local\Temp\VMBuilds\TinyBeep_Demo\samd21_custom\Debug/core.a(Uart.cpp.o)
                0x00002e64                Uart::write(unsigned char)
 .text._ZN4Uart4readEv
                0x00002f18       0x4c C:\Users\mosta\AppData\Local\Temp\VMBuilds\TinyBeep_Demo\samd21_custom\Debug/core.a(Uart.cpp.o)
                0x00002f18                Uart::read()
 .text._ZL5utox8mPc
                0x00002f64       0x1c C:\Users\mosta\AppData\Local\Temp\VMBuilds\TinyBeep_Demo\samd21_custom\Debug/core.a(USBCore.cpp.o)
 .text._ZN26DoubleBufferedEPOutHandlerD2Ev
                0x00002f80       0x1c C:\Users\mosta\AppData\Local\Temp\VMBuilds\TinyBeep_Demo\samd21_custom\Debug/core.a(USBCore.cpp.o)
                0x00002f80                DoubleBufferedEPOutHandler::~DoubleBufferedEPOutHandler()
                0x00002f80                DoubleBufferedEPOutHandler::~DoubleBufferedEPOutHandler()
 .text._ZN26DoubleBufferedEPOutHandlerD0Ev
                0x00002f9c       0x12 C:\Users\mosta\AppData\Local\Temp\VMBuilds\TinyBeep_Demo\samd21_custom\Debug/core.a(USBCore.cpp.o)
                0x00002f9c                DoubleBufferedEPOutHandler::~DoubleBufferedEPOutHandler()
 *fill*         0x00002fae        0x2 
 .text._ZN14USBDeviceClass6initEPEmm.part.4
                0x00002fb0       0xc8 C:\Users\mosta\AppData\Local\Temp\VMBuilds\TinyBeep_Demo\samd21_custom\Debug/core.a(USBCore.cpp.o)
 .text._ZN20USBDevice_SAMD21G18x5resetEv
                0x00003078       0x28 C:\Users\mosta\AppData\Local\Temp\VMBuilds\TinyBeep_Demo\samd21_custom\Debug/core.a(USBCore.cpp.o)
                0x00003078                USBDevice_SAMD21G18x::reset()
 .text._ZN20USBDevice_SAMD21G18x9calibrateEv
                0x000030a0       0x5c C:\Users\mosta\AppData\Local\Temp\VMBuilds\TinyBeep_Demo\samd21_custom\Debug/core.a(USBCore.cpp.o)
                0x000030a0                USBDevice_SAMD21G18x::calibrate()
 .text._ZN7__GuardC2Ev
                0x000030fc        0xe C:\Users\mosta\AppData\Local\Temp\VMBuilds\TinyBeep_Demo\samd21_custom\Debug/core.a(USBCore.cpp.o)
                0x000030fc                __Guard::__Guard()
                0x000030fc                __Guard::__Guard()
 .text._ZN7__GuardD2Ev
                0x0000310a        0xe C:\Users\mosta\AppData\Local\Temp\VMBuilds\TinyBeep_Demo\samd21_custom\Debug/core.a(USBCore.cpp.o)
                0x0000310a                __Guard::~__Guard()
                0x0000310a                __Guard::~__Guard()
 .text._ZNK26DoubleBufferedEPOutHandler9availableEv
                0x00003118       0x5e C:\Users\mosta\AppData\Local\Temp\VMBuilds\TinyBeep_Demo\samd21_custom\Debug/core.a(USBCore.cpp.o)
                0x00003118                DoubleBufferedEPOutHandler::available() const
 *fill*         0x00003176        0x2 
 .text._ZN26DoubleBufferedEPOutHandler7releaseEv
                0x00003178       0x58 C:\Users\mosta\AppData\Local\Temp\VMBuilds\TinyBeep_Demo\samd21_custom\Debug/core.a(USBCore.cpp.o)
                0x00003178                DoubleBufferedEPOutHandler::release()
 .text._ZN26DoubleBufferedEPOutHandler4recvEPvm
                0x000031d0      0x11c C:\Users\mosta\AppData\Local\Temp\VMBuilds\TinyBeep_Demo\samd21_custom\Debug/core.a(USBCore.cpp.o)
                0x000031d0                DoubleBufferedEPOutHandler::recv(void*, unsigned long)
 .text._ZN26DoubleBufferedEPOutHandler14handleEndpointEv
                0x000032ec       0xc8 C:\Users\mosta\AppData\Local\Temp\VMBuilds\TinyBeep_Demo\samd21_custom\Debug/core.a(USBCore.cpp.o)
                0x000032ec                DoubleBufferedEPOutHandler::handleEndpoint()
 .text._ZN14USBDeviceClass14SendInterfacesEPm
                0x000033b4       0x2c C:\Users\mosta\AppData\Local\Temp\VMBuilds\TinyBeep_Demo\samd21_custom\Debug/core.a(USBCore.cpp.o)
                0x000033b4                USBDeviceClass::SendInterfaces(unsigned long*)
 .text._ZN14USBDeviceClass14handleEndpointEh
                0x000033e0       0x40 C:\Users\mosta\AppData\Local\Temp\VMBuilds\TinyBeep_Demo\samd21_custom\Debug/core.a(USBCore.cpp.o)
                0x000033e0                USBDeviceClass::handleEndpoint(unsigned char)
 .text._ZN14USBDeviceClass4initEv
                0x00003420       0xf0 C:\Users\mosta\AppData\Local\Temp\VMBuilds\TinyBeep_Demo\samd21_custom\Debug/core.a(USBCore.cpp.o)
                0x00003420                USBDeviceClass::init()
 .text._ZN14USBDeviceClass6attachEv
                0x00003510       0x34 C:\Users\mosta\AppData\Local\Temp\VMBuilds\TinyBeep_Demo\samd21_custom\Debug/core.a(USBCore.cpp.o)
                0x00003510                USBDeviceClass::attach()
 .text._ZN14USBDeviceClass10setAddressEm
                0x00003544       0x48 C:\Users\mosta\AppData\Local\Temp\VMBuilds\TinyBeep_Demo\samd21_custom\Debug/core.a(USBCore.cpp.o)
                0x00003544                USBDeviceClass::setAddress(unsigned long)
 .text._ZN14USBDeviceClass25handleClassInterfaceSetupER8USBSetup
                0x0000358c       0x40 C:\Users\mosta\AppData\Local\Temp\VMBuilds\TinyBeep_Demo\samd21_custom\Debug/core.a(USBCore.cpp.o)
                0x0000358c                USBDeviceClass::handleClassInterfaceSetup(USBSetup&)
 .text._ZN14USBDeviceClass6initEPEmm
                0x000035cc       0xf8 C:\Users\mosta\AppData\Local\Temp\VMBuilds\TinyBeep_Demo\samd21_custom\Debug/core.a(USBCore.cpp.o)
                0x000035cc                USBDeviceClass::initEP(unsigned long, unsigned long)
 .text._ZN14USBDeviceClass13initEndpointsEv
                0x000036c4       0x24 C:\Users\mosta\AppData\Local\Temp\VMBuilds\TinyBeep_Demo\samd21_custom\Debug/core.a(USBCore.cpp.o)
                0x000036c4                USBDeviceClass::initEndpoints()
 .text._ZN14USBDeviceClass9availableEm
                0x000036e8       0x2c C:\Users\mosta\AppData\Local\Temp\VMBuilds\TinyBeep_Demo\samd21_custom\Debug/core.a(USBCore.cpp.o)
                0x000036e8                USBDeviceClass::available(unsigned long)
 .text._ZN14USBDeviceClass5flushEm
                0x00003714       0x2c C:\Users\mosta\AppData\Local\Temp\VMBuilds\TinyBeep_Demo\samd21_custom\Debug/core.a(USBCore.cpp.o)
                0x00003714                USBDeviceClass::flush(unsigned long)
 .text._ZN14USBDeviceClass14armRecvCtrlOUTEm
                0x00003740       0x60 C:\Users\mosta\AppData\Local\Temp\VMBuilds\TinyBeep_Demo\samd21_custom\Debug/core.a(USBCore.cpp.o)
                0x00003740                USBDeviceClass::armRecvCtrlOUT(unsigned long)
 .text._ZN14USBDeviceClass11recvControlEPvm
                0x000037a0       0x3c C:\Users\mosta\AppData\Local\Temp\VMBuilds\TinyBeep_Demo\samd21_custom\Debug/core.a(USBCore.cpp.o)
                0x000037a0                USBDeviceClass::recvControl(void*, unsigned long)
 .text._ZN14USBDeviceClass7armRecvEm
                0x000037dc       0x3c C:\Users\mosta\AppData\Local\Temp\VMBuilds\TinyBeep_Demo\samd21_custom\Debug/core.a(USBCore.cpp.o)
                0x000037dc                USBDeviceClass::armRecv(unsigned long)
 .text._ZN14USBDeviceClass4recvEmPvm
                0x00003818       0xd8 C:\Users\mosta\AppData\Local\Temp\VMBuilds\TinyBeep_Demo\samd21_custom\Debug/core.a(USBCore.cpp.o)
                0x00003818                USBDeviceClass::recv(unsigned long, void*, unsigned long)
 .text._ZN14USBDeviceClass4recvEm
                0x000038f0       0x1c C:\Users\mosta\AppData\Local\Temp\VMBuilds\TinyBeep_Demo\samd21_custom\Debug/core.a(USBCore.cpp.o)
                0x000038f0                USBDeviceClass::recv(unsigned long)
 .text._ZN14USBDeviceClass4sendEmPKvm
                0x0000390c      0x124 C:\Users\mosta\AppData\Local\Temp\VMBuilds\TinyBeep_Demo\samd21_custom\Debug/core.a(USBCore.cpp.o)
                0x0000390c                USBDeviceClass::send(unsigned long, void const*, unsigned long)
 .text._ZN14USBDeviceClass7armSendEmPKvm
                0x00003a30       0x48 C:\Users\mosta\AppData\Local\Temp\VMBuilds\TinyBeep_Demo\samd21_custom\Debug/core.a(USBCore.cpp.o)
                0x00003a30                USBDeviceClass::armSend(unsigned long, void const*, unsigned long)
 .text._ZN14USBDeviceClass11sendControlEPKvm
                0x00003a78       0x58 C:\Users\mosta\AppData\Local\Temp\VMBuilds\TinyBeep_Demo\samd21_custom\Debug/core.a(USBCore.cpp.o)
                0x00003a78                USBDeviceClass::sendControl(void const*, unsigned long)
 .text._ZN14USBDeviceClass20sendStringDescriptorEPKhh
                0x00003ad0       0x68 C:\Users\mosta\AppData\Local\Temp\VMBuilds\TinyBeep_Demo\samd21_custom\Debug/core.a(USBCore.cpp.o)
                0x00003ad0                USBDeviceClass::sendStringDescriptor(unsigned char const*, unsigned char)
 .text._ZN14USBDeviceClass12packMessagesEb.part.6
                0x00003b38       0x20 C:\Users\mosta\AppData\Local\Temp\VMBuilds\TinyBeep_Demo\samd21_custom\Debug/core.a(USBCore.cpp.o)
 .text._ZN14USBDeviceClass17sendConfigurationEm
                0x00003b58       0x90 C:\Users\mosta\AppData\Local\Temp\VMBuilds\TinyBeep_Demo\samd21_custom\Debug/core.a(USBCore.cpp.o)
                0x00003b58                USBDeviceClass::sendConfiguration(unsigned long)
 .text._ZN14USBDeviceClass14sendDescriptorER8USBSetup
                0x00003be8       0xec C:\Users\mosta\AppData\Local\Temp\VMBuilds\TinyBeep_Demo\samd21_custom\Debug/core.a(USBCore.cpp.o)
                0x00003be8                USBDeviceClass::sendDescriptor(USBSetup&)
 .text._ZN14USBDeviceClass19handleStandardSetupER8USBSetup
                0x00003cd4      0x118 C:\Users\mosta\AppData\Local\Temp\VMBuilds\TinyBeep_Demo\samd21_custom\Debug/core.a(USBCore.cpp.o)
                0x00003cd4                USBDeviceClass::handleStandardSetup(USBSetup&)
 .text._ZN14USBDeviceClass10ISRHandlerEv
                0x00003dec      0x150 C:\Users\mosta\AppData\Local\Temp\VMBuilds\TinyBeep_Demo\samd21_custom\Debug/core.a(USBCore.cpp.o)
                0x00003dec                USBDeviceClass::ISRHandler()
 .text.UDD_Handler
                0x00003f3c       0x10 C:\Users\mosta\AppData\Local\Temp\VMBuilds\TinyBeep_Demo\samd21_custom\Debug/core.a(USBCore.cpp.o)
                0x00003f3c                UDD_Handler
 .text.startup._GLOBAL__sub_I__ZN20USBDevice_SAMD21G18x5resetEv
                0x00003f4c       0x10 C:\Users\mosta\AppData\Local\Temp\VMBuilds\TinyBeep_Demo\samd21_custom\Debug/core.a(USBCore.cpp.o)
 .text._Znwj    0x00003f5c        0x8 C:\Users\mosta\AppData\Local\Temp\VMBuilds\TinyBeep_Demo\samd21_custom\Debug/core.a(new.cpp.o)
                0x00003f5c                operator new(unsigned int)
 .text._ZdlPv   0x00003f64        0x8 C:\Users\mosta\AppData\Local\Temp\VMBuilds\TinyBeep_Demo\samd21_custom\Debug/core.a(new.cpp.o)
                0x00003f64                operator delete(void*)
 .text._ZN7Serial_17availableForWriteEv
                0x00003f6c        0x4 C:\Users\mosta\AppData\Local\Temp\VMBuilds\TinyBeep_Demo\samd21_custom\Debug/core.a(CDC.cpp.o)
                0x00003f6c                Serial_::availableForWrite()
 .text._ZN7Serial_5writeEh
                0x00003f70       0x14 C:\Users\mosta\AppData\Local\Temp\VMBuilds\TinyBeep_Demo\samd21_custom\Debug/core.a(CDC.cpp.o)
                0x00003f70                Serial_::write(unsigned char)
 .text._ZN7Serial_9availableEv
                0x00003f84        0xc C:\Users\mosta\AppData\Local\Temp\VMBuilds\TinyBeep_Demo\samd21_custom\Debug/core.a(CDC.cpp.o)
                0x00003f84                Serial_::available()
 .text._ZN7Serial_5flushEv
                0x00003f90        0xc C:\Users\mosta\AppData\Local\Temp\VMBuilds\TinyBeep_Demo\samd21_custom\Debug/core.a(CDC.cpp.o)
                0x00003f90                Serial_::flush()
 .text._ZN7Serial_5writeEPKhj
                0x00003f9c       0x1c C:\Users\mosta\AppData\Local\Temp\VMBuilds\TinyBeep_Demo\samd21_custom\Debug/core.a(CDC.cpp.o)
                0x00003f9c                Serial_::write(unsigned char const*, unsigned int)
 .text._ZN7Serial_4peekEv
                0x00003fb8       0x1c C:\Users\mosta\AppData\Local\Temp\VMBuilds\TinyBeep_Demo\samd21_custom\Debug/core.a(CDC.cpp.o)
                0x00003fb8                Serial_::peek()
 .text._ZN7Serial_4readEv
                0x00003fd4       0x24 C:\Users\mosta\AppData\Local\Temp\VMBuilds\TinyBeep_Demo\samd21_custom\Debug/core.a(CDC.cpp.o)
                0x00003fd4                Serial_::read()
 .text._Z16CDC_GetInterfacePh
                0x00003ff8       0x1c C:\Users\mosta\AppData\Local\Temp\VMBuilds\TinyBeep_Demo\samd21_custom\Debug/core.a(CDC.cpp.o)
                0x00003ff8                CDC_GetInterface(unsigned char*)
 .text._Z9CDC_SetupR8USBSetup
                0x00004014       0x80 C:\Users\mosta\AppData\Local\Temp\VMBuilds\TinyBeep_Demo\samd21_custom\Debug/core.a(CDC.cpp.o)
                0x00004014                CDC_Setup(USBSetup&)
 .text.startup._GLOBAL__sub_I__Z17_CDC_GetInterfacev
                0x00004094       0x28 C:\Users\mosta\AppData\Local\Temp\VMBuilds\TinyBeep_Demo\samd21_custom\Debug/core.a(CDC.cpp.o)
 .text._ZN13PluggableUSB_12getInterfaceEPh
                0x000040bc       0x2a C:\Users\mosta\AppData\Local\Temp\VMBuilds\TinyBeep_Demo\samd21_custom\Debug/core.a(PluggableUSB.cpp.o)
                0x000040bc                PluggableUSB_::getInterface(unsigned char*)
 .text._ZN13PluggableUSB_13getDescriptorER8USBSetup
                0x000040e6       0x20 C:\Users\mosta\AppData\Local\Temp\VMBuilds\TinyBeep_Demo\samd21_custom\Debug/core.a(PluggableUSB.cpp.o)
                0x000040e6                PluggableUSB_::getDescriptor(USBSetup&)
 .text._ZN13PluggableUSB_12getShortNameEPc
                0x00004106       0x1e C:\Users\mosta\AppData\Local\Temp\VMBuilds\TinyBeep_Demo\samd21_custom\Debug/core.a(PluggableUSB.cpp.o)
                0x00004106                PluggableUSB_::getShortName(char*)
 .text._ZN13PluggableUSB_5setupER8USBSetup
                0x00004124       0x24 C:\Users\mosta\AppData\Local\Temp\VMBuilds\TinyBeep_Demo\samd21_custom\Debug/core.a(PluggableUSB.cpp.o)
                0x00004124                PluggableUSB_::setup(USBSetup&)
 .text._Z12PluggableUSBv
                0x00004148       0x24 C:\Users\mosta\AppData\Local\Temp\VMBuilds\TinyBeep_Demo\samd21_custom\Debug/core.a(PluggableUSB.cpp.o)
                0x00004148                PluggableUSB()
 .text.__aeabi_atexit
                0x0000416c        0xe c:/users/mosta/appdata/local/arduino15/packages/arduino/tools/arm-none-eabi-gcc/4.8.3-2014q1/bin/../lib/gcc/arm-none-eabi/4.8.3/../../../../arm-none-eabi/lib/armv6-m\libstdc++_s.a(atexit_arm.o)
                0x0000416c                __aeabi_atexit
 *fill*         0x0000417a        0x2 
 .text          0x0000417c       0x14 c:/users/mosta/appdata/local/arduino15/packages/arduino/tools/arm-none-eabi-gcc/4.8.3-2014q1/bin/../lib/gcc/arm-none-eabi/4.8.3/armv6-m\libgcc.a(_thumb1_case_uqi.o)
                0x0000417c                __gnu_thumb1_case_uqi
 .text          0x00004190       0x9c c:/users/mosta/appdata/local/arduino15/packages/arduino/tools/arm-none-eabi-gcc/4.8.3-2014q1/bin/../lib/gcc/arm-none-eabi/4.8.3/armv6-m\libgcc.a(_udivsi3.o)
                0x00004190                __aeabi_uidiv
                0x00004190                __udivsi3
                0x00004218                __aeabi_uidivmod
 .text          0x0000422c       0xc0 c:/users/mosta/appdata/local/arduino15/packages/arduino/tools/arm-none-eabi-gcc/4.8.3-2014q1/bin/../lib/gcc/arm-none-eabi/4.8.3/armv6-m\libgcc.a(_divsi3.o)
                0x0000422c                __divsi3
                0x0000422c                __aeabi_idiv
                0x000042d8                __aeabi_idivmod
 .text          0x000042ec        0x4 c:/users/mosta/appdata/local/arduino15/packages/arduino/tools/arm-none-eabi-gcc/4.8.3-2014q1/bin/../lib/gcc/arm-none-eabi/4.8.3/armv6-m\libgcc.a(_dvmd_tls.o)
                0x000042ec                __aeabi_idiv0
                0x000042ec                __aeabi_ldiv0
 .text          0x000042f0       0x48 c:/users/mosta/appdata/local/arduino15/packages/arduino/tools/arm-none-eabi-gcc/4.8.3-2014q1/bin/../lib/gcc/arm-none-eabi/4.8.3/armv6-m\libgcc.a(_aeabi_ldivmod.o)
                0x000042f0                __aeabi_ldivmod
 .text          0x00004338       0x44 c:/users/mosta/appdata/local/arduino15/packages/arduino/tools/arm-none-eabi-gcc/4.8.3-2014q1/bin/../lib/gcc/arm-none-eabi/4.8.3/armv6-m\libgcc.a(_muldi3.o)
                0x00004338                __muldi3
                0x00004338                __aeabi_lmul
 *fill*         0x0000437c        0x4 
 .text          0x00004380       0x70 c:/users/mosta/appdata/local/arduino15/packages/arduino/tools/arm-none-eabi-gcc/4.8.3-2014q1/bin/../lib/gcc/arm-none-eabi/4.8.3/armv6-m\libgcc.a(_floatdisf.o)
                0x00004380                __aeabi_l2f
                0x00004380                __floatdisf
 .text          0x000043f0       0x6c c:/users/mosta/appdata/local/arduino15/packages/arduino/tools/arm-none-eabi-gcc/4.8.3-2014q1/bin/../lib/gcc/arm-none-eabi/4.8.3/armv6-m\libgcc.a(bpabi.o)
                0x000043f0                __gnu_ldivmod_helper
                0x00004428                __gnu_uldivmod_helper
 .text          0x0000445c      0x2c8 c:/users/mosta/appdata/local/arduino15/packages/arduino/tools/arm-none-eabi-gcc/4.8.3-2014q1/bin/../lib/gcc/arm-none-eabi/4.8.3/armv6-m\libgcc.a(addsf3.o)
                0x0000445c                __aeabi_fadd
 .text          0x00004724      0x24c c:/users/mosta/appdata/local/arduino15/packages/arduino/tools/arm-none-eabi-gcc/4.8.3-2014q1/bin/../lib/gcc/arm-none-eabi/4.8.3/armv6-m\libgcc.a(divsf3.o)
                0x00004724                __aeabi_fdiv
 .text          0x00004970      0x254 c:/users/mosta/appdata/local/arduino15/packages/arduino/tools/arm-none-eabi-gcc/4.8.3-2014q1/bin/../lib/gcc/arm-none-eabi/4.8.3/armv6-m\libgcc.a(mulsf3.o)
                0x00004970                __aeabi_fmul
 .text          0x00004bc4      0x2e0 c:/users/mosta/appdata/local/arduino15/packages/arduino/tools/arm-none-eabi-gcc/4.8.3-2014q1/bin/../lib/gcc/arm-none-eabi/4.8.3/armv6-m\libgcc.a(subsf3.o)
                0x00004bc4                __aeabi_fsub
 .text          0x00004ea4       0x40 c:/users/mosta/appdata/local/arduino15/packages/arduino/tools/arm-none-eabi-gcc/4.8.3-2014q1/bin/../lib/gcc/arm-none-eabi/4.8.3/armv6-m\libgcc.a(fixsfsi.o)
                0x00004ea4                __aeabi_f2iz
 .text          0x00004ee4       0xb8 c:/users/mosta/appdata/local/arduino15/packages/arduino/tools/arm-none-eabi-gcc/4.8.3-2014q1/bin/../lib/gcc/arm-none-eabi/4.8.3/armv6-m\libgcc.a(floatsisf.o)
                0x00004ee4                __aeabi_i2f
 .text          0x00004f9c      0x638 c:/users/mosta/appdata/local/arduino15/packages/arduino/tools/arm-none-eabi-gcc/4.8.3-2014q1/bin/../lib/gcc/arm-none-eabi/4.8.3/armv6-m\libgcc.a(adddf3.o)
                0x00004f9c                __aeabi_dadd
 .text          0x000055d4      0x648 c:/users/mosta/appdata/local/arduino15/packages/arduino/tools/arm-none-eabi-gcc/4.8.3-2014q1/bin/../lib/gcc/arm-none-eabi/4.8.3/armv6-m\libgcc.a(divdf3.o)
                0x000055d4                __aeabi_ddiv
 .text          0x00005c1c      0x520 c:/users/mosta/appdata/local/arduino15/packages/arduino/tools/arm-none-eabi-gcc/4.8.3-2014q1/bin/../lib/gcc/arm-none-eabi/4.8.3/armv6-m\libgcc.a(muldf3.o)
                0x00005c1c                __aeabi_dmul
 .text          0x0000613c       0x7c c:/users/mosta/appdata/local/arduino15/packages/arduino/tools/arm-none-eabi-gcc/4.8.3-2014q1/bin/../lib/gcc/arm-none-eabi/4.8.3/armv6-m\libgcc.a(floatsidf.o)
                0x0000613c                __aeabi_i2d
 .text          0x000061b8       0x68 c:/users/mosta/appdata/local/arduino15/packages/arduino/tools/arm-none-eabi-gcc/4.8.3-2014q1/bin/../lib/gcc/arm-none-eabi/4.8.3/armv6-m\libgcc.a(floatunsidf.o)
                0x000061b8                __aeabi_ui2d
 .text          0x00006220       0xa4 c:/users/mosta/appdata/local/arduino15/packages/arduino/tools/arm-none-eabi-gcc/4.8.3-2014q1/bin/../lib/gcc/arm-none-eabi/4.8.3/armv6-m\libgcc.a(extendsfdf2.o)
                0x00006220                __aeabi_f2d
 .text          0x000062c4      0x118 c:/users/mosta/appdata/local/arduino15/packages/arduino/tools/arm-none-eabi-gcc/4.8.3-2014q1/bin/../lib/gcc/arm-none-eabi/4.8.3/armv6-m\libgcc.a(truncdfsf2.o)
                0x000062c4                __aeabi_d2f
 .text          0x000063dc       0x3c c:/users/mosta/appdata/local/arduino15/packages/arduino/tools/arm-none-eabi-gcc/4.8.3-2014q1/bin/../lib/gcc/arm-none-eabi/4.8.3/armv6-m\libgcc.a(_clzsi2.o)
                0x000063dc                __clzsi2
 .text          0x00006418      0x3b8 c:/users/mosta/appdata/local/arduino15/packages/arduino/tools/arm-none-eabi-gcc/4.8.3-2014q1/bin/../lib/gcc/arm-none-eabi/4.8.3/armv6-m\libgcc.a(_divdi3.o)
                0x00006418                __divdi3
 .text          0x000067d0      0x384 c:/users/mosta/appdata/local/arduino15/packages/arduino/tools/arm-none-eabi-gcc/4.8.3-2014q1/bin/../lib/gcc/arm-none-eabi/4.8.3/armv6-m\libgcc.a(_udivdi3.o)
                0x000067d0                __udivdi3
 .text.__cxa_atexit
                0x00006b54       0x20 c:/users/mosta/appdata/local/arduino15/packages/arduino/tools/arm-none-eabi-gcc/4.8.3-2014q1/bin/../lib/gcc/arm-none-eabi/4.8.3/../../../../arm-none-eabi/lib/armv6-m\libc_s.a(lib_a-cxa_atexit.o)
                0x00006b54                __cxa_atexit
 .text.__libc_init_array
                0x00006b74       0x4c c:/users/mosta/appdata/local/arduino15/packages/arduino/tools/arm-none-eabi-gcc/4.8.3-2014q1/bin/../lib/gcc/arm-none-eabi/4.8.3/../../../../arm-none-eabi/lib/armv6-m\libc_s.a(lib_a-init.o)
                0x00006b74                __libc_init_array
 .text.malloc   0x00006bc0       0x14 c:/users/mosta/appdata/local/arduino15/packages/arduino/tools/arm-none-eabi-gcc/4.8.3-2014q1/bin/../lib/gcc/arm-none-eabi/4.8.3/../../../../arm-none-eabi/lib/armv6-m\libc_s.a(lib_a-malloc.o)
                0x00006bc0                malloc
 .text.free     0x00006bd4       0x14 c:/users/mosta/appdata/local/arduino15/packages/arduino/tools/arm-none-eabi-gcc/4.8.3-2014q1/bin/../lib/gcc/arm-none-eabi/4.8.3/../../../../arm-none-eabi/lib/armv6-m\libc_s.a(lib_a-malloc.o)
                0x00006bd4                free
 .text.memcpy   0x00006be8       0x12 c:/users/mosta/appdata/local/arduino15/packages/arduino/tools/arm-none-eabi-gcc/4.8.3-2014q1/bin/../lib/gcc/arm-none-eabi/4.8.3/../../../../arm-none-eabi/lib/armv6-m\libc_s.a(lib_a-memcpy-stub.o)
                0x00006be8                memcpy
 .text.memset   0x00006bfa       0x10 c:/users/mosta/appdata/local/arduino15/packages/arduino/tools/arm-none-eabi-gcc/4.8.3-2014q1/bin/../lib/gcc/arm-none-eabi/4.8.3/../../../../arm-none-eabi/lib/armv6-m\libc_s.a(lib_a-memset.o)
                0x00006bfa                memset
 *fill*         0x00006c0a        0x2 
 .text._free_r  0x00006c0c       0x90 c:/users/mosta/appdata/local/arduino15/packages/arduino/tools/arm-none-eabi-gcc/4.8.3-2014q1/bin/../lib/gcc/arm-none-eabi/4.8.3/../../../../arm-none-eabi/lib/armv6-m\libc_s.a(lib_a-nano-freer.o)
                0x00006c0c                _free_r
 .text._malloc_r
                0x00006c9c       0xa8 c:/users/mosta/appdata/local/arduino15/packages/arduino/tools/arm-none-eabi-gcc/4.8.3-2014q1/bin/../lib/gcc/arm-none-eabi/4.8.3/../../../../arm-none-eabi/lib/armv6-m\libc_s.a(lib_a-nano-mallocr.o)
                0x00006c9c                _malloc_r
 .text._sbrk_r  0x00006d44       0x24 c:/users/mosta/appdata/local/arduino15/packages/arduino/tools/arm-none-eabi-gcc/4.8.3-2014q1/bin/../lib/gcc/arm-none-eabi/4.8.3/../../../../arm-none-eabi/lib/armv6-m\libc_s.a(lib_a-sbrkr.o)
                0x00006d44                _sbrk_r
 .text.strlen   0x00006d68        0xe c:/users/mosta/appdata/local/arduino15/packages/arduino/tools/arm-none-eabi-gcc/4.8.3-2014q1/bin/../lib/gcc/arm-none-eabi/4.8.3/../../../../arm-none-eabi/lib/armv6-m\libc_s.a(lib_a-strlen.o)
                0x00006d68                strlen
 *fill*         0x00006d76        0x2 
 .text._sbrk    0x00006d78       0x34 c:/users/mosta/appdata/local/arduino15/packages/arduino/tools/arm-none-eabi-gcc/4.8.3-2014q1/bin/../lib/gcc/arm-none-eabi/4.8.3/../../../../arm-none-eabi/lib/armv6-m\libnosys.a(sbrk.o)
                0x00006d78                _sbrk
 *(.init)
 .init          0x00006dac        0x4 c:/users/mosta/appdata/local/arduino15/packages/arduino/tools/arm-none-eabi-gcc/4.8.3-2014q1/bin/../lib/gcc/arm-none-eabi/4.8.3/armv6-m/crti.o
                0x00006dac                _init
 .init          0x00006db0        0x8 c:/users/mosta/appdata/local/arduino15/packages/arduino/tools/arm-none-eabi-gcc/4.8.3-2014q1/bin/../lib/gcc/arm-none-eabi/4.8.3/armv6-m/crtn.o
 *(.fini)
 .fini          0x00006db8        0x4 c:/users/mosta/appdata/local/arduino15/packages/arduino/tools/arm-none-eabi-gcc/4.8.3-2014q1/bin/../lib/gcc/arm-none-eabi/4.8.3/armv6-m/crti.o
                0x00006db8                _fini
 .fini          0x00006dbc        0x8 c:/users/mosta/appdata/local/arduino15/packages/arduino/tools/arm-none-eabi-gcc/4.8.3-2014q1/bin/../lib/gcc/arm-none-eabi/4.8.3/armv6-m/crtn.o
 *crtbegin.o(.ctors)
 *crtbegin?.o(.ctors)
 *(EXCLUDE_FILE(*crtend.o *crtend?.o) .ctors)
 *(SORT(.ctors.*))
 *(.ctors)
 *crtbegin.o(.dtors)
 *crtbegin?.o(.dtors)
 *(EXCLUDE_FILE(*crtend.o *crtend?.o) .dtors)
 *(SORT(.dtors.*))
 *(.dtors)
 *(.rodata*)
 .rodata.str1.1
                0x00006dc4       0x25 C:\Users\mosta\AppData\Local\Temp\VMBuilds\TinyBeep_Demo\samd21_custom\Debug\TinyBeep_Demo.cpp.o
 *fill*         0x00006de9        0x3 
 .rodata        0x00006dec       0x1c C:\Users\mosta\AppData\Local\Temp\VMBuilds\TinyBeep_Demo\samd21_custom\Debug\SAMD21Timers.cpp.o
 .rodata._ZTV7TwoWire
                0x00006e08       0x28 C:\Users\mosta\AppData\Local\Temp\VMBuilds\TinyBeep_Demo\samd21_custom\Debug\Wire\Wire.cpp.o
                0x00006e08                vtable for TwoWire
 .rodata.g_APinDescription
                0x00006e30      0x450 C:\Users\mosta\AppData\Local\Temp\VMBCore\arduino16x\2c9312bc90fd2fda3ff842de83d949cf\variant\variant.cpp.o
                0x00006e30                g_APinDescription
 .rodata.str1.1
                0x00007280        0xf C:\Users\mosta\AppData\Local\Temp\VMBuilds\TinyBeep_Demo\samd21_custom\Debug/core.a(Print.cpp.o)
 *fill*         0x0000728f        0x1 
 .rodata._ZTV4Uart
                0x00007290       0x38 C:\Users\mosta\AppData\Local\Temp\VMBuilds\TinyBeep_Demo\samd21_custom\Debug/core.a(Uart.cpp.o)
                0x00007290                vtable for Uart
 .rodata._ZTV26DoubleBufferedEPOutHandler
                0x000072c8       0x20 C:\Users\mosta\AppData\Local\Temp\VMBuilds\TinyBeep_Demo\samd21_custom\Debug/core.a(USBCore.cpp.o)
                0x000072c8                vtable for DoubleBufferedEPOutHandler
 .rodata._ZL19STRING_MANUFACTURER
                0x000072e8        0xc C:\Users\mosta\AppData\Local\Temp\VMBuilds\TinyBeep_Demo\samd21_custom\Debug/core.a(USBCore.cpp.o)
 .rodata._ZL15STRING_LANGUAGE
                0x000072f4        0x4 C:\Users\mosta\AppData\Local\Temp\VMBuilds\TinyBeep_Demo\samd21_custom\Debug/core.a(USBCore.cpp.o)
 .rodata._ZL21USB_DeviceDescriptorB
                0x000072f8       0x12 C:\Users\mosta\AppData\Local\Temp\VMBuilds\TinyBeep_Demo\samd21_custom\Debug/core.a(USBCore.cpp.o)
 .rodata._ZL14STRING_PRODUCT
                0x0000730a        0xd C:\Users\mosta\AppData\Local\Temp\VMBuilds\TinyBeep_Demo\samd21_custom\Debug/core.a(USBCore.cpp.o)
 *fill*         0x00007317        0x1 
 .rodata._ZTV7Serial_
                0x00007318       0x28 C:\Users\mosta\AppData\Local\Temp\VMBuilds\TinyBeep_Demo\samd21_custom\Debug/core.a(CDC.cpp.o)
                0x00007318                vtable for Serial_
 .rodata        0x00007340       0x40 c:/users/mosta/appdata/local/arduino15/packages/arduino/tools/arm-none-eabi-gcc/4.8.3-2014q1/bin/../lib/gcc/arm-none-eabi/4.8.3/armv6-m\libgcc.a(divsf3.o)
 .rodata        0x00007380       0x40 c:/users/mosta/appdata/local/arduino15/packages/arduino/tools/arm-none-eabi-gcc/4.8.3-2014q1/bin/../lib/gcc/arm-none-eabi/4.8.3/armv6-m\libgcc.a(mulsf3.o)
 .rodata        0x000073c0       0x40 c:/users/mosta/appdata/local/arduino15/packages/arduino/tools/arm-none-eabi-gcc/4.8.3-2014q1/bin/../lib/gcc/arm-none-eabi/4.8.3/armv6-m\libgcc.a(divdf3.o)
 .rodata        0x00007400       0x40 c:/users/mosta/appdata/local/arduino15/packages/arduino/tools/arm-none-eabi-gcc/4.8.3-2014q1/bin/../lib/gcc/arm-none-eabi/4.8.3/armv6-m\libgcc.a(muldf3.o)
 .rodata.str1.1
                0x00007440        0x2 c:/users/mosta/appdata/local/arduino15/packages/arduino/tools/arm-none-eabi-gcc/4.8.3-2014q1/bin/../lib/gcc/arm-none-eabi/4.8.3/../../../../arm-none-eabi/lib/armv6-m\libc_s.a(lib_a-impure.o)
 *fill*         0x00007442        0x2 
 .rodata.__sf_fake_stdin
                0x00007444       0x20 c:/users/mosta/appdata/local/arduino15/packages/arduino/tools/arm-none-eabi-gcc/4.8.3-2014q1/bin/../lib/gcc/arm-none-eabi/4.8.3/../../../../arm-none-eabi/lib/armv6-m\libc_s.a(lib_a-findfp.o)
                0x00007444                __sf_fake_stdin
 .rodata.__sf_fake_stdout
                0x00007464       0x20 c:/users/mosta/appdata/local/arduino15/packages/arduino/tools/arm-none-eabi-gcc/4.8.3-2014q1/bin/../lib/gcc/arm-none-eabi/4.8.3/../../../../arm-none-eabi/lib/armv6-m\libc_s.a(lib_a-findfp.o)
                0x00007464                __sf_fake_stdout
 .rodata.__sf_fake_stderr
                0x00007484       0x20 c:/users/mosta/appdata/local/arduino15/packages/arduino/tools/arm-none-eabi-gcc/4.8.3-2014q1/bin/../lib/gcc/arm-none-eabi/4.8.3/../../../../arm-none-eabi/lib/armv6-m\libc_s.a(lib_a-findfp.o)
                0x00007484                __sf_fake_stderr
 *(.eh_frame*)
 .eh_frame      0x000074a4        0x0 c:/users/mosta/appdata/local/arduino15/packages/arduino/tools/arm-none-eabi-gcc/4.8.3-2014q1/bin/../lib/gcc/arm-none-eabi/4.8.3/armv6-m/crtbegin.o
 .eh_frame      0x000074a4        0x4 c:/users/mosta/appdata/local/arduino15/packages/arduino/tools/arm-none-eabi-gcc/4.8.3-2014q1/bin/../lib/gcc/arm-none-eabi/4.8.3/armv6-m/crtend.o

.glue_7         0x000074a8        0x0
 .glue_7        0x00000000        0x0 linker stubs

.glue_7t        0x000074a8        0x0
 .glue_7t       0x00000000        0x0 linker stubs

.vfp11_veneer   0x000074a8        0x0
 .vfp11_veneer  0x00000000        0x0 linker stubs

.v4_bx          0x000074a8        0x0
 .v4_bx         0x00000000        0x0 linker stubs

.iplt           0x000074a8        0x0
 .iplt          0x00000000        0x0 c:/users/mosta/appdata/local/arduino15/packages/arduino/tools/arm-none-eabi-gcc/4.8.3-2014q1/bin/../lib/gcc/arm-none-eabi/4.8.3/armv6-m/crtbegin.o

.ARM.extab
 *(.ARM.extab* .gnu.linkonce.armextab.*)
                0x000074a8                __exidx_start = .

.ARM.exidx      0x000074a8        0x8
 *(.ARM.exidx* .gnu.linkonce.armexidx.*)
 .ARM.exidx     0x000074a8        0x8 c:/users/mosta/appdata/local/arduino15/packages/arduino/tools/arm-none-eabi-gcc/4.8.3-2014q1/bin/../lib/gcc/arm-none-eabi/4.8.3/armv6-m\libgcc.a(_divdi3.o)
 .ARM.exidx     0x000074b0        0x0 c:/users/mosta/appdata/local/arduino15/packages/arduino/tools/arm-none-eabi-gcc/4.8.3-2014q1/bin/../lib/gcc/arm-none-eabi/4.8.3/armv6-m\libgcc.a(_udivdi3.o)
                                  0x8 (size before relaxing)
                0x000074b0                __exidx_end = .
                0x000074b0                __etext = .

.rel.dyn        0x000074b0        0x0
 .rel.iplt      0x00000000        0x0 c:/users/mosta/appdata/local/arduino15/packages/arduino/tools/arm-none-eabi-gcc/4.8.3-2014q1/bin/../lib/gcc/arm-none-eabi/4.8.3/armv6-m/crtbegin.o

.data           0x20000000      0x120 load address 0x000074b0
                0x20000000                __data_start__ = .
 *(vtable)
 *(.data*)
 .data          0x20000000        0x4 c:/users/mosta/appdata/local/arduino15/packages/arduino/tools/arm-none-eabi-gcc/4.8.3-2014q1/bin/../lib/gcc/arm-none-eabi/4.8.3/armv6-m/crtbegin.o
                0x20000000                __dso_handle
 .data.updateDelayVal
                0x20000004        0x1 C:\Users\mosta\AppData\Local\Temp\VMBuilds\TinyBeep_Demo\samd21_custom\Debug\TinyBeep_Demo.cpp.o
                0x20000004                updateDelayVal
 *fill*         0x20000005        0x3 
 .data.SystemCoreClock
                0x20000008        0x4 C:\Users\mosta\AppData\Local\Temp\VMBuilds\TinyBeep_Demo\samd21_custom\Debug/core.a(wiring.c.o)
                0x20000008                SystemCoreClock
 .data._ZL5ticks
                0x2000000c        0x4 C:\Users\mosta\AppData\Local\Temp\VMBuilds\TinyBeep_Demo\samd21_custom\Debug/core.a(Reset.cpp.o)
 .data.EndPoints
                0x20000010       0x28 C:\Users\mosta\AppData\Local\Temp\VMBuilds\TinyBeep_Demo\samd21_custom\Debug/core.a(USBCore.cpp.o)
                0x20000010                EndPoints
 .data._ZL12_usbLineInfo
                0x20000038        0x8 C:\Users\mosta\AppData\Local\Temp\VMBuilds\TinyBeep_Demo\samd21_custom\Debug/core.a(CDC.cpp.o)
 .data._ZL10breakValue
                0x20000040        0x4 C:\Users\mosta\AppData\Local\Temp\VMBuilds\TinyBeep_Demo\samd21_custom\Debug/core.a(CDC.cpp.o)
 .data._ZL13_cdcInterface
                0x20000044       0x42 C:\Users\mosta\AppData\Local\Temp\VMBuilds\TinyBeep_Demo\samd21_custom\Debug/core.a(CDC.cpp.o)
 *fill*         0x20000086        0x2 
 .data._serialPeek
                0x20000088        0x4 C:\Users\mosta\AppData\Local\Temp\VMBuilds\TinyBeep_Demo\samd21_custom\Debug/core.a(CDC.cpp.o)
                0x20000088                _serialPeek
 .data.impure_data
                0x2000008c       0x60 c:/users/mosta/appdata/local/arduino15/packages/arduino/tools/arm-none-eabi-gcc/4.8.3-2014q1/bin/../lib/gcc/arm-none-eabi/4.8.3/../../../../arm-none-eabi/lib/armv6-m\libc_s.a(lib_a-impure.o)
 .data._impure_ptr
                0x200000ec        0x4 c:/users/mosta/appdata/local/arduino15/packages/arduino/tools/arm-none-eabi-gcc/4.8.3-2014q1/bin/../lib/gcc/arm-none-eabi/4.8.3/../../../../arm-none-eabi/lib/armv6-m\libc_s.a(lib_a-impure.o)
                0x200000ec                _impure_ptr
                0x200000f0                . = ALIGN (0x4)
                0x200000f0                PROVIDE (__preinit_array_start, .)
 *(.preinit_array)
                0x200000f0                PROVIDE (__preinit_array_end, .)
                0x200000f0                . = ALIGN (0x4)
                0x200000f0                PROVIDE (__init_array_start, .)
 *(SORT(.init_array.*))
 *(.init_array)
 .init_array    0x200000f0        0x4 c:/users/mosta/appdata/local/arduino15/packages/arduino/tools/arm-none-eabi-gcc/4.8.3-2014q1/bin/../lib/gcc/arm-none-eabi/4.8.3/armv6-m/crtbegin.o
 .init_array    0x200000f4        0x4 C:\Users\mosta\AppData\Local\Temp\VMBuilds\TinyBeep_Demo\samd21_custom\Debug\TinyBeep_Demo.cpp.o
 .init_array    0x200000f8        0x4 C:\Users\mosta\AppData\Local\Temp\VMBuilds\TinyBeep_Demo\samd21_custom\Debug\Wire\Wire.cpp.o
 .init_array    0x200000fc        0x4 C:\Users\mosta\AppData\Local\Temp\VMBuilds\TinyBeep_Demo\samd21_custom\Debug\SPI\SPI.cpp.o
 .init_array    0x20000100        0x4 C:\Users\mosta\AppData\Local\Temp\VMBCore\arduino16x\2c9312bc90fd2fda3ff842de83d949cf\variant\variant.cpp.o
 .init_array    0x20000104        0x4 C:\Users\mosta\AppData\Local\Temp\VMBuilds\TinyBeep_Demo\samd21_custom\Debug/core.a(USBCore.cpp.o)
 .init_array    0x20000108        0x4 C:\Users\mosta\AppData\Local\Temp\VMBuilds\TinyBeep_Demo\samd21_custom\Debug/core.a(CDC.cpp.o)
                0x2000010c                PROVIDE (__init_array_end, .)
                0x2000010c                . = ALIGN (0x4)
                0x2000010c                PROVIDE (__fini_array_start, .)
 *(SORT(.fini_array.*))
 *(.fini_array)
 .fini_array    0x2000010c        0x4 c:/users/mosta/appdata/local/arduino15/packages/arduino/tools/arm-none-eabi-gcc/4.8.3-2014q1/bin/../lib/gcc/arm-none-eabi/4.8.3/armv6-m/crtbegin.o
                0x20000110                PROVIDE (__fini_array_end, .)
 *(.jcr*)
 .jcr           0x20000110        0x0 c:/users/mosta/appdata/local/arduino15/packages/arduino/tools/arm-none-eabi-gcc/4.8.3-2014q1/bin/../lib/gcc/arm-none-eabi/4.8.3/armv6-m/crtbegin.o
 .jcr           0x20000110        0x4 c:/users/mosta/appdata/local/arduino15/packages/arduino/tools/arm-none-eabi-gcc/4.8.3-2014q1/bin/../lib/gcc/arm-none-eabi/4.8.3/armv6-m/crtend.o
                0x20000120                . = ALIGN (0x10)
 *fill*         0x20000114        0xc 
                0x20000120                __data_end__ = .

.igot.plt       0x20000120        0x0 load address 0x000075d0
 .igot.plt      0x00000000        0x0 c:/users/mosta/appdata/local/arduino15/packages/arduino/tools/arm-none-eabi-gcc/4.8.3-2014q1/bin/../lib/gcc/arm-none-eabi/4.8.3/armv6-m/crtbegin.o

.bss            0x20000120     0x108c load address 0x000075d0
                0x20000120                . = ALIGN (0x4)
                0x20000120                __bss_start__ = .
 *(.bss*)
 .bss           0x20000120       0x1c c:/users/mosta/appdata/local/arduino15/packages/arduino/tools/arm-none-eabi-gcc/4.8.3-2014q1/bin/../lib/gcc/arm-none-eabi/4.8.3/armv6-m/crtbegin.o
 .bss.T4        0x2000013c        0x8 C:\Users\mosta\AppData\Local\Temp\VMBuilds\TinyBeep_Demo\samd21_custom\Debug\TinyBeep_Demo.cpp.o
                0x2000013c                T4
 .bss.taskFlag2
                0x20000144        0x1 C:\Users\mosta\AppData\Local\Temp\VMBuilds\TinyBeep_Demo\samd21_custom\Debug\TinyBeep_Demo.cpp.o
                0x20000144                taskFlag2
 *fill*         0x20000145        0x1 
 .bss.myIMU     0x20000146       0x24 C:\Users\mosta\AppData\Local\Temp\VMBuilds\TinyBeep_Demo\samd21_custom\Debug\TinyBeep_Demo.cpp.o
                0x20000146                myIMU
 *fill*         0x2000016a        0x2 
 .bss.LPF_tone  0x2000016c        0x8 C:\Users\mosta\AppData\Local\Temp\VMBuilds\TinyBeep_Demo\samd21_custom\Debug\TinyBeep_Demo.cpp.o
                0x2000016c                LPF_tone
 .bss.BMESensor
                0x20000174       0x30 C:\Users\mosta\AppData\Local\Temp\VMBuilds\TinyBeep_Demo\samd21_custom\Debug\TinyBeep_Demo.cpp.o
                0x20000174                BMESensor
 .bss.delayTimeStart
                0x200001a4        0x4 C:\Users\mosta\AppData\Local\Temp\VMBuilds\TinyBeep_Demo\samd21_custom\Debug\TinyBeep_Demo.cpp.o
                0x200001a4                delayTimeStart
 .bss.LPF_low   0x200001a8        0x8 C:\Users\mosta\AppData\Local\Temp\VMBuilds\TinyBeep_Demo\samd21_custom\Debug\TinyBeep_Demo.cpp.o
                0x200001a8                LPF_low
 .bss.ddsAcc    0x200001b0        0x4 C:\Users\mosta\AppData\Local\Temp\VMBuilds\TinyBeep_Demo\samd21_custom\Debug\TinyBeep_Demo.cpp.o
                0x200001b0                ddsAcc
 .bss.beepON    0x200001b4        0x1 C:\Users\mosta\AppData\Local\Temp\VMBuilds\TinyBeep_Demo\samd21_custom\Debug\TinyBeep_Demo.cpp.o
                0x200001b4                beepON
 *fill*         0x200001b5        0x3 
 .bss.LPF_high  0x200001b8        0x8 C:\Users\mosta\AppData\Local\Temp\VMBuilds\TinyBeep_Demo\samd21_custom\Debug\TinyBeep_Demo.cpp.o
                0x200001b8                LPF_high
 .bss.genCounter
                0x200001c0        0x4 C:\Users\mosta\AppData\Local\Temp\VMBuilds\TinyBeep_Demo\samd21_custom\Debug\TinyBeep_Demo.cpp.o
                0x200001c0                genCounter
 .bss.T5        0x200001c4        0x8 C:\Users\mosta\AppData\Local\Temp\VMBuilds\TinyBeep_Demo\samd21_custom\Debug\TinyBeep_Demo.cpp.o
                0x200001c4                T5
 .bss.ledState  0x200001cc        0x1 C:\Users\mosta\AppData\Local\Temp\VMBuilds\TinyBeep_Demo\samd21_custom\Debug\TinyBeep_Demo.cpp.o
                0x200001cc                ledState
 *fill*         0x200001cd        0x3 
 .bss.timerCapture
                0x200001d0        0x4 C:\Users\mosta\AppData\Local\Temp\VMBuilds\TinyBeep_Demo\samd21_custom\Debug\TinyBeep_Demo.cpp.o
                0x200001d0                timerCapture
 .bss.delayTimeON
                0x200001d4        0x4 C:\Users\mosta\AppData\Local\Temp\VMBuilds\TinyBeep_Demo\samd21_custom\Debug\TinyBeep_Demo.cpp.o
                0x200001d4                delayTimeON
 .bss.MstrData  0x200001d8       0x20 C:\Users\mosta\AppData\Local\Temp\VMBuilds\TinyBeep_Demo\samd21_custom\Debug\TinyBeep_Demo.cpp.o
                0x200001d8                MstrData
 .bss.ledISRState
                0x200001f8        0x1 C:\Users\mosta\AppData\Local\Temp\VMBuilds\TinyBeep_Demo\samd21_custom\Debug\TinyBeep_Demo.cpp.o
                0x200001f8                ledISRState
 .bss.taskFlag1
                0x200001f9        0x1 C:\Users\mosta\AppData\Local\Temp\VMBuilds\TinyBeep_Demo\samd21_custom\Debug\TinyBeep_Demo.cpp.o
                0x200001f9                taskFlag1
 .bss.taskFlagButton
                0x200001fa        0x1 C:\Users\mosta\AppData\Local\Temp\VMBuilds\TinyBeep_Demo\samd21_custom\Debug\TinyBeep_Demo.cpp.o
                0x200001fa                taskFlagButton
 *fill*         0x200001fb        0x1 
 .bss.toneFreq  0x200001fc        0x4 C:\Users\mosta\AppData\Local\Temp\VMBuilds\TinyBeep_Demo\samd21_custom\Debug\TinyBeep_Demo.cpp.o
                0x200001fc                toneFreq
 .bss.Serial2   0x20000200      0x23c C:\Users\mosta\AppData\Local\Temp\VMBuilds\TinyBeep_Demo\samd21_custom\Debug\TinyBeep_Demo.cpp.o
                0x20000200                Serial2
 .bss.delayTimeOFF
                0x2000043c        0x4 C:\Users\mosta\AppData\Local\Temp\VMBuilds\TinyBeep_Demo\samd21_custom\Debug\TinyBeep_Demo.cpp.o
                0x2000043c                delayTimeOFF
 .bss.Wire      0x20000440      0x234 C:\Users\mosta\AppData\Local\Temp\VMBuilds\TinyBeep_Demo\samd21_custom\Debug\Wire\Wire.cpp.o
                0x20000440                Wire
 .bss._ZL20DEFAULT_SPI_SETTINGS
                0x20000674        0x8 C:\Users\mosta\AppData\Local\Temp\VMBuilds\TinyBeep_Demo\samd21_custom\Debug\SPI\SPI.cpp.o
 .bss.SPI       0x2000067c       0x10 C:\Users\mosta\AppData\Local\Temp\VMBuilds\TinyBeep_Demo\samd21_custom\Debug\SPI\SPI.cpp.o
                0x2000067c                SPI
 .bss.Serial    0x2000068c      0x23c C:\Users\mosta\AppData\Local\Temp\VMBCore\arduino16x\2c9312bc90fd2fda3ff842de83d949cf\variant\variant.cpp.o
                0x2000068c                Serial
 .bss.Serial1   0x200008c8      0x23c C:\Users\mosta\AppData\Local\Temp\VMBCore\arduino16x\2c9312bc90fd2fda3ff842de83d949cf\variant\variant.cpp.o
                0x200008c8                Serial1
 .bss.sercom3   0x20000b04        0x4 C:\Users\mosta\AppData\Local\Temp\VMBCore\arduino16x\2c9312bc90fd2fda3ff842de83d949cf\variant\variant.cpp.o
                0x20000b04                sercom3
 .bss.sercom0   0x20000b08        0x4 C:\Users\mosta\AppData\Local\Temp\VMBCore\arduino16x\2c9312bc90fd2fda3ff842de83d949cf\variant\variant.cpp.o
                0x20000b08                sercom0
 .bss.sercom1   0x20000b0c        0x4 C:\Users\mosta\AppData\Local\Temp\VMBCore\arduino16x\2c9312bc90fd2fda3ff842de83d949cf\variant\variant.cpp.o
                0x20000b0c                sercom1
 .bss.sercom2   0x20000b10        0x4 C:\Users\mosta\AppData\Local\Temp\VMBCore\arduino16x\2c9312bc90fd2fda3ff842de83d949cf\variant\variant.cpp.o
                0x20000b10                sercom2
 .bss.sercom4   0x20000b14        0x4 C:\Users\mosta\AppData\Local\Temp\VMBCore\arduino16x\2c9312bc90fd2fda3ff842de83d949cf\variant\variant.cpp.o
                0x20000b14                sercom4
 .bss.sercom5   0x20000b18        0x4 C:\Users\mosta\AppData\Local\Temp\VMBCore\arduino16x\2c9312bc90fd2fda3ff842de83d949cf\variant\variant.cpp.o
                0x20000b18                sercom5
 .bss.usb_isr   0x20000b1c        0x4 C:\Users\mosta\AppData\Local\Temp\VMBuilds\TinyBeep_Demo\samd21_custom\Debug/core.a(cortex_handlers.c.o)
 .bss._ulTickCount
                0x20000b20        0x4 C:\Users\mosta\AppData\Local\Temp\VMBuilds\TinyBeep_Demo\samd21_custom\Debug/core.a(delay.c.o)
 .bss.ISRcallback
                0x20000b24       0x44 C:\Users\mosta\AppData\Local\Temp\VMBuilds\TinyBeep_Demo\samd21_custom\Debug/core.a(WInterrupts.c.o)